115.236.52.66 - - [05/Dec/2016:01:04:50 +0000] "GET /favicon.ico HTTP/1.1" 200 238 "http://nubi.me/wp-admin/themes.php" "Mozilla/5.0 (Windows NT 10.0; WOW64) AppleWebKit/537.36 (KHTML, like Gecko) Chrome/50.0.2661.102 UBrowser/5.7.16400.12 Safari/537.36"
115.236.52.66 - - [05/Dec/2016:01:04:54 +0000] "GET / HTTP/1.1" 200 13494 "http://nubi.me/wp-admin/themes.php" "Mozilla/5.0 (Windows NT 10.0; WOW64) AppleWebKit/537.36 (KHTML, like Gecko) Chrome/50.0.2661.102 UBrowser/5.7.16400.12 Safari/537.36"
115.236.52.66 - - [05/Dec/2016:01:04:55 +0000] "GET /favicon.ico HTTP/1.1" 200 238 "http://nubi.me/" "Mozilla/5.0 (Windows NT 10.0; WOW64) AppleWebKit/537.36 (KHTML, like Gecko) Chrome/50.0.2661.102 UBrowser/5.7.16400.12 Safari/537.36"
40.77.167.5 - - [05/Dec/2016:01:05:18 +0000] "GET /2016/01/12/ HTTP/1.1" 200 6502 "-" "Mozilla/5.0 (iPhone; CPU iPhone OS 7_0 like Mac OS X) AppleWebKit/537.51.1 (KHTML, like Gecko) Version/7.0 Mobile/11A465 Safari/9537.53 (compatible; bingbot/2.0; +http://www.bing.com/bingbot.htm)"
115.236.52.66 - - [05/Dec/2016:01:10:24 +0000] "GET / HTTP/1.1" 200 13495 "-" "Mozilla/5.0 (Windows NT 10.0; WOW64) AppleWebKit/537.36 (KHTML, like Gecko) Chrome/50.0.2661.102 UBrowser/5.7.16400.12 Safari/537.36"
115.236.52.66 - - [05/Dec/2016:01:10:24 +0000] "GET / HTTP/1.1" 200 13495 "-" "Mozilla/5.0 (Windows NT 10.0; WOW64) AppleWebKit/537.36 (KHTML, like Gecko) Chrome/50.0.2661.102 UBrowser/5.7.16400.12 Safari/537.36"
115.236.52.66 - - [05/Dec/2016:01:10:27 +0000] "GET /favicon.ico HTTP/1.1" 200 238 "http://nubi.me/" "Mozilla/5.0 (Windows NT 10.0; WOW64) AppleWebKit/537.36 (KHTML, like Gecko) Chrome/50.0.2661.102 UBrowser/5.7.16400.12 Safari/537.36"
115.236.52.66 - - [05/Dec/2016:01:10:34 +0000] "GET /page/2/ HTTP/1.1" 200 13045 "http://nubi.me/" "Mozilla/5.0 (Windows NT 10.0; WOW64) AppleWebKit/537.36 (KHTML, like Gecko) Chrome/50.0.2661.102 UBrowser/5.7.16400.12 Safari/537.36"
180.153.206.21 - - [05/Dec/2016:01:10:36 +0000] "GET / HTTP/1.1" 200 11825 "-" "Mozilla/5.0 (compatible; MSIE 9.0; Windows NT 6.1; WOW64; Trident/5.0)"
180.153.206.21 - - [05/Dec/2016:01:10:36 +0000] "GET /wp-includes/js/jquery/jquery.js?ver=1.12.4 HTTP/1.1" 200 34118 "http://nubi.me/" "Mozilla/5.0 (compatible; MSIE 9.0; Windows NT 6.1; WOW64; Trident/5.0)"
180.153.206.21 - - [05/Dec/2016:01:10:36 +0000] "GET /wp-includes/js/jquery/jquery-migrate.min.js?ver=1.4.1 HTTP/1.1" 200 4364 "http://nubi.me/" "Mozilla/5.0 (compatible; MSIE 9.0; Windows NT 6.1; WOW64; Trident/5.0)"
180.153.206.21 - - [05/Dec/2016:01:10:37 +0000] "GET /wp-content/themes/great/js/jquery.fitvids.js?ver=4.6.1 HTTP/1.1" 200 1453 "http://nubi.me/" "Mozilla/5.0 (compatible; MSIE 9.0; Windows NT 6.1; Trident/5.0)"
180.153.206.21 - - [05/Dec/2016:01:10:37 +0000] "GET /wp-content/themes/great/js/fitvids-doc-ready.js?ver=4.6.1 HTTP/1.1" 200 493 "http://nubi.me/" "Mozilla/5.0 (Windows NT 5.1) AppleWebKit/537.36 (KHTML, like Gecko) Chrome/45.0.2454.101 Safari/537.36"
180.153.206.21 - - [05/Dec/2016:01:10:37 +0000] "GET /wp-content/themes/great/js/base.js?ver=4.6.1 HTTP/1.1" 200 1005 "http://nubi.me/" "Mozilla/5.0 (Windows NT 5.1) AppleWebKit/537.36 (KHTML, like Gecko) Chrome/45.0.2454.101 Safari/537.36"
180.153.206.21 - - [05/Dec/2016:01:10:38 +0000] "GET /wp-content/themes/great/js/skip-link-focus-fix.js?ver=20130115 HTTP/1.1" 200 727 "http://nubi.me/" "Mozilla/5.0 (compatible; MSIE 9.0; Windows NT 6.1; WOW64; Trident/5.0)"
180.153.206.21 - - [05/Dec/2016:01:10:38 +0000] "GET /wp-content/themes/great/js/jquery.cycle.all.min.js?ver=2.9999.5 HTTP/1.1" 200 8835 "http://nubi.me/" "Mozilla/5.0 (Windows NT 5.1) AppleWebKit/537.36 (KHTML, like Gecko) Chrome/45.0.2454.101 Safari/537.36"
180.153.206.21 - - [05/Dec/2016:01:10:38 +0000] "GET /wp-content/themes/great/js/slider-setting.js?ver=4.6.1 HTTP/1.1" 200 685 "http://nubi.me/" "Mozilla/5.0 (Windows NT 5.1) AppleWebKit/537.36 (KHTML, like Gecko) Chrome/45.0.2454.101 Safari/537.36"
180.153.206.21 - - [05/Dec/2016:01:10:38 +0000] "GET /wp-includes/js/wp-embed.min.js?ver=4.6.1 HTTP/1.1" 200 1098 "http://nubi.me/" "Mozilla/5.0 (Windows NT 5.1) AppleWebKit/537.36 (KHTML, like Gecko) Chrome/45.0.2454.101 Safari/537.36"
115.236.52.66 - - [05/Dec/2016:01:10:44 +0000] "GET /favicon.ico HTTP/1.1" 200 239 "http://nubi.me/page/2/" "Mozilla/5.0 (Windows NT 10.0; WOW64) AppleWebKit/537.36 (KHTML, like Gecko) Chrome/50.0.2661.102 UBrowser/5.7.16400.12 Safari/537.36"
115.236.52.66 - - [05/Dec/2016:01:10:52 +0000] "GET / HTTP/1.1" 200 13495 "http://nubi.me/page/2/" "Mozilla/5.0 (Windows NT 10.0; WOW64) AppleWebKit/537.36 (KHTML, like Gecko) Chrome/50.0.2661.102 UBrowser/5.7.16400.12 Safari/537.36"
115.236.52.66 - - [05/Dec/2016:01:11:09 +0000] "GET /favicon.ico HTTP/1.1" 200 239 "http://nubi.me/" "Mozilla/5.0 (Windows NT 10.0; WOW64) AppleWebKit/537.36 (KHTML, like Gecko) Chrome/50.0.2661.102 UBrowser/5.7.16400.12 Safari/537.36"
14.106.227.122 - - [05/Dec/2016:01:16:26 +0000] "GET /2016/05/31/%e6%80%bb%e6%83%b3%e6%8a%98%e8%85%be%e7%82%b9%e5%95%a5/ HTTP/1.0" 200 25252 "http://nubi.me/2016/05/31/%e6%80%bb%e6%83%b3%e6%8a%98%e8%85%be%e7%82%b9%e5%95%a5/#comment-8179" "Mozilla/5.0 (Windows NT 6.3; WOW64) AppleWebKit/537.36 (KHTML, like Gecko) Chrome/41.0.2272.101 Safari/537.36"
14.106.227.122 - - [05/Dec/2016:01:16:27 +0000] "POST /wp-comments-post.php HTTP/1.0" 500 3889 "http://nubi.me/2016/05/31/%e6%80%bb%e6%83%b3%e6%8a%98%e8%85%be%e7%82%b9%e5%95%a5/#comment-8179" "Mozilla/5.0 (Windows NT 6.3; WOW64) AppleWebKit/537.36 (KHTML, like Gecko) Chrome/41.0.2272.101 Safari/537.36"
14.106.227.122 - - [05/Dec/2016:01:16:28 +0000] "GET /2016/05/31/%e6%80%bb%e6%83%b3%e6%8a%98%e8%85%be%e7%82%b9%e5%95%a5/ HTTP/1.0" 200 25252 "http://nubi.me/2016/05/31/%e6%80%bb%e6%83%b3%e6%8a%98%e8%85%be%e7%82%b9%e5%95%a5/#comment-8179" "Mozilla/5.0 (Windows NT 6.3; WOW64) AppleWebKit/537.36 (KHTML, like Gecko) Chrome/41.0.2272.101 Safari/537.36"
195.162.4.141 - - [05/Dec/2016:01:19:50 +0000] "GET /2016/08/03/ubuntu16-04-php7-0%E7%8E%AF%E5%A2%83%E6%90%AD%E5%BB%BA/ HTTP/1.0" 200 7492 "-" "Mozilla/5.0 (Macintosh; Intel Mac OS X 10.10; rv:34.0) Gecko/20100101 Firefox/34.0"
66.249.65.172 - - [05/Dec/2016:01:21:15 +0000] "GET /2016/07/ HTTP/1.1" 200 7840 "-" "Mozilla/5.0 (Linux; Android 6.0.1; Nexus 5X Build/MMB29P) AppleWebKit/537.36 (KHTML, like Gecko) Chrome/41.0.2272.96 Mobile Safari/537.36 (compatible; Googlebot/2.1; +http://www.google.com/bot.html)"
218.205.56.220 - - [05/Dec/2016:01:22:26 +0000] "GET / HTTP/1.1" 200 11825 "-" "Mozilla/5.0 (Windows NT 10.0; WOW64) AppleWebKit/537.36 (KHTML, like Gecko) Chrome/54.0.2840.99 Safari/537.36"
218.205.56.220 - - [05/Dec/2016:01:22:26 +0000] "GET /wp-content/themes/great/font-awesome/css/font-awesome.min.css?ver=4.6.1 HTTP/1.1" 200 5779 "http://nubi.me/" "Mozilla/5.0 (Windows NT 10.0; WOW64) AppleWebKit/537.36 (KHTML, like Gecko) Chrome/54.0.2840.99 Safari/537.36"
218.205.56.220 - - [05/Dec/2016:01:22:26 +0000] "GET /wp-content/themes/great/style.css?ver=4.6.1 HTTP/1.1" 200 11491 "http://nubi.me/" "Mozilla/5.0 (Windows NT 10.0; WOW64) AppleWebKit/537.36 (KHTML, like Gecko) Chrome/54.0.2840.99 Safari/537.36"
218.205.56.220 - - [05/Dec/2016:01:22:26 +0000] "GET /wp-content/plugins/wp-stats/stats-css.css?ver=2.50 HTTP/1.1" 200 764 "http://nubi.me/" "Mozilla/5.0 (Windows NT 10.0; WOW64) AppleWebKit/537.36 (KHTML, like Gecko) Chrome/54.0.2840.99 Safari/537.36"
218.205.56.220 - - [05/Dec/2016:01:22:26 +0000] "GET /wp-includes/js/jquery/jquery.js?ver=1.12.4 HTTP/1.1" 200 34119 "http://nubi.me/" "Mozilla/5.0 (Windows NT 10.0; WOW64) AppleWebKit/537.36 (KHTML, like Gecko) Chrome/54.0.2840.99 Safari/537.36"
218.205.56.220 - - [05/Dec/2016:01:22:26 +0000] "GET /wp-includes/js/jquery/jquery-migrate.min.js?ver=1.4.1 HTTP/1.1" 200 4365 "http://nubi.me/" "Mozilla/5.0 (Windows NT 10.0; WOW64) AppleWebKit/537.36 (KHTML, like Gecko) Chrome/54.0.2840.99 Safari/537.36"
218.205.56.220 - - [05/Dec/2016:01:22:26 +0000] "GET /wp-content/themes/great/js/jquery.fitvids.js?ver=4.6.1 HTTP/1.1" 200 1453 "http://nubi.me/" "Mozilla/5.0 (Windows NT 10.0; WOW64) AppleWebKit/537.36 (KHTML, like Gecko) Chrome/54.0.2840.99 Safari/537.36"
218.205.56.220 - - [05/Dec/2016:01:22:26 +0000] "GET /wp-content/themes/great/js/fitvids-doc-ready.js?ver=4.6.1 HTTP/1.1" 200 493 "http://nubi.me/" "Mozilla/5.0 (Windows NT 10.0; WOW64) AppleWebKit/537.36 (KHTML, like Gecko) Chrome/54.0.2840.99 Safari/537.36"
218.205.56.220 - - [05/Dec/2016:01:22:26 +0000] "GET /wp-content/themes/great/js/base.js?ver=4.6.1 HTTP/1.1" 200 1005 "http://nubi.me/" "Mozilla/5.0 (Windows NT 10.0; WOW64) AppleWebKit/537.36 (KHTML, like Gecko) Chrome/54.0.2840.99 Safari/537.36"
218.205.56.220 - - [05/Dec/2016:01:22:26 +0000] "GET /wp-content/themes/great/js/skip-link-focus-fix.js?ver=20130115 HTTP/1.1" 200 727 "http://nubi.me/" "Mozilla/5.0 (Windows NT 10.0; WOW64) AppleWebKit/537.36 (KHTML, like Gecko) Chrome/54.0.2840.99 Safari/537.36"
218.205.56.220 - - [05/Dec/2016:01:22:27 +0000] "GET /wp-content/themes/great/js/jquery.cycle.all.min.js?ver=2.9999.5 HTTP/1.1" 200 8835 "http://nubi.me/" "Mozilla/5.0 (Windows NT 10.0; WOW64) AppleWebKit/537.36 (KHTML, like Gecko) Chrome/54.0.2840.99 Safari/537.36"
218.205.56.220 - - [05/Dec/2016:01:22:27 +0000] "GET /wp-content/themes/great/js/slider-setting.js?ver=4.6.1 HTTP/1.1" 200 685 "http://nubi.me/" "Mozilla/5.0 (Windows NT 10.0; WOW64) AppleWebKit/537.36 (KHTML, like Gecko) Chrome/54.0.2840.99 Safari/537.36"
218.205.56.220 - - [05/Dec/2016:01:22:27 +0000] "GET /wp-includes/js/wp-embed.min.js?ver=4.6.1 HTTP/1.1" 200 1098 "http://nubi.me/" "Mozilla/5.0 (Windows NT 10.0; WOW64) AppleWebKit/537.36 (KHTML, like Gecko) Chrome/54.0.2840.99 Safari/537.36"
218.205.56.220 - - [05/Dec/2016:01:22:27 +0000] "GET /wp-includes/js/wp-emoji-release.min.js?ver=4.6.1 HTTP/1.1" 200 4362 "http://nubi.me/" "Mozilla/5.0 (Windows NT 10.0; WOW64) AppleWebKit/537.36 (KHTML, like Gecko) Chrome/54.0.2840.99 Safari/537.36"
218.205.56.220 - - [05/Dec/2016:01:22:30 +0000] "GET /wp-content/themes/great/images/bg.jpg HTTP/1.1" 200 12338 "http://nubi.me/" "Mozilla/5.0 (Windows NT 10.0; WOW64) AppleWebKit/537.36 (KHTML, like Gecko) Chrome/54.0.2840.99 Safari/537.36"
218.205.56.220 - - [05/Dec/2016:01:22:30 +0000] "GET /wp-content/themes/great/font-awesome/fonts/fontawesome-webfont.woff2?v=4.3.0 HTTP/1.1" 200 57041 "http://nubi.me/wp-content/themes/great/font-awesome/css/font-awesome.min.css?ver=4.6.1" "Mozilla/5.0 (Windows NT 10.0; WOW64) AppleWebKit/537.36 (KHTML, like Gecko) Chrome/54.0.2840.99 Safari/537.36"
218.205.56.220 - - [05/Dec/2016:01:22:30 +0000] "GET /wp-content/themes/great/images/divider.png HTTP/1.1" 200 3640 "http://nubi.me/wp-content/themes/great/style.css?ver=4.6.1" "Mozilla/5.0 (Windows NT 10.0; WOW64) AppleWebKit/537.36 (KHTML, like Gecko) Chrome/54.0.2840.99 Safari/537.36"
218.205.56.220 - - [05/Dec/2016:01:22:30 +0000] "GET /wp-content/themes/great/images/menu_bg.png HTTP/1.1" 200 4331 "http://nubi.me/wp-content/themes/great/style.css?ver=4.6.1" "Mozilla/5.0 (Windows NT 10.0; WOW64) AppleWebKit/537.36 (KHTML, like Gecko) Chrome/54.0.2840.99 Safari/537.36"
::1 - - [05/Dec/2016:01:22:35 +0000] "OPTIONS * HTTP/1.0" 200 125 "-" "Apache/2.4.7 (Ubuntu) PHP/5.5.9-1ubuntu4.19 (internal dummy connection)"
218.205.56.220 - - [05/Dec/2016:01:22:30 +0000] "GET /wp-content/themes/great/images/header.png HTTP/1.1" 200 262017 "http://nubi.me/" "Mozilla/5.0 (Windows NT 10.0; WOW64) AppleWebKit/537.36 (KHTML, like Gecko) Chrome/54.0.2840.99 Safari/537.36"
218.205.56.220 - - [05/Dec/2016:01:22:39 +0000] "GET /favicon.ico HTTP/1.1" 200 238 "http://nubi.me/" "Mozilla/5.0 (Windows NT 10.0; WOW64) AppleWebKit/537.36 (KHTML, like Gecko) Chrome/54.0.2840.99 Safari/537.36"
180.163.2.118 - - [05/Dec/2016:01:22:45 +0000] "GET /wp-content/themes/great/font-awesome/fonts/fontawesome-webfont.woff2?v=4.3.0 HTTP/1.1" 200 57042 "http://nubi.me/wp-content/themes/great/font-awesome/css/font-awesome.min.css?ver=4.6.1" "Mozilla/5.0 (Windows NT 5.1) AppleWebKit/537.36 (KHTML, like Gecko) Chrome/45.0.2454.101 Safari/537.36"
::1 - - [05/Dec/2016:01:22:50 +0000] "OPTIONS * HTTP/1.0" 200 125 "-" "Apache/2.4.7 (Ubuntu) PHP/5.5.9-1ubuntu4.19 (internal dummy connection)"
115.236.52.66 - - [05/Dec/2016:01:23:54 +0000] "GET / HTTP/1.1" 200 13495 "-" "Mozilla/5.0 (Windows NT 10.0; WOW64) AppleWebKit/537.36 (KHTML, like Gecko) Chrome/50.0.2661.102 UBrowser/5.7.16400.12 Safari/537.36"
115.236.52.66 - - [05/Dec/2016:01:23:55 +0000] "GET /favicon.ico HTTP/1.1" 200 238 "http://nubi.me/" "Mozilla/5.0 (Windows NT 10.0; WOW64) AppleWebKit/537.36 (KHTML, like Gecko) Chrome/50.0.2661.102 UBrowser/5.7.16400.12 Safari/537.36"
115.236.52.66 - - [05/Dec/2016:01:24:45 +0000] "GET /page/2/ HTTP/1.1" 200 13044 "http://nubi.me/" "Mozilla/5.0 (Windows NT 10.0; WOW64) AppleWebKit/537.36 (KHTML, like Gecko) Chrome/50.0.2661.102 UBrowser/5.7.16400.12 Safari/537.36"
115.236.52.66 - - [05/Dec/2016:01:24:46 +0000] "GET /favicon.ico HTTP/1.1" 200 238 "http://nubi.me/page/2/" "Mozilla/5.0 (Windows NT 10.0; WOW64) AppleWebKit/537.36 (KHTML, like Gecko) Chrome/50.0.2661.102 UBrowser/5.7.16400.12 Safari/537.36"
66.249.65.178 - - [05/Dec/2016:01:24:54 +0000] "GET /2016/12/01/lamp%E6%9C%8D%E5%8A%A1%E5%99%A8%E7%9B%B8%E5%85%B3%E5%8D%9A%E6%96%87%E6%94%B6%E8%97%8F/ HTTP/1.1" 200 7877 "-" "Mozilla/5.0 (compatible; Googlebot/2.1; +http://www.google.com/bot.html)"
115.236.52.66 - - [05/Dec/2016:01:24:56 +0000] "GET /page/3/ HTTP/1.1" 200 9676 "http://nubi.me/page/2/" "Mozilla/5.0 (Windows NT 10.0; WOW64) AppleWebKit/537.36 (KHTML, like Gecko) Chrome/50.0.2661.102 UBrowser/5.7.16400.12 Safari/537.36"
115.236.52.66 - - [05/Dec/2016:01:24:58 +0000] "GET /favicon.ico HTTP/1.1" 200 238 "http://nubi.me/page/3/" "Mozilla/5.0 (Windows NT 10.0; WOW64) AppleWebKit/537.36 (KHTML, like Gecko) Chrome/50.0.2661.102 UBrowser/5.7.16400.12 Safari/537.36"
115.236.52.66 - - [05/Dec/2016:01:25:04 +0000] "GET /page/2/ HTTP/1.1" 200 13044 "http://nubi.me/page/3/" "Mozilla/5.0 (Windows NT 10.0; WOW64) AppleWebKit/537.36 (KHTML, like Gecko) Chrome/50.0.2661.102 UBrowser/5.7.16400.12 Safari/537.36"
115.236.52.66 - - [05/Dec/2016:01:25:05 +0000] "GET /favicon.ico HTTP/1.1" 200 238 "http://nubi.me/page/2/" "Mozilla/5.0 (Windows NT 10.0; WOW64) AppleWebKit/537.36 (KHTML, like Gecko) Chrome/50.0.2661.102 UBrowser/5.7.16400.12 Safari/537.36"
115.236.52.66 - - [05/Dec/2016:01:25:27 +0000] "GET / HTTP/1.1" 200 13495 "http://nubi.me/page/2/" "Mozilla/5.0 (Windows NT 10.0; WOW64) AppleWebKit/537.36 (KHTML, like Gecko) Chrome/50.0.2661.102 UBrowser/5.7.16400.12 Safari/537.36"
115.236.52.66 - - [05/Dec/2016:01:25:30 +0000] "GET /favicon.ico HTTP/1.1" 200 238 "http://nubi.me/" "Mozilla/5.0 (Windows NT 10.0; WOW64) AppleWebKit/537.36 (KHTML, like Gecko) Chrome/50.0.2661.102 UBrowser/5.7.16400.12 Safari/537.36"
151.80.18.236 - - [05/Dec/2016:01:27:07 +0000] "GET /wp-login.php HTTP/1.1" 200 1605 "-" "Mozilla/5.0 (Windows NT 6.1) AppleWebKit/537.1 (KHTML, like Gecko) Chrome/23.0.1271.6 Safari/537.11"
151.80.18.236 - - [05/Dec/2016:01:27:08 +0000] "GET /?author=1 HTTP/1.1" 301 293 "-" "Mozilla/5.0 (Windows NT 6.1) AppleWebKit/537.1 (KHTML, like Gecko) Chrome/23.0.1271.6 Safari/537.11"
180.76.15.19 - - [05/Dec/2016:01:27:09 +0000] "GET / HTTP/1.1" 200 25419 "-" "Mozilla/5.0 (compatible; Baiduspider/2.0; +http://www.baidu.com/search/spider.html)"
180.76.15.162 - - [05/Dec/2016:01:27:40 +0000] "GET / HTTP/1.1" 200 25419 "-" "Mozilla/5.0 (compatible; Baiduspider/2.0; +http://www.baidu.com/search/spider.html)"
14.106.227.122 - - [05/Dec/2016:01:29:27 +0000] "GET /2016/05/31/%e6%80%bb%e6%83%b3%e6%8a%98%e8%85%be%e7%82%b9%e5%95%a5/ HTTP/1.0" 200 25252 "http://nubi.me/2016/05/31/%e6%80%bb%e6%83%b3%e6%8a%98%e8%85%be%e7%82%b9%e5%95%a5/#comment-8333" "Mozilla/5.0 (Windows NT 6.3; WOW64; rv:36.0) Gecko/20100101 Firefox/36.0"
14.106.227.122 - - [05/Dec/2016:01:29:28 +0000] "GET /2016/05/31/%e6%80%bb%e6%83%b3%e6%8a%98%e8%85%be%e7%82%b9%e5%95%a5/ HTTP/1.0" 200 25252 "http://nubi.me/2016/05/31/%e6%80%bb%e6%83%b3%e6%8a%98%e8%85%be%e7%82%b9%e5%95%a5/#comment-8332" "Mozilla/5.0 (Windows NT 6.1; rv:37.0) Gecko/20100101 Firefox/37.0"
14.106.227.122 - - [05/Dec/2016:01:29:28 +0000] "GET /2016/05/31/%e6%80%bb%e6%83%b3%e6%8a%98%e8%85%be%e7%82%b9%e5%95%a5/?replytocom=136 HTTP/1.0" 200 25313 "http://nubi.me/2016/05/31/%e6%80%bb%e6%83%b3%e6%8a%98%e8%85%be%e7%82%b9%e5%95%a5/?replytocom=136#respond" "Mozilla/5.0 (Windows NT 6.3; WOW64; rv:36.0) Gecko/20100101 Firefox/36.0"
14.106.227.122 - - [05/Dec/2016:01:29:29 +0000] "GET /2016/05/31/%e6%80%bb%e6%83%b3%e6%8a%98%e8%85%be%e7%82%b9%e5%95%a5/?replytocom=155 HTTP/1.0" 200 25313 "http://nubi.me/2016/05/31/%e6%80%bb%e6%83%b3%e6%8a%98%e8%85%be%e7%82%b9%e5%95%a5/?replytocom=155#respond" "Mozilla/5.0 (Windows NT 6.1; rv:37.0) Gecko/20100101 Firefox/37.0"
14.106.227.122 - - [05/Dec/2016:01:29:29 +0000] "POST /wp-comments-post.php HTTP/1.0" 500 3889 "http://nubi.me/2016/05/31/%e6%80%bb%e6%83%b3%e6%8a%98%e8%85%be%e7%82%b9%e5%95%a5/#comment-8332" "Mozilla/5.0 (Windows NT 6.1; rv:37.0) Gecko/20100101 Firefox/37.0"
14.106.227.122 - - [05/Dec/2016:01:29:30 +0000] "POST /wp-comments-post.php HTTP/1.0" 500 3889 "http://nubi.me/2016/05/31/%e6%80%bb%e6%83%b3%e6%8a%98%e8%85%be%e7%82%b9%e5%95%a5/?replytocom=155#respond" "Mozilla/5.0 (Windows NT 6.1; rv:37.0) Gecko/20100101 Firefox/37.0"
14.106.227.122 - - [05/Dec/2016:01:29:30 +0000] "GET /2016/05/31/%e6%80%bb%e6%83%b3%e6%8a%98%e8%85%be%e7%82%b9%e5%95%a5/?replytocom=155 HTTP/1.0" 200 25313 "http://nubi.me/2016/05/31/%e6%80%bb%e6%83%b3%e6%8a%98%e8%85%be%e7%82%b9%e5%95%a5/?replytocom=155#respond" "Mozilla/5.0 (Windows NT 6.1; rv:37.0) Gecko/20100101 Firefox/37.0"
14.106.227.122 - - [05/Dec/2016:01:29:30 +0000] "POST /wp-comments-post.php HTTP/1.0" 500 3889 "http://nubi.me/2016/05/31/%e6%80%bb%e6%83%b3%e6%8a%98%e8%85%be%e7%82%b9%e5%95%a5/?replytocom=136#respond" "Mozilla/5.0 (Windows NT 6.3; WOW64; rv:36.0) Gecko/20100101 Firefox/36.0"
14.106.227.122 - - [05/Dec/2016:01:29:31 +0000] "POST /wp-comments-post.php HTTP/1.0" 500 3889 "http://nubi.me/2016/05/31/%e6%80%bb%e6%83%b3%e6%8a%98%e8%85%be%e7%82%b9%e5%95%a5/#comment-8333" "Mozilla/5.0 (Windows NT 6.3; WOW64; rv:36.0) Gecko/20100101 Firefox/36.0"
14.106.227.122 - - [05/Dec/2016:01:29:31 +0000] "GET /2016/05/31/%e6%80%bb%e6%83%b3%e6%8a%98%e8%85%be%e7%82%b9%e5%95%a5/ HTTP/1.0" 200 25252 "http://nubi.me/2016/05/31/%e6%80%bb%e6%83%b3%e6%8a%98%e8%85%be%e7%82%b9%e5%95%a5/#comment-8332" "Mozilla/5.0 (Windows NT 6.1; rv:37.0) Gecko/20100101 Firefox/37.0"
14.106.227.122 - - [05/Dec/2016:01:29:31 +0000] "GET /2016/05/31/%e6%80%bb%e6%83%b3%e6%8a%98%e8%85%be%e7%82%b9%e5%95%a5/ HTTP/1.0" 200 25252 "http://nubi.me/2016/05/31/%e6%80%bb%e6%83%b3%e6%8a%98%e8%85%be%e7%82%b9%e5%95%a5/#comment-8333" "Mozilla/5.0 (Windows NT 6.3; WOW64; rv:36.0) Gecko/20100101 Firefox/36.0"
14.106.227.122 - - [05/Dec/2016:01:29:36 +0000] "GET /2016/05/31/%e6%80%bb%e6%83%b3%e6%8a%98%e8%85%be%e7%82%b9%e5%95%a5/?replytocom=136 HTTP/1.0" 200 25313 "http://nubi.me/2016/05/31/%e6%80%bb%e6%83%b3%e6%8a%98%e8%85%be%e7%82%b9%e5%95%a5/?replytocom=136#respond" "Mozilla/5.0 (Windows NT 6.3; WOW64; rv:36.0) Gecko/20100101 Firefox/36.0"
115.236.52.66 - - [05/Dec/2016:01:30:30 +0000] "GET / HTTP/1.1" 200 13497 "-" "Mozilla/5.0 (Windows NT 10.0; WOW64) AppleWebKit/537.36 (KHTML, like Gecko) Chrome/50.0.2661.102 UBrowser/5.7.16400.12 Safari/537.36"
115.236.52.66 - - [05/Dec/2016:01:30:32 +0000] "GET /favicon.ico HTTP/1.1" 200 238 "http://nubi.me/" "Mozilla/5.0 (Windows NT 10.0; WOW64) AppleWebKit/537.36 (KHTML, like Gecko) Chrome/50.0.2661.102 UBrowser/5.7.16400.12 Safari/537.36"
119.29.161.207 - - [05/Dec/2016:01:35:39 +0000] "POST /xmlrpc.php HTTP/1.0" 200 407 "-" "-"
119.29.161.207 - - [05/Dec/2016:01:35:41 +0000] "POST /xmlrpc.php HTTP/1.0" 200 629 "-" "-"
66.249.65.178 - - [05/Dec/2016:01:38:44 +0000] "GET /2015/11/13/jhizdfncqhd/ HTTP/1.1" 200 7459 "-" "Mozilla/5.0 (Linux; Android 6.0.1; Nexus 5X Build/MMB29P) AppleWebKit/537.36 (KHTML, like Gecko) Chrome/41.0.2272.96 Mobile Safari/537.36 (compatible; Googlebot/2.1; +http://www.google.com/bot.html)"
66.249.65.172 - - [05/Dec/2016:01:47:15 +0000] "GET /wp-content/plugins/wp-fancy-captcha/captcha/imgs/item-note.png HTTP/1.1" 200 2150 "-" "Googlebot-Image/1.0"
66.249.65.172 - - [05/Dec/2016:01:48:17 +0000] "GET /wp-content/plugins/wp-fancy-captcha/captcha/imgs/item-scissors.png HTTP/1.1" 200 2412 "-" "Googlebot-Image/1.0"
66.249.65.175 - - [05/Dec/2016:01:53:35 +0000] "GET /wp-content/plugins/wp-fancy-captcha/captcha/imgs/item-pencil.png HTTP/1.1" 200 2249 "-" "Googlebot-Image/1.0"
157.55.39.175 - - [05/Dec/2016:01:56:05 +0000] "GET /2016/01/13/mysqldump%e4%bd%bf%e7%94%a8%e6%96%b9%e6%b3%95/ HTTP/1.1" 200 9656 "-" "Mozilla/5.0 (iPhone; CPU iPhone OS 7_0 like Mac OS X) AppleWebKit/537.51.1 (KHTML, like Gecko) Version/7.0 Mobile/11A465 Safari/9537.53 (compatible; bingbot/2.0; +http://www.bing.com/bingbot.htm)"
157.55.39.175 - - [05/Dec/2016:01:56:20 +0000] "GET /wp-content/plugins/wp-fancy-captcha/captcha/captcha.css HTTP/1.1" 200 954 "-" "Mozilla/5.0 (iPhone; CPU iPhone OS 7_0 like Mac OS X) AppleWebKit/537.51.1 (KHTML, like Gecko) Version/7.0 Mobile/11A465 Safari/9537.53 (compatible; bingbot/2.0; +http://www.bing.com/bingbot.htm)"
157.55.39.175 - - [05/Dec/2016:01:56:20 +0000] "GET /wp-content/plugins/wp-fancy-captcha/captcha/jquery-1.6.2.min.js HTTP/1.1" 200 32418 "-" "Mozilla/5.0 (iPhone; CPU iPhone OS 7_0 like Mac OS X) AppleWebKit/537.51.1 (KHTML, like Gecko) Version/7.0 Mobile/11A465 Safari/9537.53 (compatible; bingbot/2.0; +http://www.bing.com/bingbot.htm)"
157.55.39.175 - - [05/Dec/2016:01:56:20 +0000] "GET /wp-includes/js/comment-reply.min.js?ver=4.6.1 HTTP/1.1" 200 937 "-" "Mozilla/5.0 (iPhone; CPU iPhone OS 7_0 like Mac OS X) AppleWebKit/537.51.1 (KHTML, like Gecko) Version/7.0 Mobile/11A465 Safari/9537.53 (compatible; bingbot/2.0; +http://www.bing.com/bingbot.htm)"
40.77.167.5 - - [05/Dec/2016:01:56:24 +0000] "GET /wp-content/plugins/wp-fancy-captcha/captcha/jquery-ui.min.js HTTP/1.1" 200 52772 "-" "Mozilla/5.0 (iPhone; CPU iPhone OS 7_0 like Mac OS X) AppleWebKit/537.51.1 (KHTML, like Gecko) Version/7.0 Mobile/11A465 Safari/9537.53 (compatible; bingbot/2.0; +http://www.bing.com/bingbot.htm)"
40.77.167.5 - - [05/Dec/2016:01:56:25 +0000] "GET /wp-content/plugins/wp-fancy-captcha/captcha/jquery.captcha.js HTTP/1.1" 200 1350 "-" "Mozilla/5.0 (iPhone; CPU iPhone OS 7_0 like Mac OS X) AppleWebKit/537.51.1 (KHTML, like Gecko) Version/7.0 Mobile/11A465 Safari/9537.53 (compatible; bingbot/2.0; +http://www.bing.com/bingbot.htm)"
66.249.65.175 - - [05/Dec/2016:01:56:25 +0000] "GET /2016/01/13/ HTTP/1.1" 200 6797 "-" "Mozilla/5.0 (Linux; Android 6.0.1; Nexus 5X Build/MMB29P) AppleWebKit/537.36 (KHTML, like Gecko) Chrome/41.0.2272.96 Mobile Safari/537.36 (compatible; Googlebot/2.1; +http://www.google.com/bot.html)"
188.143.232.14 - - [05/Dec/2016:01:57:17 +0000] "GET /2016/01/13/debian-%e5%ae%89%e8%a3%85oracle-jdk8/ HTTP/1.1" 200 24918 "-" "Mozilla/4.0 (compatible; MSIE 6.0; Windows NT 5.1; SV1)"
66.249.65.172 - - [05/Dec/2016:02:01:38 +0000] "GET /wp-content/themes/coraline/style.css?ver=4.4.1 HTTP/1.1" 200 6711 "-" "Mozilla/5.0 (compatible; Googlebot/2.1; +http://www.google.com/bot.html)"
66.249.65.178 - - [05/Dec/2016:02:01:39 +0000] "GET /wp-includes/js/wp-emoji-release.min.js?ver=4.4.1 HTTP/1.1" 200 4363 "-" "Mozilla/5.0 (compatible; Googlebot/2.1; +http://www.google.com/bot.html)"
66.249.65.175 - - [05/Dec/2016:02:01:40 +0000] "GET /wp-includes/js/wp-embed.min.js?ver=4.4.1 HTTP/1.1" 200 1099 "-" "Mozilla/5.0 (compatible; Googlebot/2.1; +http://www.google.com/bot.html)"
115.236.52.66 - - [05/Dec/2016:02:07:02 +0000] "GET / HTTP/1.1" 200 11826 "-" "Mozilla/5.0 (Windows NT 6.1; WOW64) AppleWebKit/537.36 (KHTML, like Gecko) Chrome/53.0.2785.143 Safari/537.36"
115.236.52.66 - - [05/Dec/2016:02:07:02 +0000] "GET /wp-content/themes/great/font-awesome/css/font-awesome.min.css?ver=4.6.1 HTTP/1.1" 200 5779 "http://nubi.me/" "Mozilla/5.0 (Windows NT 6.1; WOW64) AppleWebKit/537.36 (KHTML, like Gecko) Chrome/53.0.2785.143 Safari/537.36"
115.236.52.66 - - [05/Dec/2016:02:07:02 +0000] "GET /wp-content/themes/great/style.css?ver=4.6.1 HTTP/1.1" 200 11491 "http://nubi.me/" "Mozilla/5.0 (Windows NT 6.1; WOW64) AppleWebKit/537.36 (KHTML, like Gecko) Chrome/53.0.2785.143 Safari/537.36"
115.236.52.66 - - [05/Dec/2016:02:07:02 +0000] "GET /wp-content/plugins/wp-stats/stats-css.css?ver=2.50 HTTP/1.1" 200 764 "http://nubi.me/" "Mozilla/5.0 (Windows NT 6.1; WOW64) AppleWebKit/537.36 (KHTML, like Gecko) Chrome/53.0.2785.143 Safari/537.36"
115.236.52.66 - - [05/Dec/2016:02:07:02 +0000] "GET /wp-includes/js/jquery/jquery.js?ver=1.12.4 HTTP/1.1" 200 34118 "http://nubi.me/" "Mozilla/5.0 (Windows NT 6.1; WOW64) AppleWebKit/537.36 (KHTML, like Gecko) Chrome/53.0.2785.143 Safari/537.36"
115.236.52.66 - - [05/Dec/2016:02:07:02 +0000] "GET /wp-includes/js/jquery/jquery-migrate.min.js?ver=1.4.1 HTTP/1.1" 200 4365 "http://nubi.me/" "Mozilla/5.0 (Windows NT 6.1; WOW64) AppleWebKit/537.36 (KHTML, like Gecko) Chrome/53.0.2785.143 Safari/537.36"
115.236.52.66 - - [05/Dec/2016:02:07:02 +0000] "GET /wp-content/themes/great/js/jquery.fitvids.js?ver=4.6.1 HTTP/1.1" 200 1454 "http://nubi.me/" "Mozilla/5.0 (Windows NT 6.1; WOW64) AppleWebKit/537.36 (KHTML, like Gecko) Chrome/53.0.2785.143 Safari/537.36"
115.236.52.66 - - [05/Dec/2016:02:07:02 +0000] "GET /wp-content/themes/great/js/fitvids-doc-ready.js?ver=4.6.1 HTTP/1.1" 200 494 "http://nubi.me/" "Mozilla/5.0 (Windows NT 6.1; WOW64) AppleWebKit/537.36 (KHTML, like Gecko) Chrome/53.0.2785.143 Safari/537.36"
115.236.52.66 - - [05/Dec/2016:02:07:02 +0000] "GET /wp-content/themes/great/js/base.js?ver=4.6.1 HTTP/1.1" 200 1006 "http://nubi.me/" "Mozilla/5.0 (Windows NT 6.1; WOW64) AppleWebKit/537.36 (KHTML, like Gecko) Chrome/53.0.2785.143 Safari/537.36"
115.236.52.66 - - [05/Dec/2016:02:07:02 +0000] "GET /wp-content/themes/great/js/skip-link-focus-fix.js?ver=20130115 HTTP/1.1" 200 727 "http://nubi.me/" "Mozilla/5.0 (Windows NT 6.1; WOW64) AppleWebKit/537.36 (KHTML, like Gecko) Chrome/53.0.2785.143 Safari/537.36"
115.236.52.66 - - [05/Dec/2016:02:07:02 +0000] "GET /wp-content/themes/great/js/jquery.cycle.all.min.js?ver=2.9999.5 HTTP/1.1" 200 8835 "http://nubi.me/" "Mozilla/5.0 (Windows NT 6.1; WOW64) AppleWebKit/537.36 (KHTML, like Gecko) Chrome/53.0.2785.143 Safari/537.36"
115.236.52.66 - - [05/Dec/2016:02:07:02 +0000] "GET /wp-content/themes/great/js/slider-setting.js?ver=4.6.1 HTTP/1.1" 200 685 "http://nubi.me/" "Mozilla/5.0 (Windows NT 6.1; WOW64) AppleWebKit/537.36 (KHTML, like Gecko) Chrome/53.0.2785.143 Safari/537.36"
115.236.52.66 - - [05/Dec/2016:02:07:02 +0000] "GET /wp-includes/js/wp-embed.min.js?ver=4.6.1 HTTP/1.1" 200 1098 "http://nubi.me/" "Mozilla/5.0 (Windows NT 6.1; WOW64) AppleWebKit/537.36 (KHTML, like Gecko) Chrome/53.0.2785.143 Safari/537.36"
115.236.52.66 - - [05/Dec/2016:02:07:02 +0000] "GET /wp-includes/js/wp-emoji-release.min.js?ver=4.6.1 HTTP/1.1" 200 4362 "http://nubi.me/" "Mozilla/5.0 (Windows NT 6.1; WOW64) AppleWebKit/537.36 (KHTML, like Gecko) Chrome/53.0.2785.143 Safari/537.36"
115.236.52.66 - - [05/Dec/2016:02:07:03 +0000] "GET /wp-content/themes/great/font-awesome/fonts/fontawesome-webfont.woff2?v=4.3.0 HTTP/1.1" 200 57041 "http://nubi.me/wp-content/themes/great/font-awesome/css/font-awesome.min.css?ver=4.6.1" "Mozilla/5.0 (Windows NT 6.1; WOW64) AppleWebKit/537.36 (KHTML, like Gecko) Chrome/53.0.2785.143 Safari/537.36"
115.236.52.66 - - [05/Dec/2016:02:07:03 +0000] "GET /wp-content/themes/great/images/menu_bg.png HTTP/1.1" 200 4331 "http://nubi.me/wp-content/themes/great/style.css?ver=4.6.1" "Mozilla/5.0 (Windows NT 6.1; WOW64) AppleWebKit/537.36 (KHTML, like Gecko) Chrome/53.0.2785.143 Safari/537.36"
115.236.52.66 - - [05/Dec/2016:02:07:03 +0000] "GET /wp-content/themes/great/images/header.png HTTP/1.1" 200 262017 "http://nubi.me/" "Mozilla/5.0 (Windows NT 6.1; WOW64) AppleWebKit/537.36 (KHTML, like Gecko) Chrome/53.0.2785.143 Safari/537.36"
115.236.52.66 - - [05/Dec/2016:02:07:04 +0000] "GET /favicon.ico HTTP/1.1" 200 238 "http://nubi.me/" "Mozilla/5.0 (Windows NT 6.1; WOW64) AppleWebKit/537.36 (KHTML, like Gecko) Chrome/53.0.2785.143 Safari/537.36"
::1 - - [05/Dec/2016:02:07:10 +0000] "OPTIONS * HTTP/1.0" 200 125 "-" "Apache/2.4.7 (Ubuntu) PHP/5.5.9-1ubuntu4.19 (internal dummy connection)"
::1 - - [05/Dec/2016:02:07:11 +0000] "OPTIONS * HTTP/1.0" 200 125 "-" "Apache/2.4.7 (Ubuntu) PHP/5.5.9-1ubuntu4.19 (internal dummy connection)"
180.153.212.13 - - [05/Dec/2016:02:07:11 +0000] "GET / HTTP/1.1" 200 11826 "-" "Mozilla/5.0 (compatible; MSIE 9.0; Windows NT 6.1; WOW64; Trident/5.0)"
180.153.212.13 - - [05/Dec/2016:02:07:12 +0000] "GET /wp-includes/js/jquery/jquery.js?ver=1.12.4 HTTP/1.1" 200 34118 "http://nubi.me/" "Mozilla/5.0 (compatible; MSIE 9.0; Windows NT 6.1; Trident/5.0)"
180.153.206.20 - - [05/Dec/2016:02:07:12 +0000] "GET /wp-content/themes/great/font-awesome/fonts/fontawesome-webfont.woff2?v=4.3.0 HTTP/1.1" 200 57042 "http://nubi.me/wp-content/themes/great/font-awesome/css/font-awesome.min.css?ver=4.6.1" "Mozilla/5.0 (compatible; MSIE 9.0; Windows NT 6.1; WOW64; Trident/5.0)"
180.153.163.190 - - [05/Dec/2016:02:07:12 +0000] "GET /wp-content/themes/great/font-awesome/fonts/fontawesome-webfont.woff2?v=4.3.0 HTTP/1.1" 200 57042 "http://nubi.me/wp-content/themes/great/font-awesome/css/font-awesome.min.css?ver=4.6.1" "Mozilla/5.0 (compatible; MSIE 9.0; Windows NT 6.1; Trident/5.0)"
180.153.212.13 - - [05/Dec/2016:02:07:13 +0000] "GET /wp-includes/js/jquery/jquery-migrate.min.js?ver=1.4.1 HTTP/1.1" 200 4364 "http://nubi.me/" "Mozilla/5.0 (compatible; MSIE 9.0; Windows NT 6.1; WOW64; Trident/5.0)"
140.207.185.109 - - [05/Dec/2016:02:07:13 +0000] "GET /wp-content/themes/great/font-awesome/fonts/fontawesome-webfont.woff2?v=4.3.0 HTTP/1.1" 200 57042 "http://nubi.me/wp-content/themes/great/font-awesome/css/font-awesome.min.css?ver=4.6.1" "Mozilla/5.0 (compatible; MSIE 9.0; Windows NT 6.1; Trident/5.0)"
180.153.212.13 - - [05/Dec/2016:02:07:14 +0000] "GET /wp-content/themes/great/js/jquery.fitvids.js?ver=4.6.1 HTTP/1.1" 200 1453 "http://nubi.me/" "Mozilla/5.0 (Windows NT 5.1) AppleWebKit/537.36 (KHTML, like Gecko) Chrome/45.0.2454.101 Safari/537.36"
180.153.212.13 - - [05/Dec/2016:02:07:14 +0000] "GET /wp-content/themes/great/js/fitvids-doc-ready.js?ver=4.6.1 HTTP/1.1" 200 493 "http://nubi.me/" "Mozilla/5.0 (compatible; MSIE 9.0; Windows NT 6.1; WOW64; Trident/5.0)"
180.153.212.13 - - [05/Dec/2016:02:07:15 +0000] "GET /wp-content/themes/great/js/base.js?ver=4.6.1 HTTP/1.1" 200 1005 "http://nubi.me/" "Mozilla/5.0 (compatible; MSIE 9.0; Windows NT 6.1; WOW64; Trident/5.0)"
180.153.212.13 - - [05/Dec/2016:02:07:15 +0000] "GET /wp-content/themes/great/js/skip-link-focus-fix.js?ver=20130115 HTTP/1.1" 200 727 "http://nubi.me/" "Mozilla/5.0 (compatible; MSIE 9.0; Windows NT 6.1; WOW64; Trident/5.0)"
180.153.212.13 - - [05/Dec/2016:02:07:15 +0000] "GET /wp-content/themes/great/js/jquery.cycle.all.min.js?ver=2.9999.5 HTTP/1.1" 200 8835 "http://nubi.me/" "Mozilla/5.0 (Windows NT 5.1) AppleWebKit/537.36 (KHTML, like Gecko) Chrome/45.0.2454.101 Safari/537.36"
180.153.212.13 - - [05/Dec/2016:02:07:16 +0000] "GET /wp-content/themes/great/js/slider-setting.js?ver=4.6.1 HTTP/1.1" 200 685 "http://nubi.me/" "Mozilla/5.0 (compatible; MSIE 9.0; Windows NT 6.1; Trident/5.0)"
180.153.212.13 - - [05/Dec/2016:02:07:16 +0000] "GET /wp-includes/js/wp-embed.min.js?ver=4.6.1 HTTP/1.1" 200 1098 "http://nubi.me/" "Mozilla/5.0 (compatible; MSIE 9.0; Windows NT 6.1; WOW64; Trident/5.0)"
101.226.33.205 - - [05/Dec/2016:02:07:19 +0000] "GET /wp-content/themes/great/font-awesome/fonts/fontawesome-webfont.woff2?v=4.3.0 HTTP/1.1" 200 57042 "http://nubi.me/wp-content/themes/great/font-awesome/css/font-awesome.min.css?ver=4.6.1" "Mozilla/5.0 (compatible; MSIE 9.0; Windows NT 6.1; WOW64; Trident/5.0)"
::1 - - [05/Dec/2016:02:07:24 +0000] "OPTIONS * HTTP/1.0" 200 125 "-" "Apache/2.4.7 (Ubuntu) PHP/5.5.9-1ubuntu4.19 (internal dummy connection)"
66.249.65.172 - - [05/Dec/2016:02:13:53 +0000] "GET /2016/01/13/debian-%E5%AE%89%E8%A3%85oracle-jdk8/ HTTP/1.1" 200 7697 "-" "Mozilla/5.0 (Linux; Android 6.0.1; Nexus 5X Build/MMB29P) AppleWebKit/537.36 (KHTML, like Gecko) Chrome/41.0.2272.96 Mobile Safari/537.36 (compatible; Googlebot/2.1; +http://www.google.com/bot.html)"
180.76.15.160 - - [05/Dec/2016:02:21:50 +0000] "GET / HTTP/1.1" 200 25419 "-" "Mozilla/5.0 (compatible; Baiduspider/2.0; +http://www.baidu.com/search/spider.html)"
180.76.15.160 - - [05/Dec/2016:02:22:09 +0000] "GET / HTTP/1.1" 200 25419 "-" "Mozilla/5.0 (compatible; Baiduspider/2.0; +http://www.baidu.com/search/spider.html)"
157.55.39.175 - - [05/Dec/2016:02:25:35 +0000] "GET /2016/10/08/%e5%ae%8c%e6%88%90%e7%ab%99%e7%82%b9%e8%bf%81%e7%a7%bb%e5%88%b0%e4%ba%9a%e9%a9%ac%e9%80%8a%e4%ba%91%e6%9c%8d%e5%8a%a1%e5%99%a8/ HTTP/1.1" 200 8101 "-" "Mozilla/5.0 (compatible; bingbot/2.0; +http://www.bing.com/bingbot.htm)"
66.249.65.172 - - [05/Dec/2016:02:32:14 +0000] "GET /wp-login.php HTTP/1.1" 200 1633 "-" "Mozilla/5.0 (Linux; Android 6.0.1; Nexus 5X Build/MMB29P) AppleWebKit/537.36 (KHTML, like Gecko) Chrome/41.0.2272.96 Mobile Safari/537.36 (compatible; Googlebot/2.1; +http://www.google.com/bot.html)"
207.46.13.149 - - [05/Dec/2016:02:34:27 +0000] "GET /2015/11/09/ HTTP/1.1" 200 6565 "-" "Mozilla/5.0 (iPhone; CPU iPhone OS 7_0 like Mac OS X) AppleWebKit/537.51.1 (KHTML, like Gecko) Version/7.0 Mobile/11A465 Safari/9537.53 (compatible; bingbot/2.0; +http://www.bing.com/bingbot.htm)"
173.232.14.227 - - [05/Dec/2016:02:34:55 +0000] "GET /2015/10/12/centos6-%E7%BC%96%E8%AF%91subversion1-9%E7%89%88%E6%9C%AC/ HTTP/1.1" 200 7473 "http://nubi.me" "Mozilla/4.0 (compatible; MSIE 6.0; Windows NT 5.1; en) Opera 8.50"
173.232.14.227 - - [05/Dec/2016:02:34:55 +0000] "POST /wp-comments-post.php HTTP/1.1" 500 3889 "http://nubi.me" "Mozilla/4.0 (compatible; MSIE 6.0; Windows NT 5.1; en) Opera 8.50"
54.169.53.17 - - [05/Dec/2016:02:40:41 +0000] "POST /wp-cron.php?doing_wp_cron=1480905641.2322249412536621093750 HTTP/1.1" 200 187 "http://nubi.me/wp-cron.php?doing_wp_cron=1480905641.2322249412536621093750" "WordPress/4.6.1; http://nubi.me"
66.249.65.172 - - [05/Dec/2016:02:40:41 +0000] "GET /2016/10/08/%E5%AE%8C%E6%88%90%E7%AB%99%E7%82%B9%E8%BF%81%E7%A7%BB%E5%88%B0%E4%BA%9A%E9%A9%AC%E9%80%8A%E4%BA%91%E6%9C%8D%E5%8A%A1%E5%99%A8/ HTTP/1.1" 200 8183 "-" "Mozilla/5.0 (compatible; Googlebot/2.1; +http://www.google.com/bot.html)"
66.249.65.175 - - [05/Dec/2016:02:50:45 +0000] "GET /2015/11/13/ HTTP/1.1" 200 6330 "-" "Mozilla/5.0 (Linux; Android 6.0.1; Nexus 5X Build/MMB29P) AppleWebKit/537.36 (KHTML, like Gecko) Chrome/41.0.2272.96 Mobile Safari/537.36 (compatible; Googlebot/2.1; +http://www.google.com/bot.html)"
91.106.46.6 - - [05/Dec/2016:02:53:45 +0000] "GET / HTTP/1.1" 200 42560 "-" "curl/7.17.1 (mips-unknown-linux-gnu) libcurl/7.17.1 OpenSSL/0.9.8i zlib/1.2.3"
131.253.27.82 - - [05/Dec/2016:02:57:22 +0000] "GET /wp-content/themes/great/js/jquery.fitvids.js?ver=4.6.1 HTTP/1.1" 200 3185 "-" "Mozilla/5.0 (iPhone; CPU iPhone OS 7_0 like Mac OS X) AppleWebKit/537.51.1 (KHTML, like Gecko) Version/7.0 Mobile/11A465 Safari/9537.53 BingPreview/1.0b"
65.55.213.26 - - [05/Dec/2016:02:57:28 +0000] "GET /wp-includes/js/wp-embed.min.js?ver=4.6.1 HTTP/1.1" 200 1724 "-" "Mozilla/5.0 (iPhone; CPU iPhone OS 7_0 like Mac OS X) AppleWebKit/537.51.1 (KHTML, like Gecko) Version/7.0 Mobile/11A465 Safari/9537.53 BingPreview/1.0b"
66.249.65.172 - - [05/Dec/2016:02:58:12 +0000] "GET /2016/07/26/%E9%80%9A%E8%BF%87amazon-ec2%E5%BB%BA%E7%AB%8B%E8%87%AA%E5%B7%B1%E7%9A%84pptp-vpn%E6%9C%8D%E5%8A%A1%E5%99%A8/ HTTP/1.1" 200 9406 "-" "Mozilla/5.0 (compatible; Googlebot/2.1; +http://www.google.com/bot.html)"
195.162.4.174 - - [05/Dec/2016:03:03:18 +0000] "GET /2016/08/03/ubuntu16-04-php7-0%E7%8E%AF%E5%A2%83%E6%90%AD%E5%BB%BA/ HTTP/1.0" 200 7493 "-" "Mozilla/5.0 (Macintosh; Intel Mac OS X 10.10; rv:34.0) Gecko/20100101 Firefox/34.0"
66.249.65.175 - - [05/Dec/2016:03:03:31 +0000] "GET /2016/12/05/%E5%B8%A6%E6%A9%A1%E7%9A%AE%E5%9C%88%E4%B8%AD/ HTTP/1.1" 200 8010 "-" "Mozilla/5.0 (compatible; Googlebot/2.1; +http://www.google.com/bot.html)"
157.55.39.175 - - [05/Dec/2016:03:05:40 +0000] "GET /2016/05/31/%e6%80%bb%e6%83%b3%e6%8a%98%e8%85%be%e7%82%b9%e5%95%a5/ HTTP/1.1" 200 7989 "-" "Mozilla/5.0 (iPhone; CPU iPhone OS 7_0 like Mac OS X) AppleWebKit/537.51.1 (KHTML, like Gecko) Version/7.0 Mobile/11A465 Safari/9537.53 (compatible; bingbot/2.0; +http://www.bing.com/bingbot.htm)"
65.55.210.109 - - [05/Dec/2016:03:05:41 +0000] "GET /wp-content/plugins/wp-fancy-captcha/captcha/captcha.php HTTP/1.1" 200 370 "http://nubi.me/2016/05/31/%e6%80%bb%e6%83%b3%e6%8a%98%e8%85%be%e7%82%b9%e5%95%a5/" "Mozilla/5.0 (iPhone; CPU iPhone OS 7_0 like Mac OS X) AppleWebKit/537.51.1 (KHTML, like Gecko) Version/7.0 Mobile/11A465 Safari/9537.53 BingPreview/1.0b"
66.249.65.175 - - [05/Dec/2016:03:09:02 +0000] "GET /2016/10/08/%E5%AE%8C%E6%88%90%E7%AB%99%E7%82%B9%E8%BF%81%E7%A7%BB%E5%88%B0%E4%BA%9A%E9%A9%AC%E9%80%8A%E4%BA%91%E6%9C%8D%E5%8A%A1%E5%99%A8/ HTTP/1.1" 200 8184 "-" "Mozilla/5.0 (Linux; Android 6.0.1; Nexus 5X Build/MMB29P) AppleWebKit/537.36 (KHTML, like Gecko) Chrome/41.0.2272.96 Mobile Safari/537.36 (compatible; Googlebot/2.1; +http://www.google.com/bot.html)"
66.249.65.178 - - [05/Dec/2016:03:09:09 +0000] "GET /2016/12/05/%E5%B8%A6%E6%A9%A1%E7%9A%AE%E5%9C%88%E4%B8%AD/feed/ HTTP/1.1" 200 1044 "-" "Mozilla/5.0 (compatible; Googlebot/2.1; +http://www.google.com/bot.html)"
66.249.65.178 - - [05/Dec/2016:03:11:55 +0000] "GET /2016/12/05/ HTTP/1.1" 200 6930 "-" "Mozilla/5.0 (compatible; Googlebot/2.1; +http://www.google.com/bot.html)"
112.17.235.125 - - [05/Dec/2016:03:16:42 +0000] "GET / HTTP/1.1" 200 11824 "-" "Mozilla/5.0 (Linux; Android 5.1; vivo V3M A Build/LMY47I) AppleWebKit/537.36 (KHTML, like Gecko) Version/4.0 Chrome/37.0.0.0 Mobile MQQBrowser/6.8 TBS/036884 Safari/537.36 V1_AND_SQ_6.6.0_432_YYB_D QQ/6.6.0.2935 NetType/2G WebP/0.3.0 Pixel/720"
112.17.235.125 - - [05/Dec/2016:03:16:42 +0000] "GET /wp-includes/js/wp-emoji-release.min.js?ver=4.6.1 HTTP/1.1" 200 4362 "http://nubi.me/" "Mozilla/5.0 (Linux; Android 5.1; vivo V3M A Build/LMY47I) AppleWebKit/537.36 (KHTML, like Gecko) Version/4.0 Chrome/37.0.0.0 Mobile MQQBrowser/6.8 TBS/036884 Safari/537.36 V1_AND_SQ_6.6.0_432_YYB_D QQ/6.6.0.2935 NetType/2G WebP/0.3.0 Pixel/720"
112.17.235.125 - - [05/Dec/2016:03:16:42 +0000] "GET /wp-content/themes/great/font-awesome/css/font-awesome.min.css?ver=4.6.1 HTTP/1.1" 200 5780 "http://nubi.me/" "Mozilla/5.0 (Linux; Android 5.1; vivo V3M A Build/LMY47I) AppleWebKit/537.36 (KHTML, like Gecko) Version/4.0 Chrome/37.0.0.0 Mobile MQQBrowser/6.8 TBS/036884 Safari/537.36 V1_AND_SQ_6.6.0_432_YYB_D QQ/6.6.0.2935 NetType/2G WebP/0.3.0 Pixel/720"
112.17.235.125 - - [05/Dec/2016:03:16:42 +0000] "GET /wp-content/themes/great/style.css?ver=4.6.1 HTTP/1.1" 200 11491 "http://nubi.me/" "Mozilla/5.0 (Linux; Android 5.1; vivo V3M A Build/LMY47I) AppleWebKit/537.36 (KHTML, like Gecko) Version/4.0 Chrome/37.0.0.0 Mobile MQQBrowser/6.8 TBS/036884 Safari/537.36 V1_AND_SQ_6.6.0_432_YYB_D QQ/6.6.0.2935 NetType/2G WebP/0.3.0 Pixel/720"
112.17.235.125 - - [05/Dec/2016:03:16:42 +0000] "GET /wp-content/plugins/wp-stats/stats-css.css?ver=2.50 HTTP/1.1" 200 765 "http://nubi.me/" "Mozilla/5.0 (Linux; Android 5.1; vivo V3M A Build/LMY47I) AppleWebKit/537.36 (KHTML, like Gecko) Version/4.0 Chrome/37.0.0.0 Mobile MQQBrowser/6.8 TBS/036884 Safari/537.36 V1_AND_SQ_6.6.0_432_YYB_D QQ/6.6.0.2935 NetType/2G WebP/0.3.0 Pixel/720"
112.17.235.125 - - [05/Dec/2016:03:16:42 +0000] "GET /wp-includes/js/jquery/jquery.js?ver=1.12.4 HTTP/1.1" 200 34119 "http://nubi.me/" "Mozilla/5.0 (Linux; Android 5.1; vivo V3M A Build/LMY47I) AppleWebKit/537.36 (KHTML, like Gecko) Version/4.0 Chrome/37.0.0.0 Mobile MQQBrowser/6.8 TBS/036884 Safari/537.36 V1_AND_SQ_6.6.0_432_YYB_D QQ/6.6.0.2935 NetType/2G WebP/0.3.0 Pixel/720"
112.17.235.125 - - [05/Dec/2016:03:16:42 +0000] "GET /wp-content/themes/great/js/fitvids-doc-ready.js?ver=4.6.1 HTTP/1.1" 200 493 "http://nubi.me/" "Mozilla/5.0 (Linux; Android 5.1; vivo V3M A Build/LMY47I) AppleWebKit/537.36 (KHTML, like Gecko) Version/4.0 Chrome/37.0.0.0 Mobile MQQBrowser/6.8 TBS/036884 Safari/537.36 V1_AND_SQ_6.6.0_432_YYB_D QQ/6.6.0.2935 NetType/2G WebP/0.3.0 Pixel/720"
112.17.235.125 - - [05/Dec/2016:03:16:42 +0000] "GET /wp-content/themes/great/js/jquery.fitvids.js?ver=4.6.1 HTTP/1.1" 200 1453 "http://nubi.me/" "Mozilla/5.0 (Linux; Android 5.1; vivo V3M A Build/LMY47I) AppleWebKit/537.36 (KHTML, like Gecko) Version/4.0 Chrome/37.0.0.0 Mobile MQQBrowser/6.8 TBS/036884 Safari/537.36 V1_AND_SQ_6.6.0_432_YYB_D QQ/6.6.0.2935 NetType/2G WebP/0.3.0 Pixel/720"
112.17.235.125 - - [05/Dec/2016:03:16:42 +0000] "GET /wp-content/themes/great/js/base.js?ver=4.6.1 HTTP/1.1" 200 1005 "http://nubi.me/" "Mozilla/5.0 (Linux; Android 5.1; vivo V3M A Build/LMY47I) AppleWebKit/537.36 (KHTML, like Gecko) Version/4.0 Chrome/37.0.0.0 Mobile MQQBrowser/6.8 TBS/036884 Safari/537.36 V1_AND_SQ_6.6.0_432_YYB_D QQ/6.6.0.2935 NetType/2G WebP/0.3.0 Pixel/720"
112.17.235.125 - - [05/Dec/2016:03:16:42 +0000] "GET /wp-content/themes/great/js/skip-link-focus-fix.js?ver=20130115 HTTP/1.1" 200 727 "http://nubi.me/" "Mozilla/5.0 (Linux; Android 5.1; vivo V3M A Build/LMY47I) AppleWebKit/537.36 (KHTML, like Gecko) Version/4.0 Chrome/37.0.0.0 Mobile MQQBrowser/6.8 TBS/036884 Safari/537.36 V1_AND_SQ_6.6.0_432_YYB_D QQ/6.6.0.2935 NetType/2G WebP/0.3.0 Pixel/720"
112.17.235.125 - - [05/Dec/2016:03:16:42 +0000] "GET /wp-content/themes/great/js/jquery.cycle.all.min.js?ver=2.9999.5 HTTP/1.1" 200 8835 "http://nubi.me/" "Mozilla/5.0 (Linux; Android 5.1; vivo V3M A Build/LMY47I) AppleWebKit/537.36 (KHTML, like Gecko) Version/4.0 Chrome/37.0.0.0 Mobile MQQBrowser/6.8 TBS/036884 Safari/537.36 V1_AND_SQ_6.6.0_432_YYB_D QQ/6.6.0.2935 NetType/2G WebP/0.3.0 Pixel/720"
112.17.235.125 - - [05/Dec/2016:03:16:42 +0000] "GET /wp-content/themes/great/js/slider-setting.js?ver=4.6.1 HTTP/1.1" 200 685 "http://nubi.me/" "Mozilla/5.0 (Linux; Android 5.1; vivo V3M A Build/LMY47I) AppleWebKit/537.36 (KHTML, like Gecko) Version/4.0 Chrome/37.0.0.0 Mobile MQQBrowser/6.8 TBS/036884 Safari/537.36 V1_AND_SQ_6.6.0_432_YYB_D QQ/6.6.0.2935 NetType/2G WebP/0.3.0 Pixel/720"
112.17.235.125 - - [05/Dec/2016:03:16:42 +0000] "GET /wp-includes/js/wp-embed.min.js?ver=4.6.1 HTTP/1.1" 200 1098 "http://nubi.me/" "Mozilla/5.0 (Linux; Android 5.1; vivo V3M A Build/LMY47I) AppleWebKit/537.36 (KHTML, like Gecko) Version/4.0 Chrome/37.0.0.0 Mobile MQQBrowser/6.8 TBS/036884 Safari/537.36 V1_AND_SQ_6.6.0_432_YYB_D QQ/6.6.0.2935 NetType/2G WebP/0.3.0 Pixel/720"
112.17.235.125 - - [05/Dec/2016:03:16:43 +0000] "GET /wp-includes/js/jquery/jquery-migrate.min.js?ver=1.4.1 HTTP/1.1" 200 4365 "http://nubi.me/" "Mozilla/5.0 (Linux; Android 5.1; vivo V3M A Build/LMY47I) AppleWebKit/537.36 (KHTML, like Gecko) Version/4.0 Chrome/37.0.0.0 Mobile MQQBrowser/6.8 TBS/036884 Safari/537.36 V1_AND_SQ_6.6.0_432_YYB_D QQ/6.6.0.2935 NetType/2G WebP/0.3.0 Pixel/720"
112.17.235.125 - - [05/Dec/2016:03:16:43 +0000] "GET /wp-content/themes/great/images/bg.jpg HTTP/1.1" 200 12338 "http://nubi.me/" "Mozilla/5.0 (Linux; Android 5.1; vivo V3M A Build/LMY47I) AppleWebKit/537.36 (KHTML, like Gecko) Version/4.0 Chrome/37.0.0.0 Mobile MQQBrowser/6.8 TBS/036884 Safari/537.36 V1_AND_SQ_6.6.0_432_YYB_D QQ/6.6.0.2935 NetType/2G WebP/0.3.0 Pixel/720"
112.17.235.125 - - [05/Dec/2016:03:16:43 +0000] "GET /wp-content/themes/great/images/divider.png HTTP/1.1" 200 3639 "http://nubi.me/wp-content/themes/great/style.css?ver=4.6.1" "Mozilla/5.0 (Linux; Android 5.1; vivo V3M A Build/LMY47I) AppleWebKit/537.36 (KHTML, like Gecko) Version/4.0 Chrome/37.0.0.0 Mobile MQQBrowser/6.8 TBS/036884 Safari/537.36 V1_AND_SQ_6.6.0_432_YYB_D QQ/6.6.0.2935 NetType/2G WebP/0.3.0 Pixel/720"
112.17.235.125 - - [05/Dec/2016:03:16:43 +0000] "GET /wp-content/themes/great/font-awesome/fonts/fontawesome-webfont.woff2?v=4.3.0 HTTP/1.1" 200 57041 "http://nubi.me/wp-content/themes/great/font-awesome/css/font-awesome.min.css?ver=4.6.1" "Mozilla/5.0 (Linux; Android 5.1; vivo V3M A Build/LMY47I) AppleWebKit/537.36 (KHTML, like Gecko) Version/4.0 Chrome/37.0.0.0 Mobile MQQBrowser/6.8 TBS/036884 Safari/537.36 V1_AND_SQ_6.6.0_432_YYB_D QQ/6.6.0.2935 NetType/2G WebP/0.3.0 Pixel/720"
112.17.235.125 - - [05/Dec/2016:03:16:43 +0000] "GET /wp-content/themes/great/images/menu_bg.png HTTP/1.1" 200 4331 "http://nubi.me/wp-content/themes/great/style.css?ver=4.6.1" "Mozilla/5.0 (Linux; Android 5.1; vivo V3M A Build/LMY47I) AppleWebKit/537.36 (KHTML, like Gecko) Version/4.0 Chrome/37.0.0.0 Mobile MQQBrowser/6.8 TBS/036884 Safari/537.36 V1_AND_SQ_6.6.0_432_YYB_D QQ/6.6.0.2935 NetType/2G WebP/0.3.0 Pixel/720"
112.17.235.125 - - [05/Dec/2016:03:16:43 +0000] "GET /wp-content/themes/great/images/header.png HTTP/1.1" 200 262017 "http://nubi.me/" "Mozilla/5.0 (Linux; Android 5.1; vivo V3M A Build/LMY47I) AppleWebKit/537.36 (KHTML, like Gecko) Version/4.0 Chrome/37.0.0.0 Mobile MQQBrowser/6.8 TBS/036884 Safari/537.36 V1_AND_SQ_6.6.0_432_YYB_D QQ/6.6.0.2935 NetType/2G WebP/0.3.0 Pixel/720"
::1 - - [05/Dec/2016:03:16:50 +0000] "OPTIONS * HTTP/1.0" 200 125 "-" "Apache/2.4.7 (Ubuntu) PHP/5.5.9-1ubuntu4.19 (internal dummy connection)"
::1 - - [05/Dec/2016:03:16:51 +0000] "OPTIONS * HTTP/1.0" 200 125 "-" "Apache/2.4.7 (Ubuntu) PHP/5.5.9-1ubuntu4.19 (internal dummy connection)"
::1 - - [05/Dec/2016:03:16:52 +0000] "OPTIONS * HTTP/1.0" 200 125 "-" "Apache/2.4.7 (Ubuntu) PHP/5.5.9-1ubuntu4.19 (internal dummy connection)"
112.17.235.125 - - [05/Dec/2016:03:17:50 +0000] "GET /2015/10/06/hello-world/ HTTP/1.1" 200 7777 "http://nubi.me/" "Mozilla/5.0 (Linux; Android 5.1; vivo V3M A Build/LMY47I) AppleWebKit/537.36 (KHTML, like Gecko) Version/4.0 Chrome/37.0.0.0 Mobile MQQBrowser/6.8 TBS/036884 Safari/537.36 V1_AND_SQ_6.6.0_432_YYB_D QQ/6.6.0.2935 NetType/2G WebP/0.3.0 Pixel/720"
112.17.235.125 - - [05/Dec/2016:03:17:51 +0000] "GET /wp-content/plugins/wp-fancy-captcha/captcha/captcha.css HTTP/1.1" 200 953 "http://nubi.me/2015/10/06/hello-world/" "Mozilla/5.0 (Linux; Android 5.1; vivo V3M A Build/LMY47I) AppleWebKit/537.36 (KHTML, like Gecko) Version/4.0 Chrome/37.0.0.0 Mobile MQQBrowser/6.8 TBS/036884 Safari/537.36 V1_AND_SQ_6.6.0_432_YYB_D QQ/6.6.0.2935 NetType/2G WebP/0.3.0 Pixel/720"
112.17.235.125 - - [05/Dec/2016:03:17:51 +0000] "GET /wp-content/plugins/wp-fancy-captcha/captcha/jquery-1.6.2.min.js HTTP/1.1" 200 32419 "http://nubi.me/2015/10/06/hello-world/" "Mozilla/5.0 (Linux; Android 5.1; vivo V3M A Build/LMY47I) AppleWebKit/537.36 (KHTML, like Gecko) Version/4.0 Chrome/37.0.0.0 Mobile MQQBrowser/6.8 TBS/036884 Safari/537.36 V1_AND_SQ_6.6.0_432_YYB_D QQ/6.6.0.2935 NetType/2G WebP/0.3.0 Pixel/720"
112.17.235.125 - - [05/Dec/2016:03:17:51 +0000] "GET /wp-content/plugins/wp-fancy-captcha/captcha/jquery.captcha.js HTTP/1.1" 200 1351 "http://nubi.me/2015/10/06/hello-world/" "Mozilla/5.0 (Linux; Android 5.1; vivo V3M A Build/LMY47I) AppleWebKit/537.36 (KHTML, like Gecko) Version/4.0 Chrome/37.0.0.0 Mobile MQQBrowser/6.8 TBS/036884 Safari/537.36 V1_AND_SQ_6.6.0_432_YYB_D QQ/6.6.0.2935 NetType/2G WebP/0.3.0 Pixel/720"
112.17.235.125 - - [05/Dec/2016:03:17:51 +0000] "GET /wp-includes/js/comment-reply.min.js?ver=4.6.1 HTTP/1.1" 200 938 "http://nubi.me/2015/10/06/hello-world/" "Mozilla/5.0 (Linux; Android 5.1; vivo V3M A Build/LMY47I) AppleWebKit/537.36 (KHTML, like Gecko) Version/4.0 Chrome/37.0.0.0 Mobile MQQBrowser/6.8 TBS/036884 Safari/537.36 V1_AND_SQ_6.6.0_432_YYB_D QQ/6.6.0.2935 NetType/2G WebP/0.3.0 Pixel/720"
112.17.235.125 - - [05/Dec/2016:03:17:51 +0000] "GET /wp-content/plugins/wp-fancy-captcha/captcha/jquery-ui.min.js HTTP/1.1" 200 52772 "http://nubi.me/2015/10/06/hello-world/" "Mozilla/5.0 (Linux; Android 5.1; vivo V3M A Build/LMY47I) AppleWebKit/537.36 (KHTML, like Gecko) Version/4.0 Chrome/37.0.0.0 Mobile MQQBrowser/6.8 TBS/036884 Safari/537.36 V1_AND_SQ_6.6.0_432_YYB_D QQ/6.6.0.2935 NetType/2G WebP/0.3.0 Pixel/720"
112.17.235.125 - - [05/Dec/2016:03:17:51 +0000] "GET /wp-content/plugins/wp-fancy-captcha/captcha/imgs/border-left.png HTTP/1.1" 200 731 "http://nubi.me/2015/10/06/hello-world/" "Mozilla/5.0 (Linux; Android 5.1; vivo V3M A Build/LMY47I) AppleWebKit/537.36 (KHTML, like Gecko) Version/4.0 Chrome/37.0.0.0 Mobile MQQBrowser/6.8 TBS/036884 Safari/537.36 V1_AND_SQ_6.6.0_432_YYB_D QQ/6.6.0.2935 NetType/2G WebP/0.3.0 Pixel/720"
112.17.235.125 - - [05/Dec/2016:03:17:51 +0000] "GET /wp-content/plugins/wp-fancy-captcha/captcha/imgs/border-right.png HTTP/1.1" 200 733 "http://nubi.me/2015/10/06/hello-world/" "Mozilla/5.0 (Linux; Android 5.1; vivo V3M A Build/LMY47I) AppleWebKit/537.36 (KHTML, like Gecko) Version/4.0 Chrome/37.0.0.0 Mobile MQQBrowser/6.8 TBS/036884 Safari/537.36 V1_AND_SQ_6.6.0_432_YYB_D QQ/6.6.0.2935 NetType/2G WebP/0.3.0 Pixel/720"
112.17.235.125 - - [05/Dec/2016:03:17:51 +0000] "GET /wp-content/plugins/wp-fancy-captcha/captcha/imgs/item-none.png HTTP/1.1" 200 2545 "http://nubi.me/2015/10/06/hello-world/" "Mozilla/5.0 (Linux; Android 5.1; vivo V3M A Build/LMY47I) AppleWebKit/537.36 (KHTML, like Gecko) Version/4.0 Chrome/37.0.0.0 Mobile MQQBrowser/6.8 TBS/036884 Safari/537.36 V1_AND_SQ_6.6.0_432_YYB_D QQ/6.6.0.2935 NetType/2G WebP/0.3.0 Pixel/720"
112.17.235.125 - - [05/Dec/2016:03:17:51 +0000] "GET /wp-content/plugins/wp-fancy-captcha/captcha/captcha.php HTTP/1.1" 200 425 "http://nubi.me/2015/10/06/hello-world/" "Mozilla/5.0 (Linux; Android 5.1; vivo V3M A Build/LMY47I) AppleWebKit/537.36 (KHTML, like Gecko) Version/4.0 Chrome/37.0.0.0 Mobile MQQBrowser/6.8 TBS/036884 Safari/537.36 V1_AND_SQ_6.6.0_432_YYB_D QQ/6.6.0.2935 NetType/2G WebP/0.3.0 Pixel/720"
