112.17.235.125 - - [05/Dec/2016:03:17:52 +0000] "GET /wp-content/plugins/wp-fancy-captcha/captcha/imgs/item-clock.png HTTP/1.1" 200 2419 "http://nubi.me/2015/10/06/hello-world/" "Mozilla/5.0 (Linux; Android 5.1; vivo V3M A Build/LMY47I) AppleWebKit/537.36 (KHTML, like Gecko) Version/4.0 Chrome/37.0.0.0 Mobile MQQBrowser/6.8 TBS/036884 Safari/537.36 V1_AND_SQ_6.6.0_432_YYB_D QQ/6.6.0.2935 NetType/2G WebP/0.3.0 Pixel/720"
112.17.235.125 - - [05/Dec/2016:03:17:52 +0000] "GET /wp-content/plugins/wp-fancy-captcha/captcha/imgs/bg-content-div.png HTTP/1.1" 200 433 "http://nubi.me/wp-content/plugins/wp-fancy-captcha/captcha/captcha.css" "Mozilla/5.0 (Linux; Android 5.1; vivo V3M A Build/LMY47I) AppleWebKit/537.36 (KHTML, like Gecko) Version/4.0 Chrome/37.0.0.0 Mobile MQQBrowser/6.8 TBS/036884 Safari/537.36 V1_AND_SQ_6.6.0_432_YYB_D QQ/6.6.0.2935 NetType/2G WebP/0.3.0 Pixel/720"
112.17.235.125 - - [05/Dec/2016:03:17:52 +0000] "GET /wp-content/plugins/wp-fancy-captcha/captcha/imgs/bg-items.png HTTP/1.1" 200 1218 "http://nubi.me/wp-content/plugins/wp-fancy-captcha/captcha/captcha.css" "Mozilla/5.0 (Linux; Android 5.1; vivo V3M A Build/LMY47I) AppleWebKit/537.36 (KHTML, like Gecko) Version/4.0 Chrome/37.0.0.0 Mobile MQQBrowser/6.8 TBS/036884 Safari/537.36 V1_AND_SQ_6.6.0_432_YYB_D QQ/6.6.0.2935 NetType/2G WebP/0.3.0 Pixel/720"
112.17.235.125 - - [05/Dec/2016:03:17:52 +0000] "GET /wp-content/plugins/wp-fancy-captcha/captcha/imgs/circle.png HTTP/1.1" 200 3793 "http://nubi.me/wp-content/plugins/wp-fancy-captcha/captcha/captcha.css" "Mozilla/5.0 (Linux; Android 5.1; vivo V3M A Build/LMY47I) AppleWebKit/537.36 (KHTML, like Gecko) Version/4.0 Chrome/37.0.0.0 Mobile MQQBrowser/6.8 TBS/036884 Safari/537.36 V1_AND_SQ_6.6.0_432_YYB_D QQ/6.6.0.2935 NetType/2G WebP/0.3.0 Pixel/720"
112.17.235.125 - - [05/Dec/2016:03:17:52 +0000] "GET /wp-content/plugins/wp-fancy-captcha/captcha/imgs/item-pencil.png HTTP/1.1" 200 2248 "http://nubi.me/2015/10/06/hello-world/" "Mozilla/5.0 (Linux; Android 5.1; vivo V3M A Build/LMY47I) AppleWebKit/537.36 (KHTML, like Gecko) Version/4.0 Chrome/37.0.0.0 Mobile MQQBrowser/6.8 TBS/036884 Safari/537.36 V1_AND_SQ_6.6.0_432_YYB_D QQ/6.6.0.2935 NetType/2G WebP/0.3.0 Pixel/720"
112.17.235.125 - - [05/Dec/2016:03:17:52 +0000] "GET /wp-content/plugins/wp-fancy-captcha/captcha/imgs/item-scissors.png HTTP/1.1" 200 2411 "http://nubi.me/2015/10/06/hello-world/" "Mozilla/5.0 (Linux; Android 5.1; vivo V3M A Build/LMY47I) AppleWebKit/537.36 (KHTML, like Gecko) Version/4.0 Chrome/37.0.0.0 Mobile MQQBrowser/6.8 TBS/036884 Safari/537.36 V1_AND_SQ_6.6.0_432_YYB_D QQ/6.6.0.2935 NetType/2G WebP/0.3.0 Pixel/720"
112.17.235.125 - - [05/Dec/2016:03:17:52 +0000] "GET /wp-content/plugins/wp-fancy-captcha/captcha/imgs/item-heart.png HTTP/1.1" 200 2151 "http://nubi.me/2015/10/06/hello-world/" "Mozilla/5.0 (Linux; Android 5.1; vivo V3M A Build/LMY47I) AppleWebKit/537.36 (KHTML, like Gecko) Version/4.0 Chrome/37.0.0.0 Mobile MQQBrowser/6.8 TBS/036884 Safari/537.36 V1_AND_SQ_6.6.0_432_YYB_D QQ/6.6.0.2935 NetType/2G WebP/0.3.0 Pixel/720"
::1 - - [05/Dec/2016:03:17:58 +0000] "OPTIONS * HTTP/1.0" 200 125 "-" "Apache/2.4.7 (Ubuntu) PHP/5.5.9-1ubuntu4.19 (internal dummy connection)"
::1 - - [05/Dec/2016:03:17:59 +0000] "OPTIONS * HTTP/1.0" 200 125 "-" "Apache/2.4.7 (Ubuntu) PHP/5.5.9-1ubuntu4.19 (internal dummy connection)"
::1 - - [05/Dec/2016:03:18:00 +0000] "OPTIONS * HTTP/1.0" 200 125 "-" "Apache/2.4.7 (Ubuntu) PHP/5.5.9-1ubuntu4.19 (internal dummy connection)"
117.169.6.149 - - [05/Dec/2016:03:23:00 +0000] "GET / HTTP/1.1" 200 11771 "-" "Mozilla/4.0 (compatible; MSIE 6.0; Windows NT 5.1)"
66.249.65.175 - - [05/Dec/2016:03:28:25 +0000] "GET /2016/05/20/ HTTP/1.1" 200 6929 "-" "Mozilla/5.0 (Linux; Android 6.0.1; Nexus 5X Build/MMB29P) AppleWebKit/537.36 (KHTML, like Gecko) Chrome/41.0.2272.96 Mobile Safari/537.36 (compatible; Googlebot/2.1; +http://www.google.com/bot.html)"
180.76.15.140 - - [05/Dec/2016:03:30:56 +0000] "GET / HTTP/1.1" 200 25419 "-" "Mozilla/5.0 (compatible; Baiduspider/2.0; +http://www.baidu.com/search/spider.html)"
180.76.15.23 - - [05/Dec/2016:03:31:36 +0000] "GET / HTTP/1.1" 200 25419 "-" "Mozilla/5.0 (compatible; Baiduspider/2.0; +http://www.baidu.com/search/spider.html)"
115.236.52.66 - - [05/Dec/2016:03:35:23 +0000] "GET / HTTP/1.1" 200 11827 "-" "Mozilla/5.0 (Windows NT 10.0; WOW64) AppleWebKit/537.36 (KHTML, like Gecko) Chrome/50.0.2661.102 UBrowser/5.7.16400.812 Safari/537.36"
115.236.52.66 - - [05/Dec/2016:03:35:24 +0000] "GET /favicon.ico HTTP/1.1" 200 238 "http://nubi.me/" "Mozilla/5.0 (Windows NT 10.0; WOW64) AppleWebKit/537.36 (KHTML, like Gecko) Chrome/50.0.2661.102 UBrowser/5.7.16400.812 Safari/537.36"
115.236.52.66 - - [05/Dec/2016:03:35:45 +0000] "GET /2016/10/08/%e5%ae%8c%e6%88%90%e7%ab%99%e7%82%b9%e8%bf%81%e7%a7%bb%e5%88%b0%e4%ba%9a%e9%a9%ac%e9%80%8a%e4%ba%91%e6%9c%8d%e5%8a%a1%e5%99%a8/ HTTP/1.1" 200 8101 "http://nubi.me/" "Mozilla/5.0 (Windows NT 10.0; WOW64) AppleWebKit/537.36 (KHTML, like Gecko) Chrome/50.0.2661.102 UBrowser/5.7.16400.812 Safari/537.36"
115.236.52.66 - - [05/Dec/2016:03:35:45 +0000] "GET /wp-content/plugins/wp-fancy-captcha/captcha/captcha.css HTTP/1.1" 200 953 "http://nubi.me/2016/10/08/%e5%ae%8c%e6%88%90%e7%ab%99%e7%82%b9%e8%bf%81%e7%a7%bb%e5%88%b0%e4%ba%9a%e9%a9%ac%e9%80%8a%e4%ba%91%e6%9c%8d%e5%8a%a1%e5%99%a8/" "Mozilla/5.0 (Windows NT 10.0; WOW64) AppleWebKit/537.36 (KHTML, like Gecko) Chrome/50.0.2661.102 UBrowser/5.7.16400.812 Safari/537.36"
115.236.52.66 - - [05/Dec/2016:03:35:45 +0000] "GET /wp-content/plugins/wp-fancy-captcha/captcha/jquery-1.6.2.min.js HTTP/1.1" 200 32418 "http://nubi.me/2016/10/08/%e5%ae%8c%e6%88%90%e7%ab%99%e7%82%b9%e8%bf%81%e7%a7%bb%e5%88%b0%e4%ba%9a%e9%a9%ac%e9%80%8a%e4%ba%91%e6%9c%8d%e5%8a%a1%e5%99%a8/" "Mozilla/5.0 (Windows NT 10.0; WOW64) AppleWebKit/537.36 (KHTML, like Gecko) Chrome/50.0.2661.102 UBrowser/5.7.16400.812 Safari/537.36"
115.236.52.66 - - [05/Dec/2016:03:35:45 +0000] "GET /wp-content/plugins/wp-fancy-captcha/captcha/jquery-ui.min.js HTTP/1.1" 200 52772 "http://nubi.me/2016/10/08/%e5%ae%8c%e6%88%90%e7%ab%99%e7%82%b9%e8%bf%81%e7%a7%bb%e5%88%b0%e4%ba%9a%e9%a9%ac%e9%80%8a%e4%ba%91%e6%9c%8d%e5%8a%a1%e5%99%a8/" "Mozilla/5.0 (Windows NT 10.0; WOW64) AppleWebKit/537.36 (KHTML, like Gecko) Chrome/50.0.2661.102 UBrowser/5.7.16400.812 Safari/537.36"
115.236.52.66 - - [05/Dec/2016:03:35:45 +0000] "GET /wp-content/plugins/wp-fancy-captcha/captcha/jquery.captcha.js HTTP/1.1" 200 1351 "http://nubi.me/2016/10/08/%e5%ae%8c%e6%88%90%e7%ab%99%e7%82%b9%e8%bf%81%e7%a7%bb%e5%88%b0%e4%ba%9a%e9%a9%ac%e9%80%8a%e4%ba%91%e6%9c%8d%e5%8a%a1%e5%99%a8/" "Mozilla/5.0 (Windows NT 10.0; WOW64) AppleWebKit/537.36 (KHTML, like Gecko) Chrome/50.0.2661.102 UBrowser/5.7.16400.812 Safari/537.36"
115.236.52.66 - - [05/Dec/2016:03:35:47 +0000] "GET /wp-content/plugins/wp-fancy-captcha/captcha/captcha.php HTTP/1.1" 200 425 "http://nubi.me/2016/10/08/%e5%ae%8c%e6%88%90%e7%ab%99%e7%82%b9%e8%bf%81%e7%a7%bb%e5%88%b0%e4%ba%9a%e9%a9%ac%e9%80%8a%e4%ba%91%e6%9c%8d%e5%8a%a1%e5%99%a8/" "Mozilla/5.0 (Windows NT 10.0; WOW64) AppleWebKit/537.36 (KHTML, like Gecko) Chrome/50.0.2661.102 UBrowser/5.7.16400.812 Safari/537.36"
115.236.52.66 - - [05/Dec/2016:03:35:47 +0000] "GET /wp-content/plugins/wp-fancy-captcha/captcha/imgs/bg-content-div.png HTTP/1.1" 200 433 "http://nubi.me/wp-content/plugins/wp-fancy-captcha/captcha/captcha.css" "Mozilla/5.0 (Windows NT 10.0; WOW64) AppleWebKit/537.36 (KHTML, like Gecko) Chrome/50.0.2661.102 UBrowser/5.7.16400.812 Safari/537.36"
115.236.52.66 - - [05/Dec/2016:03:35:47 +0000] "GET /wp-content/plugins/wp-fancy-captcha/captcha/imgs/bg-items.png HTTP/1.1" 200 1218 "http://nubi.me/wp-content/plugins/wp-fancy-captcha/captcha/captcha.css" "Mozilla/5.0 (Windows NT 10.0; WOW64) AppleWebKit/537.36 (KHTML, like Gecko) Chrome/50.0.2661.102 UBrowser/5.7.16400.812 Safari/537.36"
115.236.52.66 - - [05/Dec/2016:03:35:47 +0000] "GET /wp-content/plugins/wp-fancy-captcha/captcha/imgs/circle.png HTTP/1.1" 200 3793 "http://nubi.me/wp-content/plugins/wp-fancy-captcha/captcha/captcha.css" "Mozilla/5.0 (Windows NT 10.0; WOW64) AppleWebKit/537.36 (KHTML, like Gecko) Chrome/50.0.2661.102 UBrowser/5.7.16400.812 Safari/537.36"
115.236.52.66 - - [05/Dec/2016:03:35:47 +0000] "GET /wp-content/plugins/wp-fancy-captcha/captcha/imgs/border-left.png HTTP/1.1" 200 732 "http://nubi.me/2016/10/08/%e5%ae%8c%e6%88%90%e7%ab%99%e7%82%b9%e8%bf%81%e7%a7%bb%e5%88%b0%e4%ba%9a%e9%a9%ac%e9%80%8a%e4%ba%91%e6%9c%8d%e5%8a%a1%e5%99%a8/" "Mozilla/5.0 (Windows NT 10.0; WOW64) AppleWebKit/537.36 (KHTML, like Gecko) Chrome/50.0.2661.102 UBrowser/5.7.16400.812 Safari/537.36"
115.236.52.66 - - [05/Dec/2016:03:35:47 +0000] "GET /wp-content/plugins/wp-fancy-captcha/captcha/imgs/border-right.png HTTP/1.1" 200 733 "http://nubi.me/2016/10/08/%e5%ae%8c%e6%88%90%e7%ab%99%e7%82%b9%e8%bf%81%e7%a7%bb%e5%88%b0%e4%ba%9a%e9%a9%ac%e9%80%8a%e4%ba%91%e6%9c%8d%e5%8a%a1%e5%99%a8/" "Mozilla/5.0 (Windows NT 10.0; WOW64) AppleWebKit/537.36 (KHTML, like Gecko) Chrome/50.0.2661.102 UBrowser/5.7.16400.812 Safari/537.36"
115.236.52.66 - - [05/Dec/2016:03:35:47 +0000] "GET /wp-content/plugins/wp-fancy-captcha/captcha/imgs/item-none.png HTTP/1.1" 200 2545 "http://nubi.me/2016/10/08/%e5%ae%8c%e6%88%90%e7%ab%99%e7%82%b9%e8%bf%81%e7%a7%bb%e5%88%b0%e4%ba%9a%e9%a9%ac%e9%80%8a%e4%ba%91%e6%9c%8d%e5%8a%a1%e5%99%a8/" "Mozilla/5.0 (Windows NT 10.0; WOW64) AppleWebKit/537.36 (KHTML, like Gecko) Chrome/50.0.2661.102 UBrowser/5.7.16400.812 Safari/537.36"
115.236.52.66 - - [05/Dec/2016:03:35:47 +0000] "GET /wp-content/plugins/wp-fancy-captcha/captcha/imgs/item-scissors.png HTTP/1.1" 200 2412 "http://nubi.me/2016/10/08/%e5%ae%8c%e6%88%90%e7%ab%99%e7%82%b9%e8%bf%81%e7%a7%bb%e5%88%b0%e4%ba%9a%e9%a9%ac%e9%80%8a%e4%ba%91%e6%9c%8d%e5%8a%a1%e5%99%a8/" "Mozilla/5.0 (Windows NT 10.0; WOW64) AppleWebKit/537.36 (KHTML, like Gecko) Chrome/50.0.2661.102 UBrowser/5.7.16400.812 Safari/537.36"
115.236.52.66 - - [05/Dec/2016:03:35:47 +0000] "GET /wp-content/plugins/wp-fancy-captcha/captcha/imgs/item-clock.png HTTP/1.1" 200 2419 "http://nubi.me/2016/10/08/%e5%ae%8c%e6%88%90%e7%ab%99%e7%82%b9%e8%bf%81%e7%a7%bb%e5%88%b0%e4%ba%9a%e9%a9%ac%e9%80%8a%e4%ba%91%e6%9c%8d%e5%8a%a1%e5%99%a8/" "Mozilla/5.0 (Windows NT 10.0; WOW64) AppleWebKit/537.36 (KHTML, like Gecko) Chrome/50.0.2661.102 UBrowser/5.7.16400.812 Safari/537.36"
115.236.52.66 - - [05/Dec/2016:03:35:47 +0000] "GET /wp-content/plugins/wp-fancy-captcha/captcha/imgs/item-heart.png HTTP/1.1" 200 2151 "http://nubi.me/2016/10/08/%e5%ae%8c%e6%88%90%e7%ab%99%e7%82%b9%e8%bf%81%e7%a7%bb%e5%88%b0%e4%ba%9a%e9%a9%ac%e9%80%8a%e4%ba%91%e6%9c%8d%e5%8a%a1%e5%99%a8/" "Mozilla/5.0 (Windows NT 10.0; WOW64) AppleWebKit/537.36 (KHTML, like Gecko) Chrome/50.0.2661.102 UBrowser/5.7.16400.812 Safari/537.36"
115.236.52.66 - - [05/Dec/2016:03:35:47 +0000] "GET /wp-content/plugins/wp-fancy-captcha/captcha/imgs/item-note.png HTTP/1.1" 200 2149 "http://nubi.me/2016/10/08/%e5%ae%8c%e6%88%90%e7%ab%99%e7%82%b9%e8%bf%81%e7%a7%bb%e5%88%b0%e4%ba%9a%e9%a9%ac%e9%80%8a%e4%ba%91%e6%9c%8d%e5%8a%a1%e5%99%a8/" "Mozilla/5.0 (Windows NT 10.0; WOW64) AppleWebKit/537.36 (KHTML, like Gecko) Chrome/50.0.2661.102 UBrowser/5.7.16400.812 Safari/537.36"
115.236.52.66 - - [05/Dec/2016:03:35:47 +0000] "GET /wp-content/plugins/wp-fancy-captcha/captcha/imgs/item-pencil.png HTTP/1.1" 200 2249 "http://nubi.me/2016/10/08/%e5%ae%8c%e6%88%90%e7%ab%99%e7%82%b9%e8%bf%81%e7%a7%bb%e5%88%b0%e4%ba%9a%e9%a9%ac%e9%80%8a%e4%ba%91%e6%9c%8d%e5%8a%a1%e5%99%a8/" "Mozilla/5.0 (Windows NT 10.0; WOW64) AppleWebKit/537.36 (KHTML, like Gecko) Chrome/50.0.2661.102 UBrowser/5.7.16400.812 Safari/537.36"
115.236.52.66 - - [05/Dec/2016:03:35:49 +0000] "GET /favicon.ico HTTP/1.1" 200 238 "http://nubi.me/2016/10/08/%e5%ae%8c%e6%88%90%e7%ab%99%e7%82%b9%e8%bf%81%e7%a7%bb%e5%88%b0%e4%ba%9a%e9%a9%ac%e9%80%8a%e4%ba%91%e6%9c%8d%e5%8a%a1%e5%99%a8/" "Mozilla/5.0 (Windows NT 10.0; WOW64) AppleWebKit/537.36 (KHTML, like Gecko) Chrome/50.0.2661.102 UBrowser/5.7.16400.812 Safari/537.36"
::1 - - [05/Dec/2016:03:35:54 +0000] "OPTIONS * HTTP/1.0" 200 125 "-" "Apache/2.4.7 (Ubuntu) PHP/5.5.9-1ubuntu4.19 (internal dummy connection)"
::1 - - [05/Dec/2016:03:35:55 +0000] "OPTIONS * HTTP/1.0" 200 125 "-" "Apache/2.4.7 (Ubuntu) PHP/5.5.9-1ubuntu4.19 (internal dummy connection)"
::1 - - [05/Dec/2016:03:35:56 +0000] "OPTIONS * HTTP/1.0" 200 125 "-" "Apache/2.4.7 (Ubuntu) PHP/5.5.9-1ubuntu4.19 (internal dummy connection)"
115.236.52.66 - - [05/Dec/2016:03:37:00 +0000] "GET / HTTP/1.1" 200 11827 "http://nubi.me/2016/10/08/%e5%ae%8c%e6%88%90%e7%ab%99%e7%82%b9%e8%bf%81%e7%a7%bb%e5%88%b0%e4%ba%9a%e9%a9%ac%e9%80%8a%e4%ba%91%e6%9c%8d%e5%8a%a1%e5%99%a8/" "Mozilla/5.0 (Windows NT 10.0; WOW64) AppleWebKit/537.36 (KHTML, like Gecko) Chrome/50.0.2661.102 UBrowser/5.7.16400.812 Safari/537.36"
115.236.52.66 - - [05/Dec/2016:03:37:01 +0000] "GET /favicon.ico HTTP/1.1" 200 238 "http://nubi.me/" "Mozilla/5.0 (Windows NT 10.0; WOW64) AppleWebKit/537.36 (KHTML, like Gecko) Chrome/50.0.2661.102 UBrowser/5.7.16400.812 Safari/537.36"
66.249.65.172 - - [05/Dec/2016:03:47:46 +0000] "GET /2016/01/12/ HTTP/1.1" 200 6502 "-" "Mozilla/5.0 (Linux; Android 6.0.1; Nexus 5X Build/MMB29P) AppleWebKit/537.36 (KHTML, like Gecko) Chrome/41.0.2272.96 Mobile Safari/537.36 (compatible; Googlebot/2.1; +http://www.google.com/bot.html)"
23.247.88.74 - - [05/Dec/2016:03:49:42 +0000] "GET / HTTP/1.1" 200 42504 "-" "Mozilla/4.0 (compatible; MSIE 8.0; Windows NT 6.1; Trident/4.0; SLCC2; .NET CLR 2.0.50727; .NET CLR 3.5.30729; .NET CLR 3.0.30729; Media Center PC 6.0)"
66.249.65.175 - - [05/Dec/2016:03:56:28 +0000] "GET /page/2/ HTTP/1.1" 200 10975 "-" "Mozilla/5.0 (compatible; Googlebot/2.1; +http://www.google.com/bot.html)"
23.95.87.25 - - [05/Dec/2016:03:58:41 +0000] "GET /2015/11/06/cppcon-2015-emacs-as-a-c-ide/ HTTP/1.1" 200 7416 "http://nubi.me" "Mozilla/4.0 (compatible; MSIE 6.0; Windows NT 5.1; en) Opera 8.50"
23.95.87.25 - - [05/Dec/2016:03:58:42 +0000] "POST /wp-comments-post.php HTTP/1.1" 200 1976 "http://nubi.me" "Mozilla/4.0 (compatible; MSIE 6.0; Windows NT 5.1; en) Opera 8.50"
41.96.55.66 - - [05/Dec/2016:04:00:09 +0000] "POST /xmlrpc.php HTTP/1.1" 200 628 "-" "Mozilla/5.0 (Windows NT 6.1; WOW64; rv:40.0) Gecko/20100101 Firefox/40.1"
41.96.55.66 - - [05/Dec/2016:04:00:10 +0000] "GET /wp-login.php HTTP/1.1" 200 2685 "-" "Mozilla/5.0 (Windows NT 6.1; WOW64; rv:40.0) Gecko/20100101 Firefox/40.1"
41.96.55.66 - - [05/Dec/2016:04:00:10 +0000] "POST /wp-login.php HTTP/1.1" 200 3647 "-" "Mozilla/5.0 (Windows NT 6.1; WOW64; rv:40.0) Gecko/20100101 Firefox/40.1"
66.249.65.178 - - [05/Dec/2016:04:04:21 +0000] "GET /2015/11/09/ HTTP/1.1" 200 6565 "-" "Mozilla/5.0 (compatible; Googlebot/2.1; +http://www.google.com/bot.html)"
66.249.65.172 - - [05/Dec/2016:04:07:08 +0000] "GET /category/life/page/2/ HTTP/1.1" 200 10784 "-" "Mozilla/5.0 (Linux; Android 6.0.1; Nexus 5X Build/MMB29P) AppleWebKit/537.36 (KHTML, like Gecko) Chrome/41.0.2272.96 Mobile Safari/537.36 (compatible; Googlebot/2.1; +http://www.google.com/bot.html)"
148.251.176.102 - - [05/Dec/2016:04:23:48 +0000] "GET /2016/08/03/ubuntu16-04-php7-0%E7%8E%AF%E5%A2%83%E6%90%AD%E5%BB%BA/ HTTP/1.1" 200 7531 "http://nubi.me/" "Mozilla/5.0 (Macintosh; Intel Mac OS X 10.7; rv:34.0) Gecko/20100101 Firefox/34.0"
180.76.15.10 - - [05/Dec/2016:04:23:56 +0000] "GET / HTTP/1.1" 200 25419 "-" "Mozilla/5.0 (compatible; Baiduspider/2.0; +http://www.baidu.com/search/spider.html)"
180.76.15.30 - - [05/Dec/2016:04:24:19 +0000] "GET / HTTP/1.1" 200 25419 "-" "Mozilla/5.0 (compatible; Baiduspider/2.0; +http://www.baidu.com/search/spider.html)"
66.249.65.175 - - [05/Dec/2016:04:27:59 +0000] "GET /category/life/ HTTP/1.1" 200 12181 "-" "Mozilla/5.0 (Linux; Android 6.0.1; Nexus 5X Build/MMB29P) AppleWebKit/537.36 (KHTML, like Gecko) Chrome/41.0.2272.96 Mobile Safari/537.36 (compatible; Googlebot/2.1; +http://www.google.com/bot.html)"
173.208.46.11 - - [05/Dec/2016:04:43:42 +0000] "GET /2016/05/20/bash%E5%91%BD%E4%BB%A4%E6%8F%90%E7%A4%BA%E7%AC%A6%E8%AE%BE%E7%BD%AE/ HTTP/1.1" 200 8056 "http://nubi.me" "Mozilla/4.0 (compatible; MSIE 6.0; Windows NT 5.1; en) Opera 8.50"
173.208.46.11 - - [05/Dec/2016:04:43:43 +0000] "POST /wp-comments-post.php HTTP/1.1" 500 3889 "http://nubi.me" "Mozilla/4.0 (compatible; MSIE 6.0; Windows NT 5.1; en) Opera 8.50"
66.249.65.175 - - [05/Dec/2016:04:48:50 +0000] "GET /2015/11/06/%E8%A1%8C%E5%B0%B8%E8%B5%B0%E8%82%89%E7%AC%AC6%E5%AD%A3%E5%88%86%E4%BA%AB/ HTTP/1.1" 200 7487 "-" "Mozilla/5.0 (Linux; Android 6.0.1; Nexus 5X Build/MMB29P) AppleWebKit/537.36 (KHTML, like Gecko) Chrome/41.0.2272.96 Mobile Safari/537.36 (compatible; Googlebot/2.1; +http://www.google.com/bot.html)"
109.228.49.198 - - [05/Dec/2016:04:49:34 +0000] "GET //sql/ HTTP/1.1" 301 383 "-" "Mozilla/5.0"
109.228.49.198 - - [05/Dec/2016:04:49:34 +0000] "GET /sql/ HTTP/1.1" 404 11286 "-" "Mozilla/5.0"
123.126.113.82 - - [05/Dec/2016:04:52:20 +0000] "GET /2016/01/13/debian-%E5%AE%89%E8%A3%85oracle-jdk8/ HTTP/1.1" 200 7660 "-" "Sogou web spider/4.0(+http://www.sogou.com/docs/help/webmasters.htm#07)"
123.126.113.82 - - [05/Dec/2016:04:52:20 +0000] "GET /robots.txt HTTP/1.1" 200 330 "-" "Sogou web spider/4.0(+http://www.sogou.com/docs/help/webmasters.htm#07)"
66.249.65.178 - - [05/Dec/2016:04:55:32 +0000] "GET /2015/10/12/centos6-%E7%BC%96%E8%AF%91subversion1-9%E7%89%88%E6%9C%AC/ HTTP/1.1" 200 7532 "-" "Mozilla/5.0 (compatible; Googlebot/2.1; +http://www.google.com/bot.html)"
66.249.65.172 - - [05/Dec/2016:04:55:33 +0000] "GET /2015/10/12/centos6-%E7%BC%96%E8%AF%91subversion1-9%E7%89%88%E6%9C%AC/ HTTP/1.1" 200 7530 "-" "Mozilla/5.0 (compatible; Googlebot/2.1; +http://www.google.com/bot.html)"
66.249.65.172 - - [05/Dec/2016:05:09:41 +0000] "GET /2015/11/09/%E8%BD%ACubuntu-%E4%B8%8B%E9%85%8D%E7%BD%AE%E4%BD%BF%E7%94%A8android-adb/ HTTP/1.1" 200 7549 "-" "Mozilla/5.0 (Linux; Android 6.0.1; Nexus 5X Build/MMB29P) AppleWebKit/537.36 (KHTML, like Gecko) Chrome/41.0.2272.96 Mobile Safari/537.36 (compatible; Googlebot/2.1; +http://www.google.com/bot.html)"
66.249.65.175 - - [05/Dec/2016:05:12:15 +0000] "GET /page/3/ HTTP/1.1" 200 7975 "-" "Mozilla/5.0 (compatible; Googlebot/2.1; +http://www.google.com/bot.html)"
180.76.15.29 - - [05/Dec/2016:05:24:31 +0000] "GET / HTTP/1.1" 200 25419 "-" "Mozilla/5.0 (compatible; Baiduspider/2.0; +http://www.baidu.com/search/spider.html)"
180.76.15.29 - - [05/Dec/2016:05:24:53 +0000] "GET / HTTP/1.1" 200 25419 "-" "Mozilla/5.0 (compatible; Baiduspider/2.0; +http://www.baidu.com/search/spider.html)"
66.249.65.178 - - [05/Dec/2016:05:26:23 +0000] "GET /2016/07/26/%E9%80%9A%E8%BF%87amazon-ec2%E5%BB%BA%E7%AB%8B%E8%87%AA%E5%B7%B1%E7%9A%84pptp-vpn%E6%9C%8D%E5%8A%A1%E5%99%A8/ HTTP/1.1" 200 9407 "-" "Mozilla/5.0 (compatible; Googlebot/2.1; +http://www.google.com/bot.html)"
77.88.47.34 - - [05/Dec/2016:05:30:03 +0000] "GET /robots.txt HTTP/1.1" 200 367 "-" "Mozilla/5.0 (compatible; YandexBot/3.0; +http://yandex.com/bots)"
77.88.47.34 - - [05/Dec/2016:05:30:06 +0000] "GET /2015/11/ HTTP/1.1" 200 7032 "-" "Mozilla/5.0 (compatible; YandexBot/3.0; +http://yandex.com/bots)"
66.249.65.178 - - [05/Dec/2016:05:30:33 +0000] "GET /author/fagle/ HTTP/1.1" 200 11886 "-" "Mozilla/5.0 (Linux; Android 6.0.1; Nexus 5X Build/MMB29P) AppleWebKit/537.36 (KHTML, like Gecko) Chrome/41.0.2272.96 Mobile Safari/537.36 (compatible; Googlebot/2.1; +http://www.google.com/bot.html)"
77.88.47.34 - - [05/Dec/2016:05:32:07 +0000] "GET /2016/01/13/mysqldump%E4%BD%BF%E7%94%A8%E6%96%B9%E6%B3%95/ HTTP/1.1" 200 9684 "-" "Mozilla/5.0 (compatible; YandexBot/3.0; +http://yandex.com/bots)"
60.190.246.92 - - [05/Dec/2016:05:32:32 +0000] "HEAD /l.php HTTP/1.1" 404 379 "-" "-"
60.190.246.92 - - [05/Dec/2016:05:32:32 +0000] "HEAD /u.php HTTP/1.1" 404 379 "-" "-"
60.190.246.92 - - [05/Dec/2016:05:32:32 +0000] "HEAD /tz.php HTTP/1.1" 404 379 "-" "-"
14.106.227.122 - - [05/Dec/2016:05:39:50 +0000] "GET /2016/05/31/%e6%80%bb%e6%83%b3%e6%8a%98%e8%85%be%e7%82%b9%e5%95%a5/ HTTP/1.0" 200 25252 "http://nubi.me/2016/05/31/%e6%80%bb%e6%83%b3%e6%8a%98%e8%85%be%e7%82%b9%e5%95%a5/#comment-7191" "Mozilla/5.0 (Windows NT 6.1; rv:37.0) Gecko/20100101 Firefox/37.0"
14.106.227.122 - - [05/Dec/2016:05:39:52 +0000] "POST /wp-comments-post.php HTTP/1.0" 500 3889 "http://nubi.me/2016/05/31/%e6%80%bb%e6%83%b3%e6%8a%98%e8%85%be%e7%82%b9%e5%95%a5/#comment-7191" "Mozilla/5.0 (Windows NT 6.1; rv:37.0) Gecko/20100101 Firefox/37.0"
14.106.227.122 - - [05/Dec/2016:05:39:52 +0000] "GET /2016/05/31/%e6%80%bb%e6%83%b3%e6%8a%98%e8%85%be%e7%82%b9%e5%95%a5/ HTTP/1.0" 200 25252 "http://nubi.me/2016/05/31/%e6%80%bb%e6%83%b3%e6%8a%98%e8%85%be%e7%82%b9%e5%95%a5/#comment-7191" "Mozilla/5.0 (Windows NT 6.1; rv:37.0) Gecko/20100101 Firefox/37.0"
112.17.239.172 - - [05/Dec/2016:05:42:20 +0000] "GET / HTTP/1.1" 200 11824 "-" "Mozilla/5.0 (Linux; Android 4.4.2; H60-L01 Build/HDH60-L01) AppleWebKit/537.36 (KHTML, like Gecko) Version/4.0 Chrome/37.0.0.0 Mobile MQQBrowser/6.8 TBS/036884 Safari/537.36 V1_AND_SQ_6.5.8_422_YYB_D QQ/6.5.8.2910 NetType/4G WebP/0.3.0 Pixel/720"
112.17.239.172 - - [05/Dec/2016:05:42:21 +0000] "GET /wp-includes/js/wp-emoji-release.min.js?ver=4.6.1 HTTP/1.1" 200 4362 "http://nubi.me/" "Mozilla/5.0 (Linux; Android 4.4.2; H60-L01 Build/HDH60-L01) AppleWebKit/537.36 (KHTML, like Gecko) Version/4.0 Chrome/37.0.0.0 Mobile MQQBrowser/6.8 TBS/036884 Safari/537.36 V1_AND_SQ_6.5.8_422_YYB_D QQ/6.5.8.2910 NetType/4G WebP/0.3.0 Pixel/720"
112.17.239.172 - - [05/Dec/2016:05:42:21 +0000] "GET /wp-content/themes/great/style.css?ver=4.6.1 HTTP/1.1" 200 11491 "http://nubi.me/" "Mozilla/5.0 (Linux; Android 4.4.2; H60-L01 Build/HDH60-L01) AppleWebKit/537.36 (KHTML, like Gecko) Version/4.0 Chrome/37.0.0.0 Mobile MQQBrowser/6.8 TBS/036884 Safari/537.36 V1_AND_SQ_6.5.8_422_YYB_D QQ/6.5.8.2910 NetType/4G WebP/0.3.0 Pixel/720"
112.17.239.172 - - [05/Dec/2016:05:42:21 +0000] "GET /wp-content/themes/great/font-awesome/css/font-awesome.min.css?ver=4.6.1 HTTP/1.1" 200 5780 "http://nubi.me/" "Mozilla/5.0 (Linux; Android 4.4.2; H60-L01 Build/HDH60-L01) AppleWebKit/537.36 (KHTML, like Gecko) Version/4.0 Chrome/37.0.0.0 Mobile MQQBrowser/6.8 TBS/036884 Safari/537.36 V1_AND_SQ_6.5.8_422_YYB_D QQ/6.5.8.2910 NetType/4G WebP/0.3.0 Pixel/720"
112.17.239.172 - - [05/Dec/2016:05:42:21 +0000] "GET /wp-content/plugins/wp-stats/stats-css.css?ver=2.50 HTTP/1.1" 200 765 "http://nubi.me/" "Mozilla/5.0 (Linux; Android 4.4.2; H60-L01 Build/HDH60-L01) AppleWebKit/537.36 (KHTML, like Gecko) Version/4.0 Chrome/37.0.0.0 Mobile MQQBrowser/6.8 TBS/036884 Safari/537.36 V1_AND_SQ_6.5.8_422_YYB_D QQ/6.5.8.2910 NetType/4G WebP/0.3.0 Pixel/720"
112.17.239.172 - - [05/Dec/2016:05:42:21 +0000] "GET /wp-includes/js/jquery/jquery.js?ver=1.12.4 HTTP/1.1" 200 34119 "http://nubi.me/" "Mozilla/5.0 (Linux; Android 4.4.2; H60-L01 Build/HDH60-L01) AppleWebKit/537.36 (KHTML, like Gecko) Version/4.0 Chrome/37.0.0.0 Mobile MQQBrowser/6.8 TBS/036884 Safari/537.36 V1_AND_SQ_6.5.8_422_YYB_D QQ/6.5.8.2910 NetType/4G WebP/0.3.0 Pixel/720"
112.17.239.172 - - [05/Dec/2016:05:42:21 +0000] "GET /wp-content/themes/great/js/jquery.fitvids.js?ver=4.6.1 HTTP/1.1" 200 1453 "http://nubi.me/" "Mozilla/5.0 (Linux; Android 4.4.2; H60-L01 Build/HDH60-L01) AppleWebKit/537.36 (KHTML, like Gecko) Version/4.0 Chrome/37.0.0.0 Mobile MQQBrowser/6.8 TBS/036884 Safari/537.36 V1_AND_SQ_6.5.8_422_YYB_D QQ/6.5.8.2910 NetType/4G WebP/0.3.0 Pixel/720"
112.17.239.172 - - [05/Dec/2016:05:42:21 +0000] "GET /wp-content/themes/great/js/fitvids-doc-ready.js?ver=4.6.1 HTTP/1.1" 200 493 "http://nubi.me/" "Mozilla/5.0 (Linux; Android 4.4.2; H60-L01 Build/HDH60-L01) AppleWebKit/537.36 (KHTML, like Gecko) Version/4.0 Chrome/37.0.0.0 Mobile MQQBrowser/6.8 TBS/036884 Safari/537.36 V1_AND_SQ_6.5.8_422_YYB_D QQ/6.5.8.2910 NetType/4G WebP/0.3.0 Pixel/720"
112.17.239.172 - - [05/Dec/2016:05:42:21 +0000] "GET /wp-content/themes/great/js/skip-link-focus-fix.js?ver=20130115 HTTP/1.1" 200 727 "http://nubi.me/" "Mozilla/5.0 (Linux; Android 4.4.2; H60-L01 Build/HDH60-L01) AppleWebKit/537.36 (KHTML, like Gecko) Version/4.0 Chrome/37.0.0.0 Mobile MQQBrowser/6.8 TBS/036884 Safari/537.36 V1_AND_SQ_6.5.8_422_YYB_D QQ/6.5.8.2910 NetType/4G WebP/0.3.0 Pixel/720"
112.17.239.172 - - [05/Dec/2016:05:42:21 +0000] "GET /wp-content/themes/great/js/base.js?ver=4.6.1 HTTP/1.1" 200 1005 "http://nubi.me/" "Mozilla/5.0 (Linux; Android 4.4.2; H60-L01 Build/HDH60-L01) AppleWebKit/537.36 (KHTML, like Gecko) Version/4.0 Chrome/37.0.0.0 Mobile MQQBrowser/6.8 TBS/036884 Safari/537.36 V1_AND_SQ_6.5.8_422_YYB_D QQ/6.5.8.2910 NetType/4G WebP/0.3.0 Pixel/720"
112.17.239.172 - - [05/Dec/2016:05:42:21 +0000] "GET /wp-content/themes/great/js/jquery.cycle.all.min.js?ver=2.9999.5 HTTP/1.1" 200 8835 "http://nubi.me/" "Mozilla/5.0 (Linux; Android 4.4.2; H60-L01 Build/HDH60-L01) AppleWebKit/537.36 (KHTML, like Gecko) Version/4.0 Chrome/37.0.0.0 Mobile MQQBrowser/6.8 TBS/036884 Safari/537.36 V1_AND_SQ_6.5.8_422_YYB_D QQ/6.5.8.2910 NetType/4G WebP/0.3.0 Pixel/720"
112.17.239.172 - - [05/Dec/2016:05:42:21 +0000] "GET /wp-content/themes/great/js/slider-setting.js?ver=4.6.1 HTTP/1.1" 200 685 "http://nubi.me/" "Mozilla/5.0 (Linux; Android 4.4.2; H60-L01 Build/HDH60-L01) AppleWebKit/537.36 (KHTML, like Gecko) Version/4.0 Chrome/37.0.0.0 Mobile MQQBrowser/6.8 TBS/036884 Safari/537.36 V1_AND_SQ_6.5.8_422_YYB_D QQ/6.5.8.2910 NetType/4G WebP/0.3.0 Pixel/720"
112.17.239.172 - - [05/Dec/2016:05:42:21 +0000] "GET /wp-includes/js/wp-embed.min.js?ver=4.6.1 HTTP/1.1" 200 1098 "http://nubi.me/" "Mozilla/5.0 (Linux; Android 4.4.2; H60-L01 Build/HDH60-L01) AppleWebKit/537.36 (KHTML, like Gecko) Version/4.0 Chrome/37.0.0.0 Mobile MQQBrowser/6.8 TBS/036884 Safari/537.36 V1_AND_SQ_6.5.8_422_YYB_D QQ/6.5.8.2910 NetType/4G WebP/0.3.0 Pixel/720"
112.17.239.172 - - [05/Dec/2016:05:42:21 +0000] "GET /wp-includes/js/jquery/jquery-migrate.min.js?ver=1.4.1 HTTP/1.1" 200 4365 "http://nubi.me/" "Mozilla/5.0 (Linux; Android 4.4.2; H60-L01 Build/HDH60-L01) AppleWebKit/537.36 (KHTML, like Gecko) Version/4.0 Chrome/37.0.0.0 Mobile MQQBrowser/6.8 TBS/036884 Safari/537.36 V1_AND_SQ_6.5.8_422_YYB_D QQ/6.5.8.2910 NetType/4G WebP/0.3.0 Pixel/720"
112.17.239.172 - - [05/Dec/2016:05:42:21 +0000] "GET /wp-content/themes/great/images/bg.jpg HTTP/1.1" 200 12338 "http://nubi.me/" "Mozilla/5.0 (Linux; Android 4.4.2; H60-L01 Build/HDH60-L01) AppleWebKit/537.36 (KHTML, like Gecko) Version/4.0 Chrome/37.0.0.0 Mobile MQQBrowser/6.8 TBS/036884 Safari/537.36 V1_AND_SQ_6.5.8_422_YYB_D QQ/6.5.8.2910 NetType/4G WebP/0.3.0 Pixel/720"
112.17.239.172 - - [05/Dec/2016:05:42:21 +0000] "GET /wp-content/themes/great/images/divider.png HTTP/1.1" 200 3639 "http://nubi.me/wp-content/themes/great/style.css?ver=4.6.1" "Mozilla/5.0 (Linux; Android 4.4.2; H60-L01 Build/HDH60-L01) AppleWebKit/537.36 (KHTML, like Gecko) Version/4.0 Chrome/37.0.0.0 Mobile MQQBrowser/6.8 TBS/036884 Safari/537.36 V1_AND_SQ_6.5.8_422_YYB_D QQ/6.5.8.2910 NetType/4G WebP/0.3.0 Pixel/720"
112.17.239.172 - - [05/Dec/2016:05:42:21 +0000] "GET /wp-content/themes/great/images/menu_bg.png HTTP/1.1" 200 4331 "http://nubi.me/wp-content/themes/great/style.css?ver=4.6.1" "Mozilla/5.0 (Linux; Android 4.4.2; H60-L01 Build/HDH60-L01) AppleWebKit/537.36 (KHTML, like Gecko) Version/4.0 Chrome/37.0.0.0 Mobile MQQBrowser/6.8 TBS/036884 Safari/537.36 V1_AND_SQ_6.5.8_422_YYB_D QQ/6.5.8.2910 NetType/4G WebP/0.3.0 Pixel/720"
112.17.239.172 - - [05/Dec/2016:05:42:21 +0000] "GET /wp-content/themes/great/font-awesome/fonts/fontawesome-webfont.woff2?v=4.3.0 HTTP/1.1" 200 57041 "http://nubi.me/wp-content/themes/great/font-awesome/css/font-awesome.min.css?ver=4.6.1" "Mozilla/5.0 (Linux; Android 4.4.2; H60-L01 Build/HDH60-L01) AppleWebKit/537.36 (KHTML, like Gecko) Version/4.0 Chrome/37.0.0.0 Mobile MQQBrowser/6.8 TBS/036884 Safari/537.36 V1_AND_SQ_6.5.8_422_YYB_D QQ/6.5.8.2910 NetType/4G WebP/0.3.0 Pixel/720"
112.17.239.172 - - [05/Dec/2016:05:42:21 +0000] "GET /wp-content/themes/great/images/header.png HTTP/1.1" 200 262017 "http://nubi.me/" "Mozilla/5.0 (Linux; Android 4.4.2; H60-L01 Build/HDH60-L01) AppleWebKit/537.36 (KHTML, like Gecko) Version/4.0 Chrome/37.0.0.0 Mobile MQQBrowser/6.8 TBS/036884 Safari/537.36 V1_AND_SQ_6.5.8_422_YYB_D QQ/6.5.8.2910 NetType/4G WebP/0.3.0 Pixel/720"
112.17.239.172 - - [05/Dec/2016:05:42:24 +0000] "GET /%7B%7BimgSrc%7D%7D HTTP/1.1" 404 11296 "http://nubi.me/" "Mozilla/5.0 (Linux; Android 4.4.2; H60-L01 Build/HDH60-L01) AppleWebKit/537.36 (KHTML, like Gecko) Version/4.0 Chrome/37.0.0.0 Mobile MQQBrowser/6.8 TBS/036884 Safari/537.36 V1_AND_SQ_6.5.8_422_YYB_D QQ/6.5.8.2910 NetType/4G WebP/0.3.0 Pixel/720"
::1 - - [05/Dec/2016:05:42:27 +0000] "OPTIONS * HTTP/1.0" 200 125 "-" "Apache/2.4.7 (Ubuntu) PHP/5.5.9-1ubuntu4.19 (internal dummy connection)"
::1 - - [05/Dec/2016:05:42:28 +0000] "OPTIONS * HTTP/1.0" 200 125 "-" "Apache/2.4.7 (Ubuntu) PHP/5.5.9-1ubuntu4.19 (internal dummy connection)"
::1 - - [05/Dec/2016:05:42:31 +0000] "OPTIONS * HTTP/1.0" 200 125 "-" "Apache/2.4.7 (Ubuntu) PHP/5.5.9-1ubuntu4.19 (internal dummy connection)"
115.236.52.66 - - [05/Dec/2016:05:44:37 +0000] "GET / HTTP/1.1" 200 11824 "-" "Mozilla/5.0 (Windows NT 10.0; WOW64) AppleWebKit/537.36 (KHTML, like Gecko) Chrome/50.0.2661.102 UBrowser/5.7.16400.812 Safari/537.36"
115.236.52.66 - - [05/Dec/2016:05:44:37 +0000] "GET /wp-content/themes/great/style.css?ver=4.6.1 HTTP/1.1" 200 11491 "http://nubi.me/" "Mozilla/5.0 (Windows NT 10.0; WOW64) AppleWebKit/537.36 (KHTML, like Gecko) Chrome/50.0.2661.102 UBrowser/5.7.16400.812 Safari/537.36"
115.236.52.66 - - [05/Dec/2016:05:44:37 +0000] "GET /wp-content/plugins/wp-stats/stats-css.css?ver=2.50 HTTP/1.1" 200 765 "http://nubi.me/" "Mozilla/5.0 (Windows NT 10.0; WOW64) AppleWebKit/537.36 (KHTML, like Gecko) Chrome/50.0.2661.102 UBrowser/5.7.16400.812 Safari/537.36"
115.236.52.66 - - [05/Dec/2016:05:44:37 +0000] "GET /wp-content/themes/great/font-awesome/css/font-awesome.min.css?ver=4.6.1 HTTP/1.1" 200 5779 "http://nubi.me/" "Mozilla/5.0 (Windows NT 10.0; WOW64) AppleWebKit/537.36 (KHTML, like Gecko) Chrome/50.0.2661.102 UBrowser/5.7.16400.812 Safari/537.36"
115.236.52.66 - - [05/Dec/2016:05:44:37 +0000] "GET /wp-includes/js/jquery/jquery.js?ver=1.12.4 HTTP/1.1" 200 34118 "http://nubi.me/" "Mozilla/5.0 (Windows NT 10.0; WOW64) AppleWebKit/537.36 (KHTML, like Gecko) Chrome/50.0.2661.102 UBrowser/5.7.16400.812 Safari/537.36"
115.236.52.66 - - [05/Dec/2016:05:44:37 +0000] "GET /wp-includes/js/jquery/jquery-migrate.min.js?ver=1.4.1 HTTP/1.1" 200 4364 "http://nubi.me/" "Mozilla/5.0 (Windows NT 10.0; WOW64) AppleWebKit/537.36 (KHTML, like Gecko) Chrome/50.0.2661.102 UBrowser/5.7.16400.812 Safari/537.36"
115.236.52.66 - - [05/Dec/2016:05:44:37 +0000] "GET /wp-content/themes/great/js/jquery.fitvids.js?ver=4.6.1 HTTP/1.1" 200 1454 "http://nubi.me/" "Mozilla/5.0 (Windows NT 10.0; WOW64) AppleWebKit/537.36 (KHTML, like Gecko) Chrome/50.0.2661.102 UBrowser/5.7.16400.812 Safari/537.36"
115.236.52.66 - - [05/Dec/2016:05:44:37 +0000] "GET /wp-content/themes/great/js/fitvids-doc-ready.js?ver=4.6.1 HTTP/1.1" 200 494 "http://nubi.me/" "Mozilla/5.0 (Windows NT 10.0; WOW64) AppleWebKit/537.36 (KHTML, like Gecko) Chrome/50.0.2661.102 UBrowser/5.7.16400.812 Safari/537.36"
115.236.52.66 - - [05/Dec/2016:05:44:37 +0000] "GET /wp-content/themes/great/js/base.js?ver=4.6.1 HTTP/1.1" 200 1005 "http://nubi.me/" "Mozilla/5.0 (Windows NT 10.0; WOW64) AppleWebKit/537.36 (KHTML, like Gecko) Chrome/50.0.2661.102 UBrowser/5.7.16400.812 Safari/537.36"
115.236.52.66 - - [05/Dec/2016:05:44:38 +0000] "GET /wp-content/themes/great/js/skip-link-focus-fix.js?ver=20130115 HTTP/1.1" 200 727 "http://nubi.me/" "Mozilla/5.0 (Windows NT 10.0; WOW64) AppleWebKit/537.36 (KHTML, like Gecko) Chrome/50.0.2661.102 UBrowser/5.7.16400.812 Safari/537.36"
115.236.52.66 - - [05/Dec/2016:05:44:38 +0000] "GET /wp-content/themes/great/js/jquery.cycle.all.min.js?ver=2.9999.5 HTTP/1.1" 200 8835 "http://nubi.me/" "Mozilla/5.0 (Windows NT 10.0; WOW64) AppleWebKit/537.36 (KHTML, like Gecko) Chrome/50.0.2661.102 UBrowser/5.7.16400.812 Safari/537.36"
115.236.52.66 - - [05/Dec/2016:05:44:38 +0000] "GET /wp-content/themes/great/js/slider-setting.js?ver=4.6.1 HTTP/1.1" 200 685 "http://nubi.me/" "Mozilla/5.0 (Windows NT 10.0; WOW64) AppleWebKit/537.36 (KHTML, like Gecko) Chrome/50.0.2661.102 UBrowser/5.7.16400.812 Safari/537.36"
115.236.52.66 - - [05/Dec/2016:05:44:38 +0000] "GET /wp-includes/js/wp-embed.min.js?ver=4.6.1 HTTP/1.1" 200 1098 "http://nubi.me/" "Mozilla/5.0 (Windows NT 10.0; WOW64) AppleWebKit/537.36 (KHTML, like Gecko) Chrome/50.0.2661.102 UBrowser/5.7.16400.812 Safari/537.36"
115.236.52.66 - - [05/Dec/2016:05:44:38 +0000] "GET /wp-includes/js/wp-emoji-release.min.js?ver=4.6.1 HTTP/1.1" 200 4362 "http://nubi.me/" "Mozilla/5.0 (Windows NT 10.0; WOW64) AppleWebKit/537.36 (KHTML, like Gecko) Chrome/50.0.2661.102 UBrowser/5.7.16400.812 Safari/537.36"
115.236.52.66 - - [05/Dec/2016:05:44:41 +0000] "GET /wp-content/themes/great/images/bg.jpg HTTP/1.1" 200 12338 "http://nubi.me/" "Mozilla/5.0 (Windows NT 10.0; WOW64) AppleWebKit/537.36 (KHTML, like Gecko) Chrome/50.0.2661.102 UBrowser/5.7.16400.812 Safari/537.36"
115.236.52.66 - - [05/Dec/2016:05:44:41 +0000] "GET /wp-content/themes/great/font-awesome/fonts/fontawesome-webfont.woff2?v=4.3.0 HTTP/1.1" 200 57041 "http://nubi.me/wp-content/themes/great/font-awesome/css/font-awesome.min.css?ver=4.6.1" "Mozilla/5.0 (Windows NT 10.0; WOW64) AppleWebKit/537.36 (KHTML, like Gecko) Chrome/50.0.2661.102 UBrowser/5.7.16400.812 Safari/537.36"
115.236.52.66 - - [05/Dec/2016:05:44:41 +0000] "GET /wp-content/themes/great/images/menu_bg.png HTTP/1.1" 200 4331 "http://nubi.me/wp-content/themes/great/style.css?ver=4.6.1" "Mozilla/5.0 (Windows NT 10.0; WOW64) AppleWebKit/537.36 (KHTML, like Gecko) Chrome/50.0.2661.102 UBrowser/5.7.16400.812 Safari/537.36"
115.236.52.66 - - [05/Dec/2016:05:44:41 +0000] "GET /wp-content/themes/great/images/divider.png HTTP/1.1" 200 3640 "http://nubi.me/wp-content/themes/great/style.css?ver=4.6.1" "Mozilla/5.0 (Windows NT 10.0; WOW64) AppleWebKit/537.36 (KHTML, like Gecko) Chrome/50.0.2661.102 UBrowser/5.7.16400.812 Safari/537.36"
115.236.52.66 - - [05/Dec/2016:05:44:47 +0000] "GET /2016/10/08/%e5%ae%8c%e6%88%90%e7%ab%99%e7%82%b9%e8%bf%81%e7%a7%bb%e5%88%b0%e4%ba%9a%e9%a9%ac%e9%80%8a%e4%ba%91%e6%9c%8d%e5%8a%a1%e5%99%a8/ HTTP/1.1" 200 8100 "http://nubi.me/" "Mozilla/5.0 (Windows NT 10.0; WOW64) AppleWebKit/537.36 (KHTML, like Gecko) Chrome/50.0.2661.102 UBrowser/5.7.16400.812 Safari/537.36"
115.236.52.66 - - [05/Dec/2016:05:44:41 +0000] "GET /wp-content/themes/great/images/header.png HTTP/1.1" 200 148920 "http://nubi.me/" "Mozilla/5.0 (Windows NT 10.0; WOW64) AppleWebKit/537.36 (KHTML, like Gecko) Chrome/50.0.2661.102 UBrowser/5.7.16400.812 Safari/537.36"
115.236.52.66 - - [05/Dec/2016:05:44:47 +0000] "GET /wp-content/plugins/wp-fancy-captcha/captcha/captcha.css HTTP/1.1" 200 953 "http://nubi.me/2016/10/08/%e5%ae%8c%e6%88%90%e7%ab%99%e7%82%b9%e8%bf%81%e7%a7%bb%e5%88%b0%e4%ba%9a%e9%a9%ac%e9%80%8a%e4%ba%91%e6%9c%8d%e5%8a%a1%e5%99%a8/" "Mozilla/5.0 (Windows NT 10.0; WOW64) AppleWebKit/537.36 (KHTML, like Gecko) Chrome/50.0.2661.102 UBrowser/5.7.16400.812 Safari/537.36"
115.236.52.66 - - [05/Dec/2016:05:44:47 +0000] "GET /wp-content/plugins/wp-fancy-captcha/captcha/jquery.captcha.js HTTP/1.1" 200 1351 "http://nubi.me/2016/10/08/%e5%ae%8c%e6%88%90%e7%ab%99%e7%82%b9%e8%bf%81%e7%a7%bb%e5%88%b0%e4%ba%9a%e9%a9%ac%e9%80%8a%e4%ba%91%e6%9c%8d%e5%8a%a1%e5%99%a8/" "Mozilla/5.0 (Windows NT 10.0; WOW64) AppleWebKit/537.36 (KHTML, like Gecko) Chrome/50.0.2661.102 UBrowser/5.7.16400.812 Safari/537.36"
115.236.52.66 - - [05/Dec/2016:05:44:47 +0000] "GET /wp-includes/js/comment-reply.min.js?ver=4.6.1 HTTP/1.1" 200 938 "http://nubi.me/2016/10/08/%e5%ae%8c%e6%88%90%e7%ab%99%e7%82%b9%e8%bf%81%e7%a7%bb%e5%88%b0%e4%ba%9a%e9%a9%ac%e9%80%8a%e4%ba%91%e6%9c%8d%e5%8a%a1%e5%99%a8/" "Mozilla/5.0 (Windows NT 10.0; WOW64) AppleWebKit/537.36 (KHTML, like Gecko) Chrome/50.0.2661.102 UBrowser/5.7.16400.812 Safari/537.36"
115.236.52.66 - - [05/Dec/2016:05:44:47 +0000] "GET /wp-content/plugins/wp-fancy-captcha/captcha/jquery-1.6.2.min.js HTTP/1.1" 200 32418 "http://nubi.me/2016/10/08/%e5%ae%8c%e6%88%90%e7%ab%99%e7%82%b9%e8%bf%81%e7%a7%bb%e5%88%b0%e4%ba%9a%e9%a9%ac%e9%80%8a%e4%ba%91%e6%9c%8d%e5%8a%a1%e5%99%a8/" "Mozilla/5.0 (Windows NT 10.0; WOW64) AppleWebKit/537.36 (KHTML, like Gecko) Chrome/50.0.2661.102 UBrowser/5.7.16400.812 Safari/537.36"
115.236.52.66 - - [05/Dec/2016:05:44:47 +0000] "GET /wp-content/themes/great/images/header.png HTTP/1.1" 206 339 "http://nubi.me/2016/10/08/%e5%ae%8c%e6%88%90%e7%ab%99%e7%82%b9%e8%bf%81%e7%a7%bb%e5%88%b0%e4%ba%9a%e9%a9%ac%e9%80%8a%e4%ba%91%e6%9c%8d%e5%8a%a1%e5%99%a8/" "Mozilla/5.0 (Windows NT 10.0; WOW64) AppleWebKit/537.36 (KHTML, like Gecko) Chrome/50.0.2661.102 UBrowser/5.7.16400.812 Safari/537.36"
115.236.52.66 - - [05/Dec/2016:05:44:47 +0000] "GET /wp-content/plugins/wp-fancy-captcha/captcha/jquery-ui.min.js HTTP/1.1" 200 52772 "http://nubi.me/2016/10/08/%e5%ae%8c%e6%88%90%e7%ab%99%e7%82%b9%e8%bf%81%e7%a7%bb%e5%88%b0%e4%ba%9a%e9%a9%ac%e9%80%8a%e4%ba%91%e6%9c%8d%e5%8a%a1%e5%99%a8/" "Mozilla/5.0 (Windows NT 10.0; WOW64) AppleWebKit/537.36 (KHTML, like Gecko) Chrome/50.0.2661.102 UBrowser/5.7.16400.812 Safari/537.36"
115.236.52.66 - - [05/Dec/2016:05:44:51 +0000] "GET /wp-content/plugins/wp-fancy-captcha/captcha/captcha.php HTTP/1.1" 200 425 "http://nubi.me/2016/10/08/%e5%ae%8c%e6%88%90%e7%ab%99%e7%82%b9%e8%bf%81%e7%a7%bb%e5%88%b0%e4%ba%9a%e9%a9%ac%e9%80%8a%e4%ba%91%e6%9c%8d%e5%8a%a1%e5%99%a8/" "Mozilla/5.0 (Windows NT 10.0; WOW64) AppleWebKit/537.36 (KHTML, like Gecko) Chrome/50.0.2661.102 UBrowser/5.7.16400.812 Safari/537.36"
115.236.52.66 - - [05/Dec/2016:05:44:52 +0000] "GET /wp-content/plugins/wp-fancy-captcha/captcha/imgs/bg-content-div.png HTTP/1.1" 200 433 "http://nubi.me/wp-content/plugins/wp-fancy-captcha/captcha/captcha.css" "Mozilla/5.0 (Windows NT 10.0; WOW64) AppleWebKit/537.36 (KHTML, like Gecko) Chrome/50.0.2661.102 UBrowser/5.7.16400.812 Safari/537.36"
115.236.52.66 - - [05/Dec/2016:05:44:52 +0000] "GET /wp-content/plugins/wp-fancy-captcha/captcha/imgs/bg-items.png HTTP/1.1" 200 1218 "http://nubi.me/wp-content/plugins/wp-fancy-captcha/captcha/captcha.css" "Mozilla/5.0 (Windows NT 10.0; WOW64) AppleWebKit/537.36 (KHTML, like Gecko) Chrome/50.0.2661.102 UBrowser/5.7.16400.812 Safari/537.36"
115.236.52.66 - - [05/Dec/2016:05:44:52 +0000] "GET /wp-content/plugins/wp-fancy-captcha/captcha/imgs/circle.png HTTP/1.1" 200 3793 "http://nubi.me/wp-content/plugins/wp-fancy-captcha/captcha/captcha.css" "Mozilla/5.0 (Windows NT 10.0; WOW64) AppleWebKit/537.36 (KHTML, like Gecko) Chrome/50.0.2661.102 UBrowser/5.7.16400.812 Safari/537.36"
115.236.52.66 - - [05/Dec/2016:05:44:52 +0000] "GET /wp-content/plugins/wp-fancy-captcha/captcha/imgs/border-left.png HTTP/1.1" 200 731 "http://nubi.me/2016/10/08/%e5%ae%8c%e6%88%90%e7%ab%99%e7%82%b9%e8%bf%81%e7%a7%bb%e5%88%b0%e4%ba%9a%e9%a9%ac%e9%80%8a%e4%ba%91%e6%9c%8d%e5%8a%a1%e5%99%a8/" "Mozilla/5.0 (Windows NT 10.0; WOW64) AppleWebKit/537.36 (KHTML, like Gecko) Chrome/50.0.2661.102 UBrowser/5.7.16400.812 Safari/537.36"
115.236.52.66 - - [05/Dec/2016:05:44:52 +0000] "GET /wp-content/plugins/wp-fancy-captcha/captcha/imgs/border-right.png HTTP/1.1" 200 733 "http://nubi.me/2016/10/08/%e5%ae%8c%e6%88%90%e7%ab%99%e7%82%b9%e8%bf%81%e7%a7%bb%e5%88%b0%e4%ba%9a%e9%a9%ac%e9%80%8a%e4%ba%91%e6%9c%8d%e5%8a%a1%e5%99%a8/" "Mozilla/5.0 (Windows NT 10.0; WOW64) AppleWebKit/537.36 (KHTML, like Gecko) Chrome/50.0.2661.102 UBrowser/5.7.16400.812 Safari/537.36"
115.236.52.66 - - [05/Dec/2016:05:44:52 +0000] "GET /wp-content/plugins/wp-fancy-captcha/captcha/imgs/item-none.png HTTP/1.1" 200 2546 "http://nubi.me/2016/10/08/%e5%ae%8c%e6%88%90%e7%ab%99%e7%82%b9%e8%bf%81%e7%a7%bb%e5%88%b0%e4%ba%9a%e9%a9%ac%e9%80%8a%e4%ba%91%e6%9c%8d%e5%8a%a1%e5%99%a8/" "Mozilla/5.0 (Windows NT 10.0; WOW64) AppleWebKit/537.36 (KHTML, like Gecko) Chrome/50.0.2661.102 UBrowser/5.7.16400.812 Safari/537.36"
115.236.52.66 - - [05/Dec/2016:05:44:52 +0000] "GET /wp-content/plugins/wp-fancy-captcha/captcha/imgs/item-note.png HTTP/1.1" 200 2149 "http://nubi.me/2016/10/08/%e5%ae%8c%e6%88%90%e7%ab%99%e7%82%b9%e8%bf%81%e7%a7%bb%e5%88%b0%e4%ba%9a%e9%a9%ac%e9%80%8a%e4%ba%91%e6%9c%8d%e5%8a%a1%e5%99%a8/" "Mozilla/5.0 (Windows NT 10.0; WOW64) AppleWebKit/537.36 (KHTML, like Gecko) Chrome/50.0.2661.102 UBrowser/5.7.16400.812 Safari/537.36"
115.236.52.66 - - [05/Dec/2016:05:44:52 +0000] "GET /wp-content/plugins/wp-fancy-captcha/captcha/imgs/item-scissors.png HTTP/1.1" 200 2411 "http://nubi.me/2016/10/08/%e5%ae%8c%e6%88%90%e7%ab%99%e7%82%b9%e8%bf%81%e7%a7%bb%e5%88%b0%e4%ba%9a%e9%a9%ac%e9%80%8a%e4%ba%91%e6%9c%8d%e5%8a%a1%e5%99%a8/" "Mozilla/5.0 (Windows NT 10.0; WOW64) AppleWebKit/537.36 (KHTML, like Gecko) Chrome/50.0.2661.102 UBrowser/5.7.16400.812 Safari/537.36"
115.236.52.66 - - [05/Dec/2016:05:44:52 +0000] "GET /wp-content/plugins/wp-fancy-captcha/captcha/imgs/item-heart.png HTTP/1.1" 200 2151 "http://nubi.me/2016/10/08/%e5%ae%8c%e6%88%90%e7%ab%99%e7%82%b9%e8%bf%81%e7%a7%bb%e5%88%b0%e4%ba%9a%e9%a9%ac%e9%80%8a%e4%ba%91%e6%9c%8d%e5%8a%a1%e5%99%a8/" "Mozilla/5.0 (Windows NT 10.0; WOW64) AppleWebKit/537.36 (KHTML, like Gecko) Chrome/50.0.2661.102 UBrowser/5.7.16400.812 Safari/537.36"
115.236.52.66 - - [05/Dec/2016:05:44:52 +0000] "GET /wp-content/plugins/wp-fancy-captcha/captcha/imgs/item-clock.png HTTP/1.1" 200 2419 "http://nubi.me/2016/10/08/%e5%ae%8c%e6%88%90%e7%ab%99%e7%82%b9%e8%bf%81%e7%a7%bb%e5%88%b0%e4%ba%9a%e9%a9%ac%e9%80%8a%e4%ba%91%e6%9c%8d%e5%8a%a1%e5%99%a8/" "Mozilla/5.0 (Windows NT 10.0; WOW64) AppleWebKit/537.36 (KHTML, like Gecko) Chrome/50.0.2661.102 UBrowser/5.7.16400.812 Safari/537.36"
115.236.52.66 - - [05/Dec/2016:05:44:47 +0000] "GET /wp-content/themes/great/images/header.png HTTP/1.1" 206 180048 "http://nubi.me/2016/10/08/%e5%ae%8c%e6%88%90%e7%ab%99%e7%82%b9%e8%bf%81%e7%a7%bb%e5%88%b0%e4%ba%9a%e9%a9%ac%e9%80%8a%e4%ba%91%e6%9c%8d%e5%8a%a1%e5%99%a8/" "Mozilla/5.0 (Windows NT 10.0; WOW64) AppleWebKit/537.36 (KHTML, like Gecko) Chrome/50.0.2661.102 UBrowser/5.7.16400.812 Safari/537.36"
115.236.52.66 - - [05/Dec/2016:05:44:57 +0000] "GET /favicon.ico HTTP/1.1" 200 238 "http://nubi.me/2016/10/08/%e5%ae%8c%e6%88%90%e7%ab%99%e7%82%b9%e8%bf%81%e7%a7%bb%e5%88%b0%e4%ba%9a%e9%a9%ac%e9%80%8a%e4%ba%91%e6%9c%8d%e5%8a%a1%e5%99%a8/" "Mozilla/5.0 (Windows NT 10.0; WOW64) AppleWebKit/537.36 (KHTML, like Gecko) Chrome/50.0.2661.102 UBrowser/5.7.16400.812 Safari/537.36"
::1 - - [05/Dec/2016:05:44:59 +0000] "OPTIONS * HTTP/1.0" 200 125 "-" "Apache/2.4.7 (Ubuntu) PHP/5.5.9-1ubuntu4.19 (internal dummy connection)"
::1 - - [05/Dec/2016:05:45:00 +0000] "OPTIONS * HTTP/1.0" 200 125 "-" "Apache/2.4.7 (Ubuntu) PHP/5.5.9-1ubuntu4.19 (internal dummy connection)"
::1 - - [05/Dec/2016:05:45:04 +0000] "OPTIONS * HTTP/1.0" 200 125 "-" "Apache/2.4.7 (Ubuntu) PHP/5.5.9-1ubuntu4.19 (internal dummy connection)"
115.236.52.66 - - [05/Dec/2016:05:46:25 +0000] "GET /wp-admin/load-styles.php?c=0&dir=ltr&load%5B%5D=dashicons,buttons,forms,l10n,login&ver=4.5.4 HTTP/1.1" 200 36308 "http://localhost/wp-login.php?interim-login=1" "Mozilla/5.0 (Windows NT 10.0; WOW64) AppleWebKit/537.36 (KHTML, like Gecko) Chrome/50.0.2661.102 UBrowser/5.7.16400.812 Safari/537.36"
115.236.52.66 - - [05/Dec/2016:05:46:25 +0000] "GET /wp-admin/images/wordpress-logo.svg?ver=20131107 HTTP/1.1" 200 1809 "http://nubi.me/wp-admin/load-styles.php?c=0&dir=ltr&load%5B%5D=dashicons,buttons,forms,l10n,login&ver=4.5.4" "Mozilla/5.0 (Windows NT 10.0; WOW64) AppleWebKit/537.36 (KHTML, like Gecko) Chrome/50.0.2661.102 UBrowser/5.7.16400.812 Safari/537.36"
115.236.52.66 - - [05/Dec/2016:05:47:29 +0000] "POST /wp-login.php HTTP/1.1" 200 1781 "http://localhost/wp-login.php?interim-login=1" "Mozilla/5.0 (Windows NT 10.0; WOW64) AppleWebKit/537.36 (KHTML, like Gecko) Chrome/50.0.2661.102 UBrowser/5.7.16400.812 Safari/537.36"
104.144.128.211 - - [05/Dec/2016:05:49:50 +0000] "GET /2016/08/02/bitbucket-%e5%ae%89%e8%a3%85%e6%95%99%e7%a8%8b/ HTTP/1.1" 200 8277 "http://nubi.me/" "Mozilla/5.0 (Macintosh; Intel Mac OS X 10.7; rv:34.0) Gecko/20100101 Firefox/34.0"
104.144.128.211 - - [05/Dec/2016:05:49:51 +0000] "GET /wp-login.php?action=register HTTP/1.1" 200 1503 "http://nubi.me/" "Opera/9.80 (Windows NT 6.2; Win64; x64) Presto/2.12.388 Version/12.17"
192.126.161.150 - - [05/Dec/2016:05:49:51 +0000] "GET /2016/06/05/beaglebone-black%E5%AE%89%E8%A3%85%E5%B0%8F%E7%B1%B3%E9%9A%8F%E8%BA%ABwifi%E9%A9%B1%E5%8A%A8%E6%96%B9%E6%B3%95/ HTTP/1.1" 200 8528 "http://nubi.me" "Mozilla/4.0 (compatible; MSIE 6.0; Windows NT 5.1; en) Opera 8.50"
104.144.128.211 - - [05/Dec/2016:05:49:52 +0000] "GET /wp-login.php?action=register HTTP/1.1" 200 1503 "http://nubi.me/wp-login.php?action=register" "Opera/9.80 (Windows NT 6.2; Win64; x64) Presto/2.12.388 Version/12.17"
192.126.161.150 - - [05/Dec/2016:05:49:52 +0000] "POST /wp-comments-post.php HTTP/1.1" 500 3889 "http://nubi.me" "Mozilla/4.0 (compatible; MSIE 6.0; Windows NT 5.1; en) Opera 8.50"
104.144.128.211 - - [05/Dec/2016:05:49:57 +0000] "POST /wp-login.php?action=register HTTP/1.1" 302 413 "http://nubi.me/wp-login.php?action=register" "Opera/9.80 (Windows NT 6.2; Win64; x64) Presto/2.12.388 Version/12.17"
104.144.128.211 - - [05/Dec/2016:05:49:58 +0000] "GET /wp-login.php?checkemail=registered HTTP/1.1" 200 1610 "http://nubi.me/wp-login.php?action=register" "Opera/9.80 (Windows NT 6.2; Win64; x64) Presto/2.12.388 Version/12.17"
66.249.65.178 - - [05/Dec/2016:05:51:27 +0000] "GET /2015/11/06/ HTTP/1.1" 200 6518 "-" "Mozilla/5.0 (Linux; Android 6.0.1; Nexus 5X Build/MMB29P) AppleWebKit/537.36 (KHTML, like Gecko) Chrome/41.0.2272.96 Mobile Safari/537.36 (compatible; Googlebot/2.1; +http://www.google.com/bot.html)"
115.236.52.66 - - [05/Dec/2016:05:55:05 +0000] "GET /2016/10/08/%e5%ae%8c%e6%88%90%e7%ab%99%e7%82%b9%e8%bf%81%e7%a7%bb%e5%88%b0%e4%ba%9a%e9%a9%ac%e9%80%8a%e4%ba%91%e6%9c%8d%e5%8a%a1%e5%99%a8/ HTTP/1.1" 200 8100 "http://nubi.me/" "Mozilla/5.0 (Windows NT 10.0; WOW64) AppleWebKit/537.36 (KHTML, like Gecko) Chrome/50.0.2661.102 UBrowser/5.7.16400.812 Safari/537.36"
115.236.52.66 - - [05/Dec/2016:05:55:05 +0000] "GET /wp-content/themes/great/style.css?ver=4.6.1 HTTP/1.1" 200 11491 "http://nubi.me/2016/10/08/%e5%ae%8c%e6%88%90%e7%ab%99%e7%82%b9%e8%bf%81%e7%a7%bb%e5%88%b0%e4%ba%9a%e9%a9%ac%e9%80%8a%e4%ba%91%e6%9c%8d%e5%8a%a1%e5%99%a8/" "Mozilla/5.0 (Windows NT 10.0; WOW64) AppleWebKit/537.36 (KHTML, like Gecko) Chrome/50.0.2661.102 UBrowser/5.7.16400.812 Safari/537.36"
115.236.52.66 - - [05/Dec/2016:05:55:05 +0000] "GET /wp-content/plugins/wp-stats/stats-css.css?ver=2.50 HTTP/1.1" 200 765 "http://nubi.me/2016/10/08/%e5%ae%8c%e6%88%90%e7%ab%99%e7%82%b9%e8%bf%81%e7%a7%bb%e5%88%b0%e4%ba%9a%e9%a9%ac%e9%80%8a%e4%ba%91%e6%9c%8d%e5%8a%a1%e5%99%a8/" "Mozilla/5.0 (Windows NT 10.0; WOW64) AppleWebKit/537.36 (KHTML, like Gecko) Chrome/50.0.2661.102 UBrowser/5.7.16400.812 Safari/537.36"
115.236.52.66 - - [05/Dec/2016:05:55:05 +0000] "GET /wp-includes/js/jquery/jquery-migrate.min.js?ver=1.4.1 HTTP/1.1" 200 4365 "http://nubi.me/2016/10/08/%e5%ae%8c%e6%88%90%e7%ab%99%e7%82%b9%e8%bf%81%e7%a7%bb%e5%88%b0%e4%ba%9a%e9%a9%ac%e9%80%8a%e4%ba%91%e6%9c%8d%e5%8a%a1%e5%99%a8/" "Mozilla/5.0 (Windows NT 10.0; WOW64) AppleWebKit/537.36 (KHTML, like Gecko) Chrome/50.0.2661.102 UBrowser/5.7.16400.812 Safari/537.36"
115.236.52.66 - - [05/Dec/2016:05:55:05 +0000] "GET /wp-includes/js/jquery/jquery.js?ver=1.12.4 HTTP/1.1" 200 34119 "http://nubi.me/2016/10/08/%e5%ae%8c%e6%88%90%e7%ab%99%e7%82%b9%e8%bf%81%e7%a7%bb%e5%88%b0%e4%ba%9a%e9%a9%ac%e9%80%8a%e4%ba%91%e6%9c%8d%e5%8a%a1%e5%99%a8/" "Mozilla/5.0 (Windows NT 10.0; WOW64) AppleWebKit/537.36 (KHTML, like Gecko) Chrome/50.0.2661.102 UBrowser/5.7.16400.812 Safari/537.36"
115.236.52.66 - - [05/Dec/2016:05:55:05 +0000] "GET /wp-content/themes/great/font-awesome/css/font-awesome.min.css?ver=4.6.1 HTTP/1.1" 200 5779 "http://nubi.me/2016/10/08/%e5%ae%8c%e6%88%90%e7%ab%99%e7%82%b9%e8%bf%81%e7%a7%bb%e5%88%b0%e4%ba%9a%e9%a9%ac%e9%80%8a%e4%ba%91%e6%9c%8d%e5%8a%a1%e5%99%a8/" "Mozilla/5.0 (Windows NT 10.0; WOW64) AppleWebKit/537.36 (KHTML, like Gecko) Chrome/50.0.2661.102 UBrowser/5.7.16400.812 Safari/537.36"
115.236.52.66 - - [05/Dec/2016:05:55:06 +0000] "GET /wp-content/plugins/wp-fancy-captcha/captcha/captcha.css HTTP/1.1" 200 953 "http://nubi.me/2016/10/08/%e5%ae%8c%e6%88%90%e7%ab%99%e7%82%b9%e8%bf%81%e7%a7%bb%e5%88%b0%e4%ba%9a%e9%a9%ac%e9%80%8a%e4%ba%91%e6%9c%8d%e5%8a%a1%e5%99%a8/" "Mozilla/5.0 (Windows NT 10.0; WOW64) AppleWebKit/537.36 (KHTML, like Gecko) Chrome/50.0.2661.102 UBrowser/5.7.16400.812 Safari/537.36"
115.236.52.66 - - [05/Dec/2016:05:55:06 +0000] "GET /wp-content/themes/great/js/fitvids-doc-ready.js?ver=4.6.1 HTTP/1.1" 200 493 "http://nubi.me/2016/10/08/%e5%ae%8c%e6%88%90%e7%ab%99%e7%82%b9%e8%bf%81%e7%a7%bb%e5%88%b0%e4%ba%9a%e9%a9%ac%e9%80%8a%e4%ba%91%e6%9c%8d%e5%8a%a1%e5%99%a8/" "Mozilla/5.0 (Windows NT 10.0; WOW64) AppleWebKit/537.36 (KHTML, like Gecko) Chrome/50.0.2661.102 UBrowser/5.7.16400.812 Safari/537.36"
115.236.52.66 - - [05/Dec/2016:05:55:06 +0000] "GET /wp-content/themes/great/js/base.js?ver=4.6.1 HTTP/1.1" 200 1005 "http://nubi.me/2016/10/08/%e5%ae%8c%e6%88%90%e7%ab%99%e7%82%b9%e8%bf%81%e7%a7%bb%e5%88%b0%e4%ba%9a%e9%a9%ac%e9%80%8a%e4%ba%91%e6%9c%8d%e5%8a%a1%e5%99%a8/" "Mozilla/5.0 (Windows NT 10.0; WOW64) AppleWebKit/537.36 (KHTML, like Gecko) Chrome/50.0.2661.102 UBrowser/5.7.16400.812 Safari/537.36"
115.236.52.66 - - [05/Dec/2016:05:55:06 +0000] "GET /wp-content/plugins/wp-fancy-captcha/captcha/jquery-1.6.2.min.js HTTP/1.1" 200 32418 "http://nubi.me/2016/10/08/%e5%ae%8c%e6%88%90%e7%ab%99%e7%82%b9%e8%bf%81%e7%a7%bb%e5%88%b0%e4%ba%9a%e9%a9%ac%e9%80%8a%e4%ba%91%e6%9c%8d%e5%8a%a1%e5%99%a8/" "Mozilla/5.0 (Windows NT 10.0; WOW64) AppleWebKit/537.36 (KHTML, like Gecko) Chrome/50.0.2661.102 UBrowser/5.7.16400.812 Safari/537.36"
