14.106.227.122 - - [04/Dec/2016:21:19:20 +0000] "GET /2016/05/31/%e6%80%bb%e6%83%b3%e6%8a%98%e8%85%be%e7%82%b9%e5%95%a5/ HTTP/1.0" 200 23517 "http://nubi.me/2016/05/31/%e6%80%bb%e6%83%b3%e6%8a%98%e8%85%be%e7%82%b9%e5%95%a5/#comment-8333" "Mozilla/5.0 (Windows NT 6.1) AppleWebKit/537.36 (KHTML, like Gecko) Chrome/41.0.2272.101 Safari/537.36"
14.106.227.122 - - [04/Dec/2016:21:19:20 +0000] "POST /wp-comments-post.php HTTP/1.0" 500 3889 "http://nubi.me/2016/05/31/%e6%80%bb%e6%83%b3%e6%8a%98%e8%85%be%e7%82%b9%e5%95%a5/#comment-8333" "Mozilla/5.0 (Windows NT 6.1; WOW64; rv:36.0) Gecko/20100101 Firefox/36.0"
14.106.227.122 - - [04/Dec/2016:21:19:24 +0000] "GET /2016/05/31/%e6%80%bb%e6%83%b3%e6%8a%98%e8%85%be%e7%82%b9%e5%95%a5/?replytocom=155 HTTP/1.0" 200 23578 "http://nubi.me/2016/05/31/%e6%80%bb%e6%83%b3%e6%8a%98%e8%85%be%e7%82%b9%e5%95%a5/?replytocom=155#respond" "Mozilla/5.0 (Windows NT 6.3; WOW64) AppleWebKit/537.36 (KHTML, like Gecko) Chrome/41.0.2272.101 Safari/537.36"
14.106.227.122 - - [04/Dec/2016:21:19:24 +0000] "GET /2016/05/31/%e6%80%bb%e6%83%b3%e6%8a%98%e8%85%be%e7%82%b9%e5%95%a5/?replytocom=136 HTTP/1.0" 200 23578 "http://nubi.me/2016/05/31/%e6%80%bb%e6%83%b3%e6%8a%98%e8%85%be%e7%82%b9%e5%95%a5/?replytocom=136#respond" "Mozilla/5.0 (Windows NT 6.1; rv:37.0) Gecko/20100101 Firefox/37.0"
14.106.227.122 - - [04/Dec/2016:21:19:23 +0000] "POST /wp-comments-post.php HTTP/1.0" 500 3889 "http://nubi.me/2016/05/31/%e6%80%bb%e6%83%b3%e6%8a%98%e8%85%be%e7%82%b9%e5%95%a5/?replytocom=136#respond" "Mozilla/5.0 (Windows NT 6.3; WOW64) AppleWebKit/537.36 (KHTML, like Gecko) Chrome/41.0.2272.101 Safari/537.36"
14.106.227.122 - - [04/Dec/2016:21:19:24 +0000] "POST /wp-comments-post.php HTTP/1.0" 500 3889 "http://nubi.me/2016/05/31/%e6%80%bb%e6%83%b3%e6%8a%98%e8%85%be%e7%82%b9%e5%95%a5/#comment-8332" "Mozilla/5.0 (Windows NT 6.1) AppleWebKit/537.36 (KHTML, like Gecko) Chrome/41.0.2272.101 Safari/537.36"
14.106.227.122 - - [04/Dec/2016:21:19:25 +0000] "POST /wp-comments-post.php HTTP/1.0" 500 3889 "http://nubi.me/2016/05/31/%e6%80%bb%e6%83%b3%e6%8a%98%e8%85%be%e7%82%b9%e5%95%a5/?replytocom=155#respond" "Mozilla/5.0 (Windows NT 6.3; WOW64) AppleWebKit/537.36 (KHTML, like Gecko) Chrome/41.0.2272.101 Safari/537.36"
14.106.227.122 - - [04/Dec/2016:21:19:27 +0000] "POST /wp-comments-post.php HTTP/1.0" 500 3889 "http://nubi.me/2016/05/31/%e6%80%bb%e6%83%b3%e6%8a%98%e8%85%be%e7%82%b9%e5%95%a5/?replytocom=136#respond" "Mozilla/5.0 (Windows NT 6.1; rv:37.0) Gecko/20100101 Firefox/37.0"
::1 - - [04/Dec/2016:21:19:28 +0000] "OPTIONS * HTTP/1.0" 200 125 "-" "Apache/2.4.7 (Ubuntu) PHP/5.5.9-1ubuntu4.19 (internal dummy connection)"
14.106.227.122 - - [04/Dec/2016:21:19:27 +0000] "POST /wp-comments-post.php HTTP/1.0" 500 3889 "http://nubi.me/2016/05/31/%e6%80%bb%e6%83%b3%e6%8a%98%e8%85%be%e7%82%b9%e5%95%a5/#comment-8332" "Mozilla/5.0 (Windows NT 6.1; rv:37.0) Gecko/20100101 Firefox/37.0"
::1 - - [04/Dec/2016:21:19:30 +0000] "OPTIONS * HTTP/1.0" 200 125 "-" "Apache/2.4.7 (Ubuntu) PHP/5.5.9-1ubuntu4.19 (internal dummy connection)"
14.106.227.122 - - [04/Dec/2016:21:20:17 +0000] "GET /2016/05/31/%e6%80%bb%e6%83%b3%e6%8a%98%e8%85%be%e7%82%b9%e5%95%a5/ HTTP/1.0" 200 23517 "http://nubi.me/2016/05/31/%e6%80%bb%e6%83%b3%e6%8a%98%e8%85%be%e7%82%b9%e5%95%a5/#comment-8333" "Mozilla/5.0 (Windows NT 6.1) AppleWebKit/537.36 (KHTML, like Gecko) Chrome/41.0.2272.101 Safari/537.36"
14.106.227.122 - - [04/Dec/2016:21:20:18 +0000] "GET /2016/05/31/%e6%80%bb%e6%83%b3%e6%8a%98%e8%85%be%e7%82%b9%e5%95%a5/ HTTP/1.0" 200 23517 "http://nubi.me/2016/05/31/%e6%80%bb%e6%83%b3%e6%8a%98%e8%85%be%e7%82%b9%e5%95%a5/#comment-8332" "Mozilla/5.0 (Windows NT 6.3; WOW64) AppleWebKit/537.36 (KHTML, like Gecko) Chrome/41.0.2272.101 Safari/537.36"
14.106.227.122 - - [04/Dec/2016:21:20:19 +0000] "GET /2016/05/31/%e6%80%bb%e6%83%b3%e6%8a%98%e8%85%be%e7%82%b9%e5%95%a5/?replytocom=136 HTTP/1.0" 200 23578 "http://nubi.me/2016/05/31/%e6%80%bb%e6%83%b3%e6%8a%98%e8%85%be%e7%82%b9%e5%95%a5/?replytocom=136#respond" "Mozilla/5.0 (Windows NT 6.1; rv:37.0) Gecko/20100101 Firefox/37.0"
14.106.227.122 - - [04/Dec/2016:21:20:19 +0000] "GET /2016/05/31/%e6%80%bb%e6%83%b3%e6%8a%98%e8%85%be%e7%82%b9%e5%95%a5/?replytocom=155 HTTP/1.0" 200 23578 "http://nubi.me/2016/05/31/%e6%80%bb%e6%83%b3%e6%8a%98%e8%85%be%e7%82%b9%e5%95%a5/?replytocom=155#respond" "Mozilla/5.0 (Windows NT 6.1; rv:37.0) Gecko/20100101 Firefox/37.0"
14.106.227.122 - - [04/Dec/2016:21:20:20 +0000] "POST /wp-comments-post.php HTTP/1.0" 500 3889 "http://nubi.me/2016/05/31/%e6%80%bb%e6%83%b3%e6%8a%98%e8%85%be%e7%82%b9%e5%95%a5/?replytocom=155#respond" "Mozilla/5.0 (Windows NT 6.1; rv:37.0) Gecko/20100101 Firefox/37.0"
14.106.227.122 - - [04/Dec/2016:21:20:19 +0000] "POST /wp-comments-post.php HTTP/1.0" 500 3889 "http://nubi.me/2016/05/31/%e6%80%bb%e6%83%b3%e6%8a%98%e8%85%be%e7%82%b9%e5%95%a5/#comment-8332" "Mozilla/5.0 (Windows NT 6.3; WOW64) AppleWebKit/537.36 (KHTML, like Gecko) Chrome/41.0.2272.101 Safari/537.36"
14.106.227.122 - - [04/Dec/2016:21:20:21 +0000] "GET /2016/05/31/%e6%80%bb%e6%83%b3%e6%8a%98%e8%85%be%e7%82%b9%e5%95%a5/ HTTP/1.0" 200 23517 "http://nubi.me/2016/05/31/%e6%80%bb%e6%83%b3%e6%8a%98%e8%85%be%e7%82%b9%e5%95%a5/#comment-8332" "Mozilla/5.0 (Windows NT 6.3; WOW64) AppleWebKit/537.36 (KHTML, like Gecko) Chrome/41.0.2272.101 Safari/537.36"
14.106.227.122 - - [04/Dec/2016:21:20:21 +0000] "GET /2016/05/31/%e6%80%bb%e6%83%b3%e6%8a%98%e8%85%be%e7%82%b9%e5%95%a5/?replytocom=155 HTTP/1.0" 200 23578 "http://nubi.me/2016/05/31/%e6%80%bb%e6%83%b3%e6%8a%98%e8%85%be%e7%82%b9%e5%95%a5/?replytocom=155#respond" "Mozilla/5.0 (Windows NT 6.1; rv:37.0) Gecko/20100101 Firefox/37.0"
14.106.227.122 - - [04/Dec/2016:21:20:20 +0000] "POST /wp-comments-post.php HTTP/1.0" 500 3889 "http://nubi.me/2016/05/31/%e6%80%bb%e6%83%b3%e6%8a%98%e8%85%be%e7%82%b9%e5%95%a5/?replytocom=136#respond" "Mozilla/5.0 (Windows NT 6.1; rv:37.0) Gecko/20100101 Firefox/37.0"
14.106.227.122 - - [04/Dec/2016:21:20:23 +0000] "GET /2016/05/31/%e6%80%bb%e6%83%b3%e6%8a%98%e8%85%be%e7%82%b9%e5%95%a5/?replytocom=136 HTTP/1.0" 200 23578 "http://nubi.me/2016/05/31/%e6%80%bb%e6%83%b3%e6%8a%98%e8%85%be%e7%82%b9%e5%95%a5/?replytocom=136#respond" "Mozilla/5.0 (Windows NT 6.1; rv:37.0) Gecko/20100101 Firefox/37.0"
14.106.227.122 - - [04/Dec/2016:21:20:18 +0000] "POST /wp-comments-post.php HTTP/1.0" 500 3889 "http://nubi.me/2016/05/31/%e6%80%bb%e6%83%b3%e6%8a%98%e8%85%be%e7%82%b9%e5%95%a5/#comment-8333" "Mozilla/5.0 (Windows NT 6.1) AppleWebKit/537.36 (KHTML, like Gecko) Chrome/41.0.2272.101 Safari/537.36"
::1 - - [04/Dec/2016:21:20:24 +0000] "OPTIONS * HTTP/1.0" 200 125 "-" "Apache/2.4.7 (Ubuntu) PHP/5.5.9-1ubuntu4.19 (internal dummy connection)"
14.106.227.122 - - [04/Dec/2016:21:20:26 +0000] "GET /2016/05/31/%e6%80%bb%e6%83%b3%e6%8a%98%e8%85%be%e7%82%b9%e5%95%a5/ HTTP/1.0" 200 23517 "http://nubi.me/2016/05/31/%e6%80%bb%e6%83%b3%e6%8a%98%e8%85%be%e7%82%b9%e5%95%a5/#comment-8333" "Mozilla/5.0 (Windows NT 6.1) AppleWebKit/537.36 (KHTML, like Gecko) Chrome/41.0.2272.101 Safari/537.36"
173.232.14.237 - - [04/Dec/2016:21:20:50 +0000] "GET /2016/07/12/hon%E5%A4%A7%E5%A4%B4%E6%A8%A1%E5%BC%8F%E5%85%B3%E9%97%AD%E5%BC%80%E5%90%AF%E4%BB%A3%E7%A0%81/ HTTP/1.1" 200 7603 "http://nubi.me" "Mozilla/4.0 (compatible; MSIE 6.0; Windows NT 5.1; en) Opera 8.50"
173.232.14.237 - - [04/Dec/2016:21:20:51 +0000] "POST /wp-comments-post.php HTTP/1.1" 500 3889 "http://nubi.me" "Mozilla/4.0 (compatible; MSIE 6.0; Windows NT 5.1; en) Opera 8.50"
66.249.64.129 - - [04/Dec/2016:21:23:34 +0000] "GET /category/linux/feed/ HTTP/1.1" 200 2117 "-" "Mozilla/5.0 (Linux; Android 6.0.1; Nexus 5X Build/MMB29P) AppleWebKit/537.36 (KHTML, like Gecko) Chrome/41.0.2272.96 Mobile Safari/537.36 (compatible; Googlebot/2.1; +http://www.google.com/bot.html)"
14.106.227.122 - - [04/Dec/2016:21:19:21 +0000] "POST /wp-comments-post.php HTTP/1.0" 200 280 "http://nubi.me/2016/05/31/%e6%80%bb%e6%83%b3%e6%8a%98%e8%85%be%e7%82%b9%e5%95%a5/?replytocom=155#respond" "Mozilla/5.0 (Windows NT 5.1) AppleWebKit/537.36 (KHTML, like Gecko) Chrome/40.0.2214.115 YaBrowser/15.2.2214.3645 Safari/537.36"
::1 - - [04/Dec/2016:21:29:24 +0000] "OPTIONS * HTTP/1.0" 200 125 "-" "Apache/2.4.7 (Ubuntu) PHP/5.5.9-1ubuntu4.19 (internal dummy connection)"
14.106.227.122 - - [04/Dec/2016:21:19:29 +0000] "POST /wp-comments-post.php HTTP/1.0" 200 280 "http://nubi.me/2016/05/31/%e6%80%bb%e6%83%b3%e6%8a%98%e8%85%be%e7%82%b9%e5%95%a5/#comment-8333" "Mozilla/5.0 (Windows NT 6.1) AppleWebKit/537.36 (KHTML, like Gecko) Chrome/41.0.2272.101 Safari/537.36"
::1 - - [04/Dec/2016:21:29:32 +0000] "OPTIONS * HTTP/1.0" 200 125 "-" "Apache/2.4.7 (Ubuntu) PHP/5.5.9-1ubuntu4.19 (internal dummy connection)"
180.76.15.142 - - [04/Dec/2016:21:29:46 +0000] "GET / HTTP/1.1" 200 26663 "-" "Mozilla/5.0 (compatible; Baiduspider/2.0; +http://www.baidu.com/search/spider.html)"
180.76.15.33 - - [04/Dec/2016:21:30:22 +0000] "GET / HTTP/1.1" 200 26663 "-" "Mozilla/5.0 (compatible; Baiduspider/2.0; +http://www.baidu.com/search/spider.html)"
36.63.87.229 - - [04/Dec/2016:21:33:54 +0000] "GET /2015/11/13/jhizdfncqhd/ HTTP/1.1" 200 7258 "http://nubi.me/" "Mozilla/5.0 (Macintosh; Intel Mac OS X 10.7; rv:34.0) Gecko/20100101 Firefox/34.0"
36.63.87.229 - - [04/Dec/2016:21:33:54 +0000] "GET /wp-login.php?action=register HTTP/1.1" 200 1558 "http://nubi.me/" "Opera/9.80 (Windows NT 6.2; Win64; x64) Presto/2.12.388 Version/12.17"
36.63.87.229 - - [04/Dec/2016:21:33:55 +0000] "GET /wp-login.php?action=register HTTP/1.1" 200 1558 "http://nubi.me/wp-login.php?action=register" "Opera/9.80 (Windows NT 6.2; Win64; x64) Presto/2.12.388 Version/12.17"
36.63.87.229 - - [04/Dec/2016:21:34:03 +0000] "POST /wp-login.php?action=register HTTP/1.1" 302 469 "http://nubi.me/wp-login.php?action=register" "Opera/9.80 (Windows NT 6.2; Win64; x64) Presto/2.12.388 Version/12.17"
36.63.87.229 - - [04/Dec/2016:21:34:03 +0000] "GET /wp-login.php?checkemail=registered HTTP/1.1" 200 1665 "http://nubi.me/wp-login.php?action=register" "Opera/9.80 (Windows NT 6.2; Win64; x64) Presto/2.12.388 Version/12.17"
66.249.65.178 - - [04/Dec/2016:21:37:33 +0000] "GET /2016/05/16/ HTTP/1.1" 200 7128 "-" "Mozilla/5.0 (compatible; Googlebot/2.1; +http://www.google.com/bot.html)"
66.249.65.178 - - [04/Dec/2016:21:39:47 +0000] "GET /2016/05/31/ HTTP/1.1" 200 6577 "-" "Mozilla/5.0 (Linux; Android 6.0.1; Nexus 5X Build/MMB29P) AppleWebKit/537.36 (KHTML, like Gecko) Chrome/41.0.2272.96 Mobile Safari/537.36 (compatible; Googlebot/2.1; +http://www.google.com/bot.html)"
94.249.224.213 - - [04/Dec/2016:21:54:53 +0000] "GET /2016/08/03/ubuntu16-04-php7-0%E7%8E%AF%E5%A2%83%E6%90%AD%E5%BB%BA/ HTTP/1.0" 200 7286 "http://nubi.me/" "Mozilla/5.0 (Macintosh; Intel Mac OS X 10.10; rv:34.0) Gecko/20100101 Firefox/34.0"
66.249.65.178 - - [04/Dec/2016:21:56:22 +0000] "GET /2016/06/05/beaglebone-black%E5%AE%89%E8%A3%85%E5%B0%8F%E7%B1%B3%E9%9A%8F%E8%BA%ABwifi%E9%A9%B1%E5%8A%A8%E6%96%B9%E6%B3%95/ HTTP/1.1" 200 8382 "-" "Mozilla/5.0 (Linux; Android 6.0.1; Nexus 5X Build/MMB29P) AppleWebKit/537.36 (KHTML, like Gecko) Chrome/41.0.2272.96 Mobile Safari/537.36 (compatible; Googlebot/2.1; +http://www.google.com/bot.html)"
66.249.65.172 - - [04/Dec/2016:21:57:38 +0000] "GET /wp-content/themes/great/font-awesome/css/font-awesome.min.css?ver=4.5.4 HTTP/1.1" 200 5780 "-" "Mozilla/5.0 (Linux; Android 6.0.1; Nexus 5X Build/MMB29P) AppleWebKit/537.36 (KHTML, like Gecko) Chrome/41.0.2272.96 Mobile Safari/537.36 (compatible; Googlebot/2.1; +http://www.google.com/bot.html)"
148.251.176.102 - - [04/Dec/2016:22:02:30 +0000] "GET /2016/05/31/%E6%80%BB%E6%83%B3%E6%8A%98%E8%85%BE%E7%82%B9%E5%95%A5/ HTTP/1.1" 200 7819 "http://nubi.me/" "Mozilla/5.0 (Macintosh; Intel Mac OS X 10.10; rv:34.0) Gecko/20100101 Firefox/34.0"
66.249.65.178 - - [04/Dec/2016:22:04:52 +0000] "GET /2016/06/05/beaglebone-black%E5%AE%89%E8%A3%85%E5%B0%8F%E7%B1%B3%E9%9A%8F%E8%BA%ABwifi%E9%A9%B1%E5%8A%A8%E6%96%B9%E6%B3%95/ HTTP/1.1" 200 8382 "-" "Mozilla/5.0 (compatible; Googlebot/2.1; +http://www.google.com/bot.html)"
173.234.226.251 - - [04/Dec/2016:22:07:52 +0000] "GET /2016/08/02/bitbucket-%E5%AE%89%E8%A3%85%E6%95%99%E7%A8%8B/ HTTP/1.1" 200 8088 "http://nubi.me" "Mozilla/4.0 (compatible; MSIE 6.0; Windows NT 5.1; en) Opera 8.50"
173.234.226.251 - - [04/Dec/2016:22:07:54 +0000] "POST /wp-comments-post.php HTTP/1.1" 500 3889 "http://nubi.me" "Mozilla/4.0 (compatible; MSIE 6.0; Windows NT 5.1; en) Opera 8.50"
66.249.65.178 - - [04/Dec/2016:22:13:16 +0000] "GET /2015/10/10/ HTTP/1.1" 200 6094 "-" "Mozilla/5.0 (Linux; Android 6.0.1; Nexus 5X Build/MMB29P) AppleWebKit/537.36 (KHTML, like Gecko) Chrome/41.0.2272.96 Mobile Safari/537.36 (compatible; Googlebot/2.1; +http://www.google.com/bot.html)"
199.30.25.84 - - [04/Dec/2016:22:17:11 +0000] "GET /wp-content/themes/great/font-awesome/fonts/fontawesome-webfont.ttf?v=4.3.0 HTTP/1.1" 200 122300 "http://nubi.me/2015/11/06/" "Mozilla/5.0 (iPhone; CPU iPhone OS 7_0 like Mac OS X) AppleWebKit/537.51.1 (KHTML, like Gecko) Version/7.0 Mobile/11A465 Safari/9537.53 BingPreview/1.0b"
180.76.15.27 - - [04/Dec/2016:22:21:33 +0000] "GET / HTTP/1.1" 200 26663 "-" "Mozilla/5.0 (compatible; Baiduspider/2.0; +http://www.baidu.com/search/spider.html)"
180.76.15.27 - - [04/Dec/2016:22:21:51 +0000] "GET / HTTP/1.1" 200 26663 "-" "Mozilla/5.0 (compatible; Baiduspider/2.0; +http://www.baidu.com/search/spider.html)"
173.232.14.21 - - [04/Dec/2016:22:24:02 +0000] "GET /2016/05/16/linux%E4%B8%8Brsync%E5%91%BD%E4%BB%A4%E8%AF%A6%E7%BB%86%E6%95%B4%E7%90%86/ HTTP/1.1" 200 10045 "http://nubi.me" "Mozilla/4.0 (compatible; MSIE 6.0; Windows NT 5.1; en) Opera 8.50"
173.232.14.21 - - [04/Dec/2016:22:24:03 +0000] "POST /wp-comments-post.php HTTP/1.1" 500 3889 "http://nubi.me" "Mozilla/4.0 (compatible; MSIE 6.0; Windows NT 5.1; en) Opera 8.50"
66.249.65.175 - - [04/Dec/2016:22:30:17 +0000] "GET /2016/05/16/linux%E4%B8%8Brsync%E5%91%BD%E4%BB%A4%E8%AF%A6%E7%BB%86%E6%95%B4%E7%90%86/ HTTP/1.1" 200 10100 "-" "Mozilla/5.0 (Linux; Android 6.0.1; Nexus 5X Build/MMB29P) AppleWebKit/537.36 (KHTML, like Gecko) Chrome/41.0.2272.96 Mobile Safari/537.36 (compatible; Googlebot/2.1; +http://www.google.com/bot.html)"
66.249.65.178 - - [04/Dec/2016:22:35:21 +0000] "GET /2016/08/03/ubuntu16-04-php7-0%E7%8E%AF%E5%A2%83%E6%90%AD%E5%BB%BA/ HTTP/1.1" 200 7324 "-" "Mozilla/5.0 (compatible; Googlebot/2.1; +http://www.google.com/bot.html)"
66.249.65.178 - - [04/Dec/2016:22:40:31 +0000] "GET /2016/07/13/linux%E4%B8%8Bjvm%E6%97%B6%E5%8C%BA%E8%AE%BE%E7%BD%AE-java%E6%97%B6%E5%8C%BA%E9%97%AE%E9%A2%98/ HTTP/1.1" 200 7960 "-" "Mozilla/5.0 (compatible; Googlebot/2.1; +http://www.google.com/bot.html)"
23.89.81.21 - - [04/Dec/2016:22:43:59 +0000] "GET /2016/08/02/bitbucket-%e5%ae%89%e8%a3%85%e6%95%99%e7%a8%8b/ HTTP/1.0" 200 8082 "http://nubi.me/" "Mozilla/5.0 (Macintosh; Intel Mac OS X 10.10; rv:34.0) Gecko/20100101 Firefox/34.0"
23.89.81.21 - - [04/Dec/2016:22:44:01 +0000] "POST /xmlrpc.php HTTP/1.1" 200 433 "http://nubi.me/" "PHP/5.2.19"
66.249.65.172 - - [04/Dec/2016:22:47:12 +0000] "GET /2015/10/ HTTP/1.1" 200 6925 "-" "Mozilla/5.0 (Linux; Android 6.0.1; Nexus 5X Build/MMB29P) AppleWebKit/537.36 (KHTML, like Gecko) Chrome/41.0.2272.96 Mobile Safari/537.36 (compatible; Googlebot/2.1; +http://www.google.com/bot.html)"
157.55.39.175 - - [04/Dec/2016:22:47:54 +0000] "GET /2015/11/13/ HTTP/1.1" 200 6127 "-" "Mozilla/5.0 (iPhone; CPU iPhone OS 7_0 like Mac OS X) AppleWebKit/537.51.1 (KHTML, like Gecko) Version/7.0 Mobile/11A465 Safari/9537.53 (compatible; bingbot/2.0; +http://www.bing.com/bingbot.htm)"
40.77.167.5 - - [04/Dec/2016:22:48:14 +0000] "GET /wp-content/themes/great/js/slider-setting.js?ver=4.6.1 HTTP/1.1" 200 686 "-" "Mozilla/5.0 (iPhone; CPU iPhone OS 7_0 like Mac OS X) AppleWebKit/537.51.1 (KHTML, like Gecko) Version/7.0 Mobile/11A465 Safari/9537.53 (compatible; bingbot/2.0; +http://www.bing.com/bingbot.htm)"
157.55.39.180 - - [04/Dec/2016:22:48:19 +0000] "GET /wp-includes/js/jquery/jquery.js?ver=1.12.4 HTTP/1.1" 200 34119 "-" "Mozilla/5.0 (iPhone; CPU iPhone OS 7_0 like Mac OS X) AppleWebKit/537.51.1 (KHTML, like Gecko) Version/7.0 Mobile/11A465 Safari/9537.53 (compatible; bingbot/2.0; +http://www.bing.com/bingbot.htm)"
66.249.65.175 - - [04/Dec/2016:22:53:20 +0000] "GET /2016/08/02/ HTTP/1.1" 200 6636 "-" "Mozilla/5.0 (compatible; Googlebot/2.1; +http://www.google.com/bot.html)"
212.86.102.251 - - [04/Dec/2016:22:54:00 +0000] "GET / HTTP/1.0" 200 40496 "-" "Mozilla/5.0 (Windows NT 6.1) AppleWebKit/537.36 (KHTML, like Gecko) Chrome/41.0.2228.0 Safari/537.36"
89.36.66.120 - - [04/Dec/2016:22:56:27 +0000] "GET /2016/08/03/ubuntu16-04-php7-0%E7%8E%AF%E5%A2%83%E6%90%AD%E5%BB%BA/ HTTP/1.0" 200 7287 "http://nubi.me/" "Mozilla/5.0 (Macintosh; Intel Mac OS X 10.10; rv:34.0) Gecko/20100101 Firefox/34.0"
89.36.66.120 - - [04/Dec/2016:22:56:29 +0000] "GET /wp-login.php?action=register HTTP/1.1" 200 1559 "http://nubi.me/" "Opera/9.80 (Windows NT 6.2; Win64; x64) Presto/2.12.388 Version/12.17"
89.36.66.120 - - [04/Dec/2016:22:56:29 +0000] "GET /wp-login.php?action=register HTTP/1.1" 200 1558 "http://nubi.me/wp-login.php?action=register" "Opera/9.80 (Windows NT 6.2; Win64; x64) Presto/2.12.388 Version/12.17"
89.36.66.120 - - [04/Dec/2016:22:56:40 +0000] "POST /wp-login.php?action=register HTTP/1.1" 302 469 "http://nubi.me/wp-login.php?action=register" "Opera/9.80 (Windows NT 6.2; Win64; x64) Presto/2.12.388 Version/12.17"
89.36.66.120 - - [04/Dec/2016:22:56:41 +0000] "GET /wp-login.php?checkemail=registered HTTP/1.1" 200 1666 "http://nubi.me/wp-login.php?action=register" "Opera/9.80 (Windows NT 6.2; Win64; x64) Presto/2.12.388 Version/12.17"
66.249.65.175 - - [04/Dec/2016:23:04:12 +0000] "GET /2015/10/10/%E6%9C%80%E8%BF%91%E5%9C%A8%E5%80%92%E8%85%BEemacs/ HTTP/1.1" 200 7611 "-" "Mozilla/5.0 (Linux; Android 6.0.1; Nexus 5X Build/MMB29P) AppleWebKit/537.36 (KHTML, like Gecko) Chrome/41.0.2272.96 Mobile Safari/537.36 (compatible; Googlebot/2.1; +http://www.google.com/bot.html)"
206.214.93.4 - - [04/Dec/2016:23:10:19 +0000] "GET /2016/01/13/mysqldump%E4%BD%BF%E7%94%A8%E6%96%B9%E6%B3%95/ HTTP/1.1" 200 9426 "http://nubi.me" "Mozilla/4.0 (compatible; MSIE 6.0; Windows NT 5.1; en) Opera 8.50"
206.214.93.4 - - [04/Dec/2016:23:10:20 +0000] "POST /wp-comments-post.php HTTP/1.1" 500 3889 "http://nubi.me" "Mozilla/4.0 (compatible; MSIE 6.0; Windows NT 5.1; en) Opera 8.50"
66.249.65.175 - - [04/Dec/2016:23:21:14 +0000] "GET /2016/05/19/awk%E5%AD%A6%E4%B9%A0%E7%AC%94%E8%AE%B0/ HTTP/1.1" 200 19778 "-" "Mozilla/5.0 (Linux; Android 6.0.1; Nexus 5X Build/MMB29P) AppleWebKit/537.36 (KHTML, like Gecko) Chrome/41.0.2272.96 Mobile Safari/537.36 (compatible; Googlebot/2.1; +http://www.google.com/bot.html)"
66.249.65.175 - - [04/Dec/2016:23:25:50 +0000] "GET /2015/10/12/centos6-%E7%BC%96%E8%AF%91subversion1-9%E7%89%88%E6%9C%AC/ HTTP/1.1" 200 7330 "-" "Mozilla/5.0 (compatible; Googlebot/2.1; +http://www.google.com/bot.html)"
180.76.15.148 - - [04/Dec/2016:23:27:19 +0000] "GET / HTTP/1.1" 200 26663 "-" "Mozilla/5.0 (compatible; Baiduspider/2.0; +http://www.baidu.com/search/spider.html)"
180.76.15.31 - - [04/Dec/2016:23:27:50 +0000] "GET / HTTP/1.1" 200 26663 "-" "Mozilla/5.0 (compatible; Baiduspider/2.0; +http://www.baidu.com/search/spider.html)"
66.249.65.178 - - [04/Dec/2016:23:31:21 +0000] "GET /wp-content/plugins/wp-fancy-captcha/captcha/imgs/item-clock.png HTTP/1.1" 200 2420 "-" "Googlebot-Image/1.0"
188.95.104.14 - - [04/Dec/2016:23:33:44 +0000] "CONNECT oauth.vk.com:443 HTTP/1.1" 404 10592 "-" "Java/1.8.0_66"
66.249.65.175 - - [04/Dec/2016:23:38:06 +0000] "GET /2015/10/06/hello-world/ HTTP/1.1" 200 7571 "-" "Mozilla/5.0 (Linux; Android 6.0.1; Nexus 5X Build/MMB29P) AppleWebKit/537.36 (KHTML, like Gecko) Chrome/41.0.2272.96 Mobile Safari/537.36 (compatible; Googlebot/2.1; +http://www.google.com/bot.html)"
207.46.13.149 - - [04/Dec/2016:23:45:53 +0000] "GET /robots.txt HTTP/1.1" 200 367 "-" "Mozilla/5.0 (compatible; bingbot/2.0; +http://www.bing.com/bingbot.htm)"
14.106.227.122 - - [04/Dec/2016:23:53:57 +0000] "GET /2016/05/31/%e6%80%bb%e6%83%b3%e6%8a%98%e8%85%be%e7%82%b9%e5%95%a5/ HTTP/1.0" 200 23517 "http://nubi.me/2016/05/31/%e6%80%bb%e6%83%b3%e6%8a%98%e8%85%be%e7%82%b9%e5%95%a5/#comment-7191" "Mozilla/5.0 (Windows NT 6.3; WOW64; rv:36.0) Gecko/20100101 Firefox/36.0"
14.106.227.122 - - [04/Dec/2016:23:53:58 +0000] "POST /wp-comments-post.php HTTP/1.0" 500 3889 "http://nubi.me/2016/05/31/%e6%80%bb%e6%83%b3%e6%8a%98%e8%85%be%e7%82%b9%e5%95%a5/#comment-7191" "Mozilla/5.0 (Windows NT 6.3; WOW64; rv:36.0) Gecko/20100101 Firefox/36.0"
14.106.227.122 - - [04/Dec/2016:23:54:00 +0000] "GET /2016/05/31/%e6%80%bb%e6%83%b3%e6%8a%98%e8%85%be%e7%82%b9%e5%95%a5/ HTTP/1.0" 200 23517 "http://nubi.me/2016/05/31/%e6%80%bb%e6%83%b3%e6%8a%98%e8%85%be%e7%82%b9%e5%95%a5/#comment-7191" "Mozilla/5.0 (Windows NT 6.3; WOW64; rv:36.0) Gecko/20100101 Firefox/36.0"
66.249.65.172 - - [04/Dec/2016:23:55:08 +0000] "GET /2016/01/12/synergy%E4%B8%8B%E8%BD%BD%E5%9C%B0%E5%9D%80/ HTTP/1.1" 200 7411 "-" "Mozilla/5.0 (Linux; Android 6.0.1; Nexus 5X Build/MMB29P) AppleWebKit/537.36 (KHTML, like Gecko) Chrome/41.0.2272.96 Mobile Safari/537.36 (compatible; Googlebot/2.1; +http://www.google.com/bot.html)"
66.249.65.175 - - [05/Dec/2016:00:09:58 +0000] "GET /2015/11/06/%E8%A1%8C%E5%B0%B8%E8%B5%B0%E8%82%89%E7%AC%AC6%E5%AD%A3%E5%88%86%E4%BA%AB/ HTTP/1.1" 200 7283 "-" "Mozilla/5.0 (compatible; Googlebot/2.1; +http://www.google.com/bot.html)"
66.249.65.178 - - [05/Dec/2016:00:12:00 +0000] "GET /2016/08/ HTTP/1.1" 200 7667 "-" "Mozilla/5.0 (Linux; Android 6.0.1; Nexus 5X Build/MMB29P) AppleWebKit/537.36 (KHTML, like Gecko) Chrome/41.0.2272.96 Mobile Safari/537.36 (compatible; Googlebot/2.1; +http://www.google.com/bot.html)"
14.106.227.122 - - [05/Dec/2016:00:13:06 +0000] "GET /2016/05/31/%e6%80%bb%e6%83%b3%e6%8a%98%e8%85%be%e7%82%b9%e5%95%a5/?replytocom=155 HTTP/1.0" 200 23578 "http://nubi.me/2016/05/31/%e6%80%bb%e6%83%b3%e6%8a%98%e8%85%be%e7%82%b9%e5%95%a5/?replytocom=155#respond" "Mozilla/5.0 (Windows NT 6.1; WOW64; rv:36.0) Gecko/20100101 Firefox/36.0"
14.106.227.122 - - [05/Dec/2016:00:13:08 +0000] "GET /2016/05/31/%e6%80%bb%e6%83%b3%e6%8a%98%e8%85%be%e7%82%b9%e5%95%a5/?replytocom=60 HTTP/1.0" 200 23577 "http://nubi.me/2016/05/31/%e6%80%bb%e6%83%b3%e6%8a%98%e8%85%be%e7%82%b9%e5%95%a5/?replytocom=60#respond" "Mozilla/5.0 (Windows NT 6.2; WOW64) AppleWebKit/537.36 (KHTML, like Gecko) Chrome/41.0.2272.101 Safari/537.36"
14.106.227.122 - - [05/Dec/2016:00:13:09 +0000] "GET /2016/05/31/%e6%80%bb%e6%83%b3%e6%8a%98%e8%85%be%e7%82%b9%e5%95%a5/ HTTP/1.0" 200 23517 "http://nubi.me/2016/05/31/%e6%80%bb%e6%83%b3%e6%8a%98%e8%85%be%e7%82%b9%e5%95%a5/#comment-7286" "Mozilla/5.0 (Windows NT 6.1; WOW64) AppleWebKit/537.36 (KHTML, like Gecko) Chrome/41.0.2272.89 Safari/537.36 OPR/28.0.1750.48"
14.106.227.122 - - [05/Dec/2016:00:13:10 +0000] "GET /2016/05/31/%e6%80%bb%e6%83%b3%e6%8a%98%e8%85%be%e7%82%b9%e5%95%a5/?replytocom=136 HTTP/1.0" 200 23578 "http://nubi.me/2016/05/31/%e6%80%bb%e6%83%b3%e6%8a%98%e8%85%be%e7%82%b9%e5%95%a5/?replytocom=136#respond" "Mozilla/5.0 (Windows NT 6.1; WOW64; rv:36.0) Gecko/20100101 Firefox/36.0"
14.106.227.122 - - [05/Dec/2016:00:13:10 +0000] "POST /wp-comments-post.php HTTP/1.0" 500 3889 "http://nubi.me/2016/05/31/%e6%80%bb%e6%83%b3%e6%8a%98%e8%85%be%e7%82%b9%e5%95%a5/?replytocom=60#respond" "Mozilla/5.0 (Windows NT 6.2; WOW64) AppleWebKit/537.36 (KHTML, like Gecko) Chrome/41.0.2272.101 Safari/537.36"
14.106.227.122 - - [05/Dec/2016:00:13:10 +0000] "GET /2016/05/31/%e6%80%bb%e6%83%b3%e6%8a%98%e8%85%be%e7%82%b9%e5%95%a5/?replytocom=60 HTTP/1.0" 200 23577 "http://nubi.me/2016/05/31/%e6%80%bb%e6%83%b3%e6%8a%98%e8%85%be%e7%82%b9%e5%95%a5/?replytocom=60#respond" "Mozilla/5.0 (Windows NT 6.2; WOW64) AppleWebKit/537.36 (KHTML, like Gecko) Chrome/41.0.2272.101 Safari/537.36"
14.106.227.122 - - [05/Dec/2016:00:13:12 +0000] "POST /wp-comments-post.php HTTP/1.0" 500 3889 "http://nubi.me/2016/05/31/%e6%80%bb%e6%83%b3%e6%8a%98%e8%85%be%e7%82%b9%e5%95%a5/#comment-7286" "Mozilla/5.0 (Windows NT 6.1; WOW64) AppleWebKit/537.36 (KHTML, like Gecko) Chrome/41.0.2272.89 Safari/537.36 OPR/28.0.1750.48"
14.106.227.122 - - [05/Dec/2016:00:13:13 +0000] "GET /2016/05/31/%e6%80%bb%e6%83%b3%e6%8a%98%e8%85%be%e7%82%b9%e5%95%a5/ HTTP/1.0" 200 23517 "http://nubi.me/2016/05/31/%e6%80%bb%e6%83%b3%e6%8a%98%e8%85%be%e7%82%b9%e5%95%a5/#comment-7286" "Mozilla/5.0 (Windows NT 6.1; WOW64) AppleWebKit/537.36 (KHTML, like Gecko) Chrome/41.0.2272.89 Safari/537.36 OPR/28.0.1750.48"
14.106.227.122 - - [05/Dec/2016:00:13:07 +0000] "POST /wp-comments-post.php HTTP/1.0" 500 3889 "http://nubi.me/2016/05/31/%e6%80%bb%e6%83%b3%e6%8a%98%e8%85%be%e7%82%b9%e5%95%a5/?replytocom=155#respond" "Mozilla/5.0 (Windows NT 6.1; WOW64; rv:36.0) Gecko/20100101 Firefox/36.0"
14.106.227.122 - - [05/Dec/2016:00:13:12 +0000] "POST /wp-comments-post.php HTTP/1.0" 500 3889 "http://nubi.me/2016/05/31/%e6%80%bb%e6%83%b3%e6%8a%98%e8%85%be%e7%82%b9%e5%95%a5/?replytocom=136#respond" "Mozilla/5.0 (Windows NT 6.1; WOW64; rv:36.0) Gecko/20100101 Firefox/36.0"
14.106.227.122 - - [05/Dec/2016:00:13:17 +0000] "GET /2016/05/31/%e6%80%bb%e6%83%b3%e6%8a%98%e8%85%be%e7%82%b9%e5%95%a5/?replytocom=136 HTTP/1.0" 200 23578 "http://nubi.me/2016/05/31/%e6%80%bb%e6%83%b3%e6%8a%98%e8%85%be%e7%82%b9%e5%95%a5/?replytocom=136#respond" "Mozilla/5.0 (Windows NT 6.1; WOW64; rv:36.0) Gecko/20100101 Firefox/36.0"
14.106.227.122 - - [05/Dec/2016:00:13:17 +0000] "GET /2016/05/31/%e6%80%bb%e6%83%b3%e6%8a%98%e8%85%be%e7%82%b9%e5%95%a5/?replytocom=155 HTTP/1.0" 200 23578 "http://nubi.me/2016/05/31/%e6%80%bb%e6%83%b3%e6%8a%98%e8%85%be%e7%82%b9%e5%95%a5/?replytocom=155#respond" "Mozilla/5.0 (Windows NT 6.1; WOW64; rv:36.0) Gecko/20100101 Firefox/36.0"
::1 - - [05/Dec/2016:00:13:20 +0000] "OPTIONS * HTTP/1.0" 200 125 "-" "Apache/2.4.7 (Ubuntu) PHP/5.5.9-1ubuntu4.19 (internal dummy connection)"
192.186.168.218 - - [05/Dec/2016:00:15:42 +0000] "GET /2015/10/06/hello-world/ HTTP/1.1" 200 7515 "http://nubi.me/" "Mozilla/5.0 (Macintosh; Intel Mac OS X 10.7; rv:34.0) Gecko/20100101 Firefox/34.0"
192.186.168.218 - - [05/Dec/2016:00:15:43 +0000] "GET /2015/10/12/centos6-%e7%bc%96%e8%af%91subversion1-9%e7%89%88%e6%9c%ac/ HTTP/1.1" 200 7243 "http://nubi.me/2015/10/06/hello-world/" "Mozilla/5.0 (Macintosh; Intel Mac OS X 10.7; rv:34.0) Gecko/20100101 Firefox/34.0"
115.236.52.66 - - [05/Dec/2016:00:18:31 +0000] "GET / HTTP/1.1" 200 13106 "-" "Mozilla/5.0 (Windows NT 10.0; WOW64) AppleWebKit/537.36 (KHTML, like Gecko) Chrome/50.0.2661.102 UBrowser/5.7.16400.12 Safari/537.36"
115.236.52.66 - - [05/Dec/2016:00:18:32 +0000] "GET /wp-content/themes/great/style.css?ver=4.6.1 HTTP/1.1" 200 11490 "http://nubi.me/" "Mozilla/5.0 (Windows NT 10.0; WOW64) AppleWebKit/537.36 (KHTML, like Gecko) Chrome/50.0.2661.102 UBrowser/5.7.16400.12 Safari/537.36"
115.236.52.66 - - [05/Dec/2016:00:18:35 +0000] "GET /favicon.ico HTTP/1.1" 200 238 "http://nubi.me/" "Mozilla/5.0 (Windows NT 10.0; WOW64) AppleWebKit/537.36 (KHTML, like Gecko) Chrome/50.0.2661.102 UBrowser/5.7.16400.12 Safari/537.36"
115.236.52.66 - - [05/Dec/2016:00:18:43 +0000] "GET /wp-admin/post-new.php HTTP/1.1" 200 33269 "http://nubi.me/" "Mozilla/5.0 (Windows NT 10.0; WOW64) AppleWebKit/537.36 (KHTML, like Gecko) Chrome/50.0.2661.102 UBrowser/5.7.16400.12 Safari/537.36"
78.158.149.80 - - [05/Dec/2016:00:19:53 +0000] "POST /xmlrpc.php HTTP/1.1" 200 628 "-" "Mozilla/5.0 (Windows NT 6.1; WOW64; rv:40.0) Gecko/20100101 Firefox/40.1"
78.158.149.80 - - [05/Dec/2016:00:19:54 +0000] "GET /wp-login.php HTTP/1.1" 200 2685 "-" "Mozilla/5.0 (Windows NT 6.1; WOW64; rv:40.0) Gecko/20100101 Firefox/40.1"
78.158.149.80 - - [05/Dec/2016:00:19:54 +0000] "POST /wp-login.php HTTP/1.1" 200 3647 "-" "Mozilla/5.0 (Windows NT 6.1; WOW64; rv:40.0) Gecko/20100101 Firefox/40.1"
115.236.52.66 - - [05/Dec/2016:00:20:56 +0000] "GET /favicon.ico HTTP/1.1" 200 239 "http://nubi.me/wp-admin/post-new.php" "Mozilla/5.0 (Windows NT 10.0; WOW64) AppleWebKit/537.36 (KHTML, like Gecko) Chrome/50.0.2661.102 UBrowser/5.7.16400.12 Safari/537.36"
115.236.52.66 - - [05/Dec/2016:00:20:59 +0000] "GET /wp-admin/post-new.php HTTP/1.1" 200 33286 "http://nubi.me/" "Mozilla/5.0 (Windows NT 10.0; WOW64) AppleWebKit/537.36 (KHTML, like Gecko) Chrome/50.0.2661.102 UBrowser/5.7.16400.12 Safari/537.36"
115.236.52.66 - - [05/Dec/2016:00:20:59 +0000] "GET /wp-includes/js/wp-emoji-release.min.js?ver=4.6.1 HTTP/1.1" 200 4363 "http://nubi.me/wp-admin/post-new.php" "Mozilla/5.0 (Windows NT 10.0; WOW64) AppleWebKit/537.36 (KHTML, like Gecko) Chrome/50.0.2661.102 UBrowser/5.7.16400.12 Safari/537.36"
115.236.52.66 - - [05/Dec/2016:00:20:59 +0000] "GET /wp-admin/images/resize.gif HTTP/1.1" 304 179 "http://nubi.me/wp-admin/post-new.php" "Mozilla/5.0 (Windows NT 10.0; WOW64) AppleWebKit/537.36 (KHTML, like Gecko) Chrome/50.0.2661.102 UBrowser/5.7.16400.12 Safari/537.36"
115.236.52.66 - - [05/Dec/2016:00:20:59 +0000] "GET /wp-admin/images/spinner.gif HTTP/1.1" 304 181 "http://nubi.me/wp-admin/post-new.php" "Mozilla/5.0 (Windows NT 10.0; WOW64) AppleWebKit/537.36 (KHTML, like Gecko) Chrome/50.0.2661.102 UBrowser/5.7.16400.12 Safari/537.36"
115.236.52.66 - - [05/Dec/2016:00:21:00 +0000] "GET /wp-includes/js/thickbox/loadingAnimation.gif HTTP/1.1" 304 180 "http://nubi.me/wp-admin/post-new.php" "Mozilla/5.0 (Windows NT 10.0; WOW64) AppleWebKit/537.36 (KHTML, like Gecko) Chrome/50.0.2661.102 UBrowser/5.7.16400.12 Safari/537.36"
115.236.52.66 - - [05/Dec/2016:00:21:00 +0000] "GET /wp-includes/js/tinymce/themes/modern/theme.min.js?wp-mce-4401-20160726 HTTP/1.1" 200 4190 "http://nubi.me/wp-admin/post-new.php" "Mozilla/5.0 (Windows NT 10.0; WOW64) AppleWebKit/537.36 (KHTML, like Gecko) Chrome/50.0.2661.102 UBrowser/5.7.16400.12 Safari/537.36"
115.236.52.66 - - [05/Dec/2016:00:21:00 +0000] "GET /wp-includes/js/tinymce/plugins/charmap/plugin.min.js?wp-mce-4401-20160726 HTTP/1.1" 200 3440 "http://nubi.me/wp-admin/post-new.php" "Mozilla/5.0 (Windows NT 10.0; WOW64) AppleWebKit/537.36 (KHTML, like Gecko) Chrome/50.0.2661.102 UBrowser/5.7.16400.12 Safari/537.36"
115.236.52.66 - - [05/Dec/2016:00:21:00 +0000] "GET /wp-includes/js/tinymce/plugins/hr/plugin.min.js?wp-mce-4401-20160726 HTTP/1.1" 200 540 "http://nubi.me/wp-admin/post-new.php" "Mozilla/5.0 (Windows NT 10.0; WOW64) AppleWebKit/537.36 (KHTML, like Gecko) Chrome/50.0.2661.102 UBrowser/5.7.16400.12 Safari/537.36"
115.236.52.66 - - [05/Dec/2016:00:21:00 +0000] "GET /wp-includes/js/tinymce/plugins/colorpicker/plugin.min.js?wp-mce-4401-20160726 HTTP/1.1" 200 962 "http://nubi.me/wp-admin/post-new.php" "Mozilla/5.0 (Windows NT 10.0; WOW64) AppleWebKit/537.36 (KHTML, like Gecko) Chrome/50.0.2661.102 UBrowser/5.7.16400.12 Safari/537.36"
115.236.52.66 - - [05/Dec/2016:00:21:00 +0000] "GET /wp-includes/js/tinymce/plugins/lists/plugin.min.js?wp-mce-4401-20160726 HTTP/1.1" 200 3483 "http://nubi.me/wp-admin/post-new.php" "Mozilla/5.0 (Windows NT 10.0; WOW64) AppleWebKit/537.36 (KHTML, like Gecko) Chrome/50.0.2661.102 UBrowser/5.7.16400.12 Safari/537.36"
115.236.52.66 - - [05/Dec/2016:00:21:00 +0000] "GET /wp-includes/js/tinymce/plugins/media/plugin.min.js?wp-mce-4401-20160726 HTTP/1.1" 200 4537 "http://nubi.me/wp-admin/post-new.php" "Mozilla/5.0 (Windows NT 10.0; WOW64) AppleWebKit/537.36 (KHTML, like Gecko) Chrome/50.0.2661.102 UBrowser/5.7.16400.12 Safari/537.36"
115.236.52.66 - - [05/Dec/2016:00:21:00 +0000] "GET /wp-includes/js/tinymce/plugins/paste/plugin.min.js?wp-mce-4401-20160726 HTTP/1.1" 200 7347 "http://nubi.me/wp-admin/post-new.php" "Mozilla/5.0 (Windows NT 10.0; WOW64) AppleWebKit/537.36 (KHTML, like Gecko) Chrome/50.0.2661.102 UBrowser/5.7.16400.12 Safari/537.36"
115.236.52.66 - - [05/Dec/2016:00:21:00 +0000] "GET /wp-includes/js/tinymce/plugins/textcolor/plugin.min.js?wp-mce-4401-20160726 HTTP/1.1" 200 2089 "http://nubi.me/wp-admin/post-new.php" "Mozilla/5.0 (Windows NT 10.0; WOW64) AppleWebKit/537.36 (KHTML, like Gecko) Chrome/50.0.2661.102 UBrowser/5.7.16400.12 Safari/537.36"
115.236.52.66 - - [05/Dec/2016:00:21:00 +0000] "GET /wp-includes/js/tinymce/plugins/tabfocus/plugin.min.js?wp-mce-4401-20160726 HTTP/1.1" 200 1056 "http://nubi.me/wp-admin/post-new.php" "Mozilla/5.0 (Windows NT 10.0; WOW64) AppleWebKit/537.36 (KHTML, like Gecko) Chrome/50.0.2661.102 UBrowser/5.7.16400.12 Safari/537.36"
115.236.52.66 - - [05/Dec/2016:00:21:00 +0000] "GET /wp-includes/js/tinymce/plugins/fullscreen/plugin.min.js?wp-mce-4401-20160726 HTTP/1.1" 200 1067 "http://nubi.me/wp-admin/post-new.php" "Mozilla/5.0 (Windows NT 10.0; WOW64) AppleWebKit/537.36 (KHTML, like Gecko) Chrome/50.0.2661.102 UBrowser/5.7.16400.12 Safari/537.36"
115.236.52.66 - - [05/Dec/2016:00:21:00 +0000] "GET /wp-includes/js/tinymce/plugins/wordpress/plugin.min.js?wp-mce-4401-20160726 HTTP/1.1" 200 5894 "http://nubi.me/wp-admin/post-new.php" "Mozilla/5.0 (Windows NT 10.0; WOW64) AppleWebKit/537.36 (KHTML, like Gecko) Chrome/50.0.2661.102 UBrowser/5.7.16400.12 Safari/537.36"
115.236.52.66 - - [05/Dec/2016:00:21:00 +0000] "GET /wp-includes/js/tinymce/plugins/wpautoresize/plugin.min.js?wp-mce-4401-20160726 HTTP/1.1" 200 1281 "http://nubi.me/wp-admin/post-new.php" "Mozilla/5.0 (Windows NT 10.0; WOW64) AppleWebKit/537.36 (KHTML, like Gecko) Chrome/50.0.2661.102 UBrowser/5.7.16400.12 Safari/537.36"
115.236.52.66 - - [05/Dec/2016:00:21:01 +0000] "GET /wp-includes/js/tinymce/plugins/wpeditimage/plugin.min.js?wp-mce-4401-20160726 HTTP/1.1" 200 5287 "http://nubi.me/wp-admin/post-new.php" "Mozilla/5.0 (Windows NT 10.0; WOW64) AppleWebKit/537.36 (KHTML, like Gecko) Chrome/50.0.2661.102 UBrowser/5.7.16400.12 Safari/537.36"
115.236.52.66 - - [05/Dec/2016:00:21:01 +0000] "GET /wp-includes/js/tinymce/plugins/wpemoji/plugin.min.js?wp-mce-4401-20160726 HTTP/1.1" 200 1099 "http://nubi.me/wp-admin/post-new.php" "Mozilla/5.0 (Windows NT 10.0; WOW64) AppleWebKit/537.36 (KHTML, like Gecko) Chrome/50.0.2661.102 UBrowser/5.7.16400.12 Safari/537.36"
115.236.52.66 - - [05/Dec/2016:00:21:01 +0000] "GET /wp-includes/js/tinymce/plugins/wpgallery/plugin.min.js?wp-mce-4401-20160726 HTTP/1.1" 200 1111 "http://nubi.me/wp-admin/post-new.php" "Mozilla/5.0 (Windows NT 10.0; WOW64) AppleWebKit/537.36 (KHTML, like Gecko) Chrome/50.0.2661.102 UBrowser/5.7.16400.12 Safari/537.36"
115.236.52.66 - - [05/Dec/2016:00:21:01 +0000] "GET /wp-includes/js/tinymce/plugins/wplink/plugin.min.js?wp-mce-4401-20160726 HTTP/1.1" 200 3650 "http://nubi.me/wp-admin/post-new.php" "Mozilla/5.0 (Windows NT 10.0; WOW64) AppleWebKit/537.36 (KHTML, like Gecko) Chrome/50.0.2661.102 UBrowser/5.7.16400.12 Safari/537.36"
115.236.52.66 - - [05/Dec/2016:00:21:01 +0000] "GET /wp-includes/js/tinymce/plugins/wpdialogs/plugin.min.js?wp-mce-4401-20160726 HTTP/1.1" 200 997 "http://nubi.me/wp-admin/post-new.php" "Mozilla/5.0 (Windows NT 10.0; WOW64) AppleWebKit/537.36 (KHTML, like Gecko) Chrome/50.0.2661.102 UBrowser/5.7.16400.12 Safari/537.36"
115.236.52.66 - - [05/Dec/2016:00:21:01 +0000] "GET /wp-includes/js/tinymce/plugins/wptextpattern/plugin.min.js?wp-mce-4401-20160726 HTTP/1.1" 200 1690 "http://nubi.me/wp-admin/post-new.php" "Mozilla/5.0 (Windows NT 10.0; WOW64) AppleWebKit/537.36 (KHTML, like Gecko) Chrome/50.0.2661.102 UBrowser/5.7.16400.12 Safari/537.36"
115.236.52.66 - - [05/Dec/2016:00:21:01 +0000] "GET /wp-includes/js/tinymce/plugins/wpview/plugin.min.js?wp-mce-4401-20160726 HTTP/1.1" 200 1469 "http://nubi.me/wp-admin/post-new.php" "Mozilla/5.0 (Windows NT 10.0; WOW64) AppleWebKit/537.36 (KHTML, like Gecko) Chrome/50.0.2661.102 UBrowser/5.7.16400.12 Safari/537.36"
115.236.52.66 - - [05/Dec/2016:00:21:01 +0000] "GET /wp-includes/js/tinymce/plugins/wpembed/plugin.min.js?wp-mce-4401-20160726 HTTP/1.1" 200 573 "http://nubi.me/wp-admin/post-new.php" "Mozilla/5.0 (Windows NT 10.0; WOW64) AppleWebKit/537.36 (KHTML, like Gecko) Chrome/50.0.2661.102 UBrowser/5.7.16400.12 Safari/537.36"
115.236.52.66 - - [05/Dec/2016:00:21:06 +0000] "GET /wp-includes/js/tinymce/skins/lightgray/skin.min.css?wp-mce-4401-20160726 HTTP/1.1" 200 7414 "http://nubi.me/wp-admin/post-new.php" "Mozilla/5.0 (Windows NT 10.0; WOW64) AppleWebKit/537.36 (KHTML, like Gecko) Chrome/50.0.2661.102 UBrowser/5.7.16400.12 Safari/537.36"
115.236.52.66 - - [05/Dec/2016:00:21:06 +0000] "GET /wp-includes/js/tinymce/skins/wordpress/wp-content.css?ver=4.6.1&wp-mce-4401-20160726 HTTP/1.1" 200 2770 "http://nubi.me/wp-admin/post-new.php" "Mozilla/5.0 (Windows NT 10.0; WOW64) AppleWebKit/537.36 (KHTML, like Gecko) Chrome/50.0.2661.102 UBrowser/5.7.16400.12 Safari/537.36"
115.236.52.66 - - [05/Dec/2016:00:21:06 +0000] "GET /wp-includes/css/dashicons.min.css?ver=4.6.1&wp-mce-4401-20160726 HTTP/1.1" 200 28950 "http://nubi.me/wp-admin/post-new.php" "Mozilla/5.0 (Windows NT 10.0; WOW64) AppleWebKit/537.36 (KHTML, like Gecko) Chrome/50.0.2661.102 UBrowser/5.7.16400.12 Safari/537.36"
115.236.52.66 - - [05/Dec/2016:00:21:06 +0000] "GET /wp-includes/js/tinymce/skins/lightgray/content.min.css?wp-mce-4401-20160726 HTTP/1.1" 200 1467 "http://nubi.me/wp-admin/post-new.php" "Mozilla/5.0 (Windows NT 10.0; WOW64) AppleWebKit/537.36 (KHTML, like Gecko) Chrome/50.0.2661.102 UBrowser/5.7.16400.12 Safari/537.36"
115.236.52.66 - - [05/Dec/2016:00:21:06 +0000] "GET /wp-includes/js/wp-embed.js HTTP/1.1" 200 1575 "http://nubi.me/wp-admin/post-new.php" "Mozilla/5.0 (Windows NT 10.0; WOW64) AppleWebKit/537.36 (KHTML, like Gecko) Chrome/50.0.2661.102 UBrowser/5.7.16400.12 Safari/537.36"
115.236.52.66 - - [05/Dec/2016:00:21:08 +0000] "GET /favicon.ico HTTP/1.1" 200 238 "http://nubi.me/wp-admin/post-new.php" "Mozilla/5.0 (Windows NT 10.0; WOW64) AppleWebKit/537.36 (KHTML, like Gecko) Chrome/50.0.2661.102 UBrowser/5.7.16400.12 Safari/537.36"
::1 - - [05/Dec/2016:00:21:13 +0000] "OPTIONS * HTTP/1.0" 200 125 "-" "Apache/2.4.7 (Ubuntu) PHP/5.5.9-1ubuntu4.19 (internal dummy connection)"
115.236.52.66 - - [05/Dec/2016:00:21:13 +0000] "POST /wp-admin/admin-ajax.php HTTP/1.1" 200 708 "http://nubi.me/wp-admin/post-new.php" "Mozilla/5.0 (Windows NT 10.0; WOW64) AppleWebKit/537.36 (KHTML, like Gecko) Chrome/50.0.2661.102 UBrowser/5.7.16400.12 Safari/537.36"
115.236.52.66 - - [05/Dec/2016:00:21:14 +0000] "POST /wp-admin/admin-ajax.php HTTP/1.1" 200 861 "http://nubi.me/wp-admin/post-new.php" "Mozilla/5.0 (Windows NT 10.0; WOW64) AppleWebKit/537.36 (KHTML, like Gecko) Chrome/50.0.2661.102 UBrowser/5.7.16400.12 Safari/537.36"
::1 - - [05/Dec/2016:00:21:14 +0000] "OPTIONS * HTTP/1.0" 200 125 "-" "Apache/2.4.7 (Ubuntu) PHP/5.5.9-1ubuntu4.19 (internal dummy connection)"
::1 - - [05/Dec/2016:00:21:20 +0000] "OPTIONS * HTTP/1.0" 200 125 "-" "Apache/2.4.7 (Ubuntu) PHP/5.5.9-1ubuntu4.19 (internal dummy connection)"
115.236.52.66 - - [05/Dec/2016:00:21:28 +0000] "POST /wp-admin/admin-ajax.php HTTP/1.1" 200 608 "http://nubi.me/wp-admin/post-new.php" "Mozilla/5.0 (Windows NT 10.0; WOW64) AppleWebKit/537.36 (KHTML, like Gecko) Chrome/50.0.2661.102 UBrowser/5.7.16400.12 Safari/537.36"
115.236.52.66 - - [05/Dec/2016:00:21:35 +0000] "GET /favicon.ico HTTP/1.1" 200 239 "http://nubi.me/wp-admin/post-new.php?wp-post-new-reload=true" "Mozilla/5.0 (Windows NT 10.0; WOW64) AppleWebKit/537.36 (KHTML, like Gecko) Chrome/50.0.2661.102 UBrowser/5.7.16400.12 Safari/537.36"
115.236.52.66 - - [05/Dec/2016:00:21:35 +0000] "POST /wp-admin/post.php HTTP/1.1" 302 532 "http://nubi.me/wp-admin/post-new.php?wp-post-new-reload=true" "Mozilla/5.0 (Windows NT 10.0; WOW64) AppleWebKit/537.36 (KHTML, like Gecko) Chrome/50.0.2661.102 UBrowser/5.7.16400.12 Safari/537.36"
115.236.52.66 - - [05/Dec/2016:00:21:36 +0000] "GET /wp-admin/post.php?post=144&action=edit&message=6 HTTP/1.1" 200 34834 "http://nubi.me/wp-admin/post-new.php?wp-post-new-reload=true" "Mozilla/5.0 (Windows NT 10.0; WOW64) AppleWebKit/537.36 (KHTML, like Gecko) Chrome/50.0.2661.102 UBrowser/5.7.16400.12 Safari/537.36"
115.236.52.66 - - [05/Dec/2016:00:21:38 +0000] "GET /wp-admin/load-scripts.php?c=0&load%5B%5D=hoverIntent,common,admin-bar,heartbeat,autosave,wp-ajax-response,jquery-color,wp-lists,quicktags,jquery-query,admin-comments,sug&load%5B%5D=gest,jquery-ui-core,jquery-ui-widget,jquery-ui-mouse,jquery-ui-sortable,postbox,tags-box,underscore,word-count,wp-a11y,post,edit&load%5B%5D=or-expand,thickbox,shortcode,backbone,wp-util,wp-backbone,media-models,wp-plupload,mediaelement,wp-mediaelement,media-views,medi&load%5B%5D=a-editor,media-audiovideo,mce-view,imgareaselect,image-edit,svg-painter,wp-auth-check,editor,wplink,jquery-ui-position,jquery-ui&load%5B%5D=-menu,jquery-ui-autocomplete,media-upload,wp-embed&ver=4.6.1 HTTP/1.1" 200 152846 "http://nubi.me/wp-admin/post.php?post=144&action=edit" "Mozilla/5.0 (Windows NT 10.0; WOW64) AppleWebKit/537.36 (KHTML, like Gecko) Chrome/50.0.2661.102 UBrowser/5.7.16400.12 Safari/537.36"
115.236.52.66 - - [05/Dec/2016:00:21:39 +0000] "GET /wp-admin/admin-ajax.php?action=oembed-cache&post=144 HTTP/1.1" 200 417 "http://nubi.me/wp-admin/post.php?post=144&action=edit" "Mozilla/5.0 (Windows NT 10.0; WOW64) AppleWebKit/537.36 (KHTML, like Gecko) Chrome/50.0.2661.102 UBrowser/5.7.16400.12 Safari/537.36"
115.236.52.66 - - [05/Dec/2016:00:21:40 +0000] "GET /favicon.ico HTTP/1.1" 200 238 "http://nubi.me/wp-admin/post.php?post=144&action=edit" "Mozilla/5.0 (Windows NT 10.0; WOW64) AppleWebKit/537.36 (KHTML, like Gecko) Chrome/50.0.2661.102 UBrowser/5.7.16400.12 Safari/537.36"
115.236.52.66 - - [05/Dec/2016:00:21:40 +0000] "GET /2016/12/05/%e5%b8%a6%e6%a9%a1%e7%9a%ae%e5%9c%88%e4%b8%ad/ HTTP/1.1" 200 8782 "http://nubi.me/wp-admin/post.php?post=144&action=edit" "Mozilla/5.0 (Windows NT 10.0; WOW64) AppleWebKit/537.36 (KHTML, like Gecko) Chrome/50.0.2661.102 UBrowser/5.7.16400.12 Safari/537.36"
115.236.52.66 - - [05/Dec/2016:00:21:40 +0000] "POST /wp-admin/admin-ajax.php HTTP/1.1" 200 502 "http://nubi.me/wp-admin/post.php?post=144&action=edit" "Mozilla/5.0 (Windows NT 10.0; WOW64) AppleWebKit/537.36 (KHTML, like Gecko) Chrome/50.0.2661.102 UBrowser/5.7.16400.12 Safari/537.36"
115.236.52.66 - - [05/Dec/2016:00:21:41 +0000] "GET /favicon.ico HTTP/1.1" 200 238 "http://nubi.me/2016/12/05/%e5%b8%a6%e6%a9%a1%e7%9a%ae%e5%9c%88%e4%b8%ad/" "Mozilla/5.0 (Windows NT 10.0; WOW64) AppleWebKit/537.36 (KHTML, like Gecko) Chrome/50.0.2661.102 UBrowser/5.7.16400.12 Safari/537.36"
115.236.52.66 - - [05/Dec/2016:00:21:50 +0000] "GET / HTTP/1.1" 200 13014 "http://nubi.me/2016/12/05/%e5%b8%a6%e6%a9%a1%e7%9a%ae%e5%9c%88%e4%b8%ad/" "Mozilla/5.0 (Windows NT 10.0; WOW64) AppleWebKit/537.36 (KHTML, like Gecko) Chrome/50.0.2661.102 UBrowser/5.7.16400.12 Safari/537.36"
115.236.52.66 - - [05/Dec/2016:00:21:51 +0000] "GET /favicon.ico HTTP/1.1" 200 238 "http://nubi.me/" "Mozilla/5.0 (Windows NT 10.0; WOW64) AppleWebKit/537.36 (KHTML, like Gecko) Chrome/50.0.2661.102 UBrowser/5.7.16400.12 Safari/537.36"
115.236.52.66 - - [05/Dec/2016:00:22:33 +0000] "GET /2016/12/05/%e5%b8%a6%e6%a9%a1%e7%9a%ae%e5%9c%88%e4%b8%ad/ HTTP/1.1" 200 8783 "http://nubi.me/" "Mozilla/5.0 (Windows NT 10.0; WOW64) AppleWebKit/537.36 (KHTML, like Gecko) Chrome/50.0.2661.102 UBrowser/5.7.16400.12 Safari/537.36"
115.236.52.66 - - [05/Dec/2016:00:22:35 +0000] "GET /favicon.ico HTTP/1.1" 200 238 "http://nubi.me/2016/12/05/%e5%b8%a6%e6%a9%a1%e7%9a%ae%e5%9c%88%e4%b8%ad/" "Mozilla/5.0 (Windows NT 10.0; WOW64) AppleWebKit/537.36 (KHTML, like Gecko) Chrome/50.0.2661.102 UBrowser/5.7.16400.12 Safari/537.36"
54.169.53.17 - - [05/Dec/2016:00:22:39 +0000] "POST /wp-cron.php?doing_wp_cron=1480897359.4879319667816162109375 HTTP/1.1" 200 187 "http://nubi.me/wp-cron.php?doing_wp_cron=1480897359.4879319667816162109375" "WordPress/4.6.1; http://nubi.me"
115.236.52.66 - - [05/Dec/2016:00:22:39 +0000] "GET /wp-admin/post.php?post=144&action=edit HTTP/1.1" 200 34674 "http://nubi.me/2016/12/05/%e5%b8%a6%e6%a9%a1%e7%9a%ae%e5%9c%88%e4%b8%ad/" "Mozilla/5.0 (Windows NT 10.0; WOW64) AppleWebKit/537.36 (KHTML, like Gecko) Chrome/50.0.2661.102 UBrowser/5.7.16400.12 Safari/537.36"
70.39.246.37 - - [05/Dec/2016:00:22:41 +0000] "GET /feed/ HTTP/1.1" 200 6551 "-" "Mozilla/5.0 Moreover/5.1 (+http://www.moreover.com; webmaster@moreover.com)"
115.236.52.66 - - [05/Dec/2016:00:22:42 +0000] "GET /favicon.ico HTTP/1.1" 200 238 "http://nubi.me/wp-admin/post.php?post=144&action=edit" "Mozilla/5.0 (Windows NT 10.0; WOW64) AppleWebKit/537.36 (KHTML, like Gecko) Chrome/50.0.2661.102 UBrowser/5.7.16400.12 Safari/537.36"
115.236.52.66 - - [05/Dec/2016:00:22:56 +0000] "POST /wp-admin/admin-ajax.php HTTP/1.1" 200 608 "http://nubi.me/wp-admin/post.php?post=144&action=edit" "Mozilla/5.0 (Windows NT 10.0; WOW64) AppleWebKit/537.36 (KHTML, like Gecko) Chrome/50.0.2661.102 UBrowser/5.7.16400.12 Safari/537.36"
115.236.52.66 - - [05/Dec/2016:00:23:12 +0000] "POST /wp-admin/admin-ajax.php HTTP/1.1" 200 608 "http://nubi.me/wp-admin/post.php?post=144&action=edit" "Mozilla/5.0 (Windows NT 10.0; WOW64) AppleWebKit/537.36 (KHTML, like Gecko) Chrome/50.0.2661.102 UBrowser/5.7.16400.12 Safari/537.36"
115.236.52.66 - - [05/Dec/2016:00:23:26 +0000] "POST /wp-admin/admin-ajax.php HTTP/1.1" 200 608 "http://nubi.me/wp-admin/post.php?post=144&action=edit" "Mozilla/5.0 (Windows NT 10.0; WOW64) AppleWebKit/537.36 (KHTML, like Gecko) Chrome/50.0.2661.102 UBrowser/5.7.16400.12 Safari/537.36"
115.236.52.66 - - [05/Dec/2016:00:23:42 +0000] "POST /wp-admin/admin-ajax.php HTTP/1.1" 200 708 "http://nubi.me/wp-admin/post.php?post=144&action=edit" "Mozilla/5.0 (Windows NT 10.0; WOW64) AppleWebKit/537.36 (KHTML, like Gecko) Chrome/50.0.2661.102 UBrowser/5.7.16400.12 Safari/537.36"
115.236.52.66 - - [05/Dec/2016:00:23:56 +0000] "POST /wp-admin/admin-ajax.php HTTP/1.1" 200 608 "http://nubi.me/wp-admin/post.php?post=144&action=edit" "Mozilla/5.0 (Windows NT 10.0; WOW64) AppleWebKit/537.36 (KHTML, like Gecko) Chrome/50.0.2661.102 UBrowser/5.7.16400.12 Safari/537.36"
115.236.52.66 - - [05/Dec/2016:00:24:11 +0000] "POST /wp-admin/admin-ajax.php HTTP/1.1" 200 608 "http://nubi.me/wp-admin/post.php?post=144&action=edit" "Mozilla/5.0 (Windows NT 10.0; WOW64) AppleWebKit/537.36 (KHTML, like Gecko) Chrome/50.0.2661.102 UBrowser/5.7.16400.12 Safari/537.36"
180.76.15.138 - - [05/Dec/2016:00:24:14 +0000] "GET / HTTP/1.1" 200 28293 "-" "Mozilla/5.0 (compatible; Baiduspider/2.0; +http://www.baidu.com/search/spider.html)"
115.236.52.66 - - [05/Dec/2016:00:24:26 +0000] "POST /wp-admin/admin-ajax.php HTTP/1.1" 200 608 "http://nubi.me/wp-admin/post.php?post=144&action=edit" "Mozilla/5.0 (Windows NT 10.0; WOW64) AppleWebKit/537.36 (KHTML, like Gecko) Chrome/50.0.2661.102 UBrowser/5.7.16400.12 Safari/537.36"
107.170.107.176 - - [05/Dec/2016:00:24:34 +0000] "GET / HTTP/1.1" 200 11265 "-" "Mozilla/4.0 (compatible; MSIE 7.0; Windows NT 5.1; .NET CLR 1.1.4322; .NET CLR 2.0.50727; .NET CLR 3.0.04506.30)"
180.76.15.7 - - [05/Dec/2016:00:24:37 +0000] "GET / HTTP/1.1" 200 28293 "-" "Mozilla/5.0 (compatible; Baiduspider/2.0; +http://www.baidu.com/search/spider.html)"
115.236.52.66 - - [05/Dec/2016:00:24:42 +0000] "POST /wp-admin/admin-ajax.php HTTP/1.1" 200 608 "http://nubi.me/wp-admin/post.php?post=144&action=edit" "Mozilla/5.0 (Windows NT 10.0; WOW64) AppleWebKit/537.36 (KHTML, like Gecko) Chrome/50.0.2661.102 UBrowser/5.7.16400.12 Safari/537.36"
115.236.52.66 - - [05/Dec/2016:00:24:57 +0000] "POST /wp-admin/admin-ajax.php HTTP/1.1" 200 708 "http://nubi.me/wp-admin/post.php?post=144&action=edit" "Mozilla/5.0 (Windows NT 10.0; WOW64) AppleWebKit/537.36 (KHTML, like Gecko) Chrome/50.0.2661.102 UBrowser/5.7.16400.12 Safari/537.36"
115.236.52.66 - - [05/Dec/2016:00:25:12 +0000] "POST /wp-admin/admin-ajax.php HTTP/1.1" 200 608 "http://nubi.me/wp-admin/post.php?post=144&action=edit" "Mozilla/5.0 (Windows NT 10.0; WOW64) AppleWebKit/537.36 (KHTML, like Gecko) Chrome/50.0.2661.102 UBrowser/5.7.16400.12 Safari/537.36"
115.236.52.66 - - [05/Dec/2016:00:25:26 +0000] "POST /wp-admin/admin-ajax.php HTTP/1.1" 200 608 "http://nubi.me/wp-admin/post.php?post=144&action=edit" "Mozilla/5.0 (Windows NT 10.0; WOW64) AppleWebKit/537.36 (KHTML, like Gecko) Chrome/50.0.2661.102 UBrowser/5.7.16400.12 Safari/537.36"
115.236.52.66 - - [05/Dec/2016:00:25:42 +0000] "POST /wp-admin/admin-ajax.php HTTP/1.1" 200 608 "http://nubi.me/wp-admin/post.php?post=144&action=edit" "Mozilla/5.0 (Windows NT 10.0; WOW64) AppleWebKit/537.36 (KHTML, like Gecko) Chrome/50.0.2661.102 UBrowser/5.7.16400.12 Safari/537.36"
115.236.52.66 - - [05/Dec/2016:00:25:57 +0000] "POST /wp-admin/admin-ajax.php HTTP/1.1" 200 608 "http://nubi.me/wp-admin/post.php?post=144&action=edit" "Mozilla/5.0 (Windows NT 10.0; WOW64) AppleWebKit/537.36 (KHTML, like Gecko) Chrome/50.0.2661.102 UBrowser/5.7.16400.12 Safari/537.36"
115.236.52.66 - - [05/Dec/2016:00:26:11 +0000] "POST /wp-admin/admin-ajax.php HTTP/1.1" 200 708 "http://nubi.me/wp-admin/post.php?post=144&action=edit" "Mozilla/5.0 (Windows NT 10.0; WOW64) AppleWebKit/537.36 (KHTML, like Gecko) Chrome/50.0.2661.102 UBrowser/5.7.16400.12 Safari/537.36"
115.236.52.66 - - [05/Dec/2016:00:26:27 +0000] "POST /wp-admin/admin-ajax.php HTTP/1.1" 200 608 "http://nubi.me/wp-admin/post.php?post=144&action=edit" "Mozilla/5.0 (Windows NT 10.0; WOW64) AppleWebKit/537.36 (KHTML, like Gecko) Chrome/50.0.2661.102 UBrowser/5.7.16400.12 Safari/537.36"
115.236.52.66 - - [05/Dec/2016:00:26:42 +0000] "POST /wp-admin/admin-ajax.php HTTP/1.1" 200 608 "http://nubi.me/wp-admin/post.php?post=144&action=edit" "Mozilla/5.0 (Windows NT 10.0; WOW64) AppleWebKit/537.36 (KHTML, like Gecko) Chrome/50.0.2661.102 UBrowser/5.7.16400.12 Safari/537.36"
115.236.52.66 - - [05/Dec/2016:00:26:57 +0000] "POST /wp-admin/admin-ajax.php HTTP/1.1" 200 608 "http://nubi.me/wp-admin/post.php?post=144&action=edit" "Mozilla/5.0 (Windows NT 10.0; WOW64) AppleWebKit/537.36 (KHTML, like Gecko) Chrome/50.0.2661.102 UBrowser/5.7.16400.12 Safari/537.36"
