207.46.13.149 - - [04/Dec/2016:14:07:01 +0000] "GET /wp-includes/js/jquery/jquery-migrate.min.js?ver=1.4.1 HTTP/1.1" 200 4364 "-" "Mozilla/5.0 (iPhone; CPU iPhone OS 7_0 like Mac OS X) AppleWebKit/537.51.1 (KHTML, like Gecko) Version/7.0 Mobile/11A465 Safari/9537.53 (compatible; bingbot/2.0; +http://www.bing.com/bingbot.htm)"
197.227.188.75 - - [04/Dec/2016:14:10:21 +0000] "POST /xmlrpc.php HTTP/1.1" 200 628 "-" "Mozilla/5.0 (Windows NT 6.1; WOW64; rv:40.0) Gecko/20100101 Firefox/40.1"
197.227.188.75 - - [04/Dec/2016:14:10:22 +0000] "GET /wp-login.php HTTP/1.1" 200 2685 "-" "Mozilla/5.0 (Windows NT 6.1; WOW64; rv:40.0) Gecko/20100101 Firefox/40.1"
197.227.188.75 - - [04/Dec/2016:14:10:22 +0000] "POST /wp-login.php HTTP/1.1" 200 3647 "-" "Mozilla/5.0 (Windows NT 6.1; WOW64; rv:40.0) Gecko/20100101 Firefox/40.1"
123.125.71.71 - - [04/Dec/2016:14:20:06 +0000] "GET / HTTP/1.1" 200 11377 "-" "Mozilla/5.0 (compatible; Baiduspider/2.0; +http://www.baidu.com/search/spider.html)"
180.76.15.14 - - [04/Dec/2016:14:20:22 +0000] "GET / HTTP/1.1" 200 26663 "-" "Mozilla/5.0 (compatible; Baiduspider/2.0; +http://www.baidu.com/search/spider.html)"
180.76.15.27 - - [04/Dec/2016:14:20:38 +0000] "GET / HTTP/1.1" 200 26663 "-" "Mozilla/5.0 (compatible; Baiduspider/2.0; +http://www.baidu.com/search/spider.html)"
91.200.12.60 - - [04/Dec/2016:14:29:29 +0000] "GET /wp-content/themes/photocrati-theme-v4.071/style.css HTTP/1.1" 404 10539 "http://nubi.me/wp-content/themes/photocrati-theme-v4.071/style.css" "Mozilla/5.0 (Windows NT 6.1; WOW64) AppleWebKit/537.36 (KHTML, like Gecko) Chrome/42.0.2311.152 Safari/537.36"
91.200.12.60 - - [04/Dec/2016:14:29:33 +0000] "GET /wp-content/themes/photocrati-theme-v4/style.css HTTP/1.1" 404 10539 "http://www.google.com/" "Mozilla/5.0 (Windows NT 6.1; Win64; x64) AppleWebKit/537.36 (KHTML, like Gecko) Chrome/56.0.2896.3 Safari/537.36"
66.249.64.188 - - [04/Dec/2016:14:53:01 +0000] "GET /2015/10/12/centos6-%E7%BC%96%E8%AF%91subversion1-9%E7%89%88%E6%9C%AC/ HTTP/1.1" 200 7270 "-" "Mozilla/5.0 (compatible; Googlebot/2.1; +http://www.google.com/bot.html)"
66.249.64.188 - - [04/Dec/2016:14:53:03 +0000] "GET /wp-content/themes/great/style.css?ver=4.6.1 HTTP/1.1" 200 11490 "http://nubi.me/2015/10/12/centos6-%E7%BC%96%E8%AF%91subversion1-9%E7%89%88%E6%9C%AC/" "Mozilla/5.0 (compatible; Googlebot/2.1; +http://www.google.com/bot.html)"
66.249.64.188 - - [04/Dec/2016:14:53:04 +0000] "GET /wp-content/themes/great/font-awesome/css/font-awesome.min.css?ver=4.6.1 HTTP/1.1" 200 5779 "http://nubi.me/2015/10/12/centos6-%E7%BC%96%E8%AF%91subversion1-9%E7%89%88%E6%9C%AC/" "Mozilla/5.0 (compatible; Googlebot/2.1; +http://www.google.com/bot.html)"
32.210.202.127 - - [04/Dec/2016:14:55:21 +0000] "L" 400 0 "-" "-"
40.77.167.5 - - [04/Dec/2016:15:01:15 +0000] "GET /2016/08/ HTTP/1.1" 200 7611 "-" "Mozilla/5.0 (iPhone; CPU iPhone OS 7_0 like Mac OS X) AppleWebKit/537.51.1 (KHTML, like Gecko) Version/7.0 Mobile/11A465 Safari/9537.53 (compatible; bingbot/2.0; +http://www.bing.com/bingbot.htm)"
207.46.13.149 - - [04/Dec/2016:15:01:35 +0000] "GET /feed/ HTTP/1.1" 200 6657 "-" "Mozilla/5.0 (iPhone; CPU iPhone OS 7_0 like Mac OS X) AppleWebKit/537.51.1 (KHTML, like Gecko) Version/7.0 Mobile/11A465 Safari/9537.53 (compatible; bingbot/2.0; +http://www.bing.com/bingbot.htm)"
141.212.122.80 - - [04/Dec/2016:15:10:58 +0000] "GET /x HTTP/1.1" 400 0 "-" "Telesphoreo"
66.249.64.134 - - [04/Dec/2016:15:18:38 +0000] "GET /2016/10/12/%E7%BC%96%E4%BA%86%E4%B8%80%E5%A4%A9%E7%9A%84facebook-android-sdk/ HTTP/1.1" 200 7899 "-" "Mozilla/5.0 (compatible; Googlebot/2.1; +http://www.google.com/bot.html)"
40.77.167.5 - - [04/Dec/2016:15:18:48 +0000] "GET /2016/01/23/%e6%84%9f%e6%83%b3/ HTTP/1.1" 404 10576 "-" "Mozilla/5.0 (iPhone; CPU iPhone OS 7_0 like Mac OS X) AppleWebKit/537.51.1 (KHTML, like Gecko) Version/7.0 Mobile/11A465 Safari/9537.53 (compatible; bingbot/2.0; +http://www.bing.com/bingbot.htm)"
66.249.64.188 - - [04/Dec/2016:15:23:42 +0000] "GET /2016/07/ HTTP/1.1" 200 7573 "-" "Mozilla/5.0 (compatible; Googlebot/2.1; +http://www.google.com/bot.html)"
180.76.15.8 - - [04/Dec/2016:15:31:08 +0000] "GET / HTTP/1.1" 200 17600 "-" "Mozilla/5.0 (compatible; Baiduspider/2.0; +http://www.baidu.com/search/spider.html)"
180.76.15.148 - - [04/Dec/2016:15:31:49 +0000] "GET / HTTP/1.1" 200 26663 "-" "Mozilla/5.0 (compatible; Baiduspider/2.0; +http://www.baidu.com/search/spider.html)"
104.202.144.107 - - [04/Dec/2016:15:38:11 +0000] "GET /2016/01/13/debian-%e5%ae%89%e8%a3%85oracle-jdk8/ HTTP/1.0" 200 7401 "http://nubi.me/" "Mozilla/5.0 (Macintosh; Intel Mac OS X 10.10; rv:34.0) Gecko/20100101 Firefox/34.0"
104.202.144.107 - - [04/Dec/2016:15:38:12 +0000] "POST /xmlrpc.php HTTP/1.1" 200 433 "http://nubi.me/" "PHP/5.2.68"
66.249.64.188 - - [04/Dec/2016:15:39:11 +0000] "GET /2016/07/26/%E9%80%9A%E8%BF%87amazon-ec2%E5%BB%BA%E7%AB%8B%E8%87%AA%E5%B7%B1%E7%9A%84pptp-vpn%E6%9C%8D%E5%8A%A1%E5%99%A8/ HTTP/1.1" 200 9157 "-" "Mozilla/5.0 (compatible; Googlebot/2.1; +http://www.google.com/bot.html)"
66.249.64.134 - - [04/Dec/2016:15:39:14 +0000] "GET /2016/05/ HTTP/1.1" 200 8999 "-" "Mozilla/5.0 (compatible; Googlebot/2.1; +http://www.google.com/bot.html)"
109.228.49.198 - - [04/Dec/2016:15:52:48 +0000] "GET //pma/ HTTP/1.1" 301 383 "-" "Mozilla/5.0"
109.228.49.198 - - [04/Dec/2016:15:52:49 +0000] "GET /pma/ HTTP/1.1" 404 10565 "-" "Mozilla/5.0"
188.51.55.48 - - [04/Dec/2016:15:58:12 +0000] "GET /2015/11/13/jhizdfncqhd/ HTTP/1.1" 200 7194 "http://nubi.me/" "Mozilla/5.0 (Macintosh; Intel Mac OS X 10.10; rv:34.0) Gecko/20100101 Firefox/34.0"
157.55.39.175 - - [04/Dec/2016:16:16:11 +0000] "GET /2016/07/26/ HTTP/1.1" 200 6670 "-" "Mozilla/5.0 (iPhone; CPU iPhone OS 7_0 like Mac OS X) AppleWebKit/537.51.1 (KHTML, like Gecko) Version/7.0 Mobile/11A465 Safari/9537.53 (compatible; bingbot/2.0; +http://www.bing.com/bingbot.htm)"
180.76.15.32 - - [04/Dec/2016:16:24:56 +0000] "GET / HTTP/1.1" 200 26663 "-" "Mozilla/5.0 (compatible; Baiduspider/2.0; +http://www.baidu.com/search/spider.html)"
180.76.15.27 - - [04/Dec/2016:16:25:22 +0000] "GET / HTTP/1.1" 200 26663 "-" "Mozilla/5.0 (compatible; Baiduspider/2.0; +http://www.baidu.com/search/spider.html)"
66.249.64.129 - - [04/Dec/2016:16:34:25 +0000] "GET /2016/05/16/linux%E4%B8%8Brsync%E5%91%BD%E4%BB%A4%E8%AF%A6%E7%BB%86%E6%95%B4%E7%90%86/ HTTP/1.1" 200 10099 "-" "Mozilla/5.0 (compatible; Googlebot/2.1; +http://www.google.com/bot.html)"
157.55.39.180 - - [04/Dec/2016:16:45:48 +0000] "GET /2016/08/03/ HTTP/1.1" 200 6190 "-" "Mozilla/5.0 (iPhone; CPU iPhone OS 7_0 like Mac OS X) AppleWebKit/537.51.1 (KHTML, like Gecko) Version/7.0 Mobile/11A465 Safari/9537.53 (compatible; bingbot/2.0; +http://www.bing.com/bingbot.htm)"
37.139.59.69 - admin [04/Dec/2016:16:50:30 +0000] "POST /UD/act?1 HTTP/1.1" 404 8736 "-" "Mozilla/4.0 (compatible; MSIE 6.0; Windows NT 5.1)"
14.106.227.122 - - [04/Dec/2016:16:54:57 +0000] "GET /2016/05/31/%e6%80%bb%e6%83%b3%e6%8a%98%e8%85%be%e7%82%b9%e5%95%a5/ HTTP/1.0" 200 23517 "http://nubi.me/2016/05/31/%e6%80%bb%e6%83%b3%e6%8a%98%e8%85%be%e7%82%b9%e5%95%a5/#comment-7191" "Mozilla/5.0 (Windows NT 6.1; rv:37.0) Gecko/20100101 Firefox/37.0"
14.106.227.122 - - [04/Dec/2016:16:54:58 +0000] "POST /wp-comments-post.php HTTP/1.0" 500 3889 "http://nubi.me/2016/05/31/%e6%80%bb%e6%83%b3%e6%8a%98%e8%85%be%e7%82%b9%e5%95%a5/#comment-7191" "Mozilla/5.0 (Windows NT 6.1; rv:37.0) Gecko/20100101 Firefox/37.0"
14.106.227.122 - - [04/Dec/2016:16:54:59 +0000] "GET /2016/05/31/%e6%80%bb%e6%83%b3%e6%8a%98%e8%85%be%e7%82%b9%e5%95%a5/ HTTP/1.0" 200 23517 "http://nubi.me/2016/05/31/%e6%80%bb%e6%83%b3%e6%8a%98%e8%85%be%e7%82%b9%e5%95%a5/#comment-7191" "Mozilla/5.0 (Windows NT 6.1; rv:37.0) Gecko/20100101 Firefox/37.0"
173.232.14.240 - - [04/Dec/2016:17:05:45 +0000] "GET /2015/10/10/%E6%9C%80%E8%BF%91%E5%9C%A8%E5%80%92%E8%85%BEemacs/ HTTP/1.1" 200 7492 "http://nubi.me" "Mozilla/4.0 (compatible; MSIE 6.0; Windows NT 5.1; en) Opera 8.50"
173.232.14.240 - - [04/Dec/2016:17:05:46 +0000] "POST /wp-comments-post.php HTTP/1.1" 500 3889 "http://nubi.me" "Mozilla/4.0 (compatible; MSIE 6.0; Windows NT 5.1; en) Opera 8.50"
112.133.232.8 - - [04/Dec/2016:17:07:01 +0000] "POST /xmlrpc.php HTTP/1.1" 200 628 "-" "Mozilla/5.0 (Windows NT 6.1; WOW64; rv:40.0) Gecko/20100101 Firefox/40.1"
112.133.232.8 - - [04/Dec/2016:17:07:04 +0000] "GET /wp-login.php HTTP/1.1" 200 2685 "-" "Mozilla/5.0 (Windows NT 6.1; WOW64; rv:40.0) Gecko/20100101 Firefox/40.1"
112.133.232.8 - - [04/Dec/2016:17:07:05 +0000] "POST /wp-login.php HTTP/1.1" 200 3647 "-" "Mozilla/5.0 (Windows NT 6.1; WOW64; rv:40.0) Gecko/20100101 Firefox/40.1"
14.106.227.122 - - [04/Dec/2016:17:11:35 +0000] "GET /2016/05/31/%e6%80%bb%e6%83%b3%e6%8a%98%e8%85%be%e7%82%b9%e5%95%a5/?replytocom=155 HTTP/1.0" 200 23533 "http://nubi.me/2016/05/31/%e6%80%bb%e6%83%b3%e6%8a%98%e8%85%be%e7%82%b9%e5%95%a5/?replytocom=155#respond" "Mozilla/5.0 (Windows NT 6.3; WOW64) AppleWebKit/537.36 (KHTML, like Gecko) Chrome/41.0.2272.101 Safari/537.36"
14.106.227.122 - - [04/Dec/2016:17:11:35 +0000] "GET /2016/05/31/%e6%80%bb%e6%83%b3%e6%8a%98%e8%85%be%e7%82%b9%e5%95%a5/ HTTP/1.0" 200 23472 "http://nubi.me/2016/05/31/%e6%80%bb%e6%83%b3%e6%8a%98%e8%85%be%e7%82%b9%e5%95%a5/#comment-7286" "Mozilla/5.0 (Windows NT 6.1) AppleWebKit/537.36 (KHTML, like Gecko) Chrome/41.0.2272.101 Safari/537.36"
14.106.227.122 - - [04/Dec/2016:17:11:36 +0000] "GET /2016/05/31/%e6%80%bb%e6%83%b3%e6%8a%98%e8%85%be%e7%82%b9%e5%95%a5/?replytocom=136 HTTP/1.0" 200 23533 "http://nubi.me/2016/05/31/%e6%80%bb%e6%83%b3%e6%8a%98%e8%85%be%e7%82%b9%e5%95%a5/?replytocom=136#respond" "Mozilla/5.0 (Windows NT 6.3; WOW64; rv:36.0) Gecko/20100101 Firefox/36.0"
14.106.227.122 - - [04/Dec/2016:17:11:36 +0000] "POST /wp-comments-post.php HTTP/1.0" 500 3889 "http://nubi.me/2016/05/31/%e6%80%bb%e6%83%b3%e6%8a%98%e8%85%be%e7%82%b9%e5%95%a5/?replytocom=155#respond" "Mozilla/5.0 (Windows NT 6.3; WOW64) AppleWebKit/537.36 (KHTML, like Gecko) Chrome/41.0.2272.101 Safari/537.36"
14.106.227.122 - - [04/Dec/2016:17:11:36 +0000] "GET /2016/05/31/%e6%80%bb%e6%83%b3%e6%8a%98%e8%85%be%e7%82%b9%e5%95%a5/?replytocom=60 HTTP/1.0" 200 23532 "http://nubi.me/2016/05/31/%e6%80%bb%e6%83%b3%e6%8a%98%e8%85%be%e7%82%b9%e5%95%a5/?replytocom=60#respond" "Mozilla/5.0 (Windows NT 6.3; WOW64) AppleWebKit/537.36 (KHTML, like Gecko) Chrome/41.0.2272.101 Safari/537.36"
14.106.227.122 - - [04/Dec/2016:17:11:37 +0000] "GET /2016/05/31/%e6%80%bb%e6%83%b3%e6%8a%98%e8%85%be%e7%82%b9%e5%95%a5/?replytocom=155 HTTP/1.0" 200 23533 "http://nubi.me/2016/05/31/%e6%80%bb%e6%83%b3%e6%8a%98%e8%85%be%e7%82%b9%e5%95%a5/?replytocom=155#respond" "Mozilla/5.0 (Windows NT 6.3; WOW64) AppleWebKit/537.36 (KHTML, like Gecko) Chrome/41.0.2272.101 Safari/537.36"
14.106.227.122 - - [04/Dec/2016:17:11:38 +0000] "POST /wp-comments-post.php HTTP/1.0" 500 3889 "http://nubi.me/2016/05/31/%e6%80%bb%e6%83%b3%e6%8a%98%e8%85%be%e7%82%b9%e5%95%a5/?replytocom=136#respond" "Mozilla/5.0 (Windows NT 6.3; WOW64; rv:36.0) Gecko/20100101 Firefox/36.0"
14.106.227.122 - - [04/Dec/2016:17:11:41 +0000] "GET /2016/05/31/%e6%80%bb%e6%83%b3%e6%8a%98%e8%85%be%e7%82%b9%e5%95%a5/?replytocom=136 HTTP/1.0" 200 23533 "http://nubi.me/2016/05/31/%e6%80%bb%e6%83%b3%e6%8a%98%e8%85%be%e7%82%b9%e5%95%a5/?replytocom=136#respond" "Mozilla/5.0 (Windows NT 6.3; WOW64; rv:36.0) Gecko/20100101 Firefox/36.0"
14.106.227.122 - - [04/Dec/2016:17:11:37 +0000] "POST /wp-comments-post.php HTTP/1.0" 500 3889 "http://nubi.me/2016/05/31/%e6%80%bb%e6%83%b3%e6%8a%98%e8%85%be%e7%82%b9%e5%95%a5/#comment-7286" "Mozilla/5.0 (Windows NT 6.1) AppleWebKit/537.36 (KHTML, like Gecko) Chrome/41.0.2272.101 Safari/537.36"
14.106.227.122 - - [04/Dec/2016:17:11:37 +0000] "POST /wp-comments-post.php HTTP/1.0" 500 3889 "http://nubi.me/2016/05/31/%e6%80%bb%e6%83%b3%e6%8a%98%e8%85%be%e7%82%b9%e5%95%a5/?replytocom=60#respond" "Mozilla/5.0 (Windows NT 6.3; WOW64) AppleWebKit/537.36 (KHTML, like Gecko) Chrome/41.0.2272.101 Safari/537.36"
14.106.227.122 - - [04/Dec/2016:17:11:42 +0000] "GET /2016/05/31/%e6%80%bb%e6%83%b3%e6%8a%98%e8%85%be%e7%82%b9%e5%95%a5/ HTTP/1.0" 200 23472 "http://nubi.me/2016/05/31/%e6%80%bb%e6%83%b3%e6%8a%98%e8%85%be%e7%82%b9%e5%95%a5/#comment-7286" "Mozilla/5.0 (Windows NT 6.1) AppleWebKit/537.36 (KHTML, like Gecko) Chrome/41.0.2272.101 Safari/537.36"
14.106.227.122 - - [04/Dec/2016:17:11:42 +0000] "GET /2016/05/31/%e6%80%bb%e6%83%b3%e6%8a%98%e8%85%be%e7%82%b9%e5%95%a5/?replytocom=60 HTTP/1.0" 200 23532 "http://nubi.me/2016/05/31/%e6%80%bb%e6%83%b3%e6%8a%98%e8%85%be%e7%82%b9%e5%95%a5/?replytocom=60#respond" "Mozilla/5.0 (Windows NT 6.3; WOW64) AppleWebKit/537.36 (KHTML, like Gecko) Chrome/41.0.2272.101 Safari/537.36"
::1 - - [04/Dec/2016:17:11:44 +0000] "OPTIONS * HTTP/1.0" 200 125 "-" "Apache/2.4.7 (Ubuntu) PHP/5.5.9-1ubuntu4.19 (internal dummy connection)"
178.215.112.251 - - [04/Dec/2016:17:14:17 +0000] "GET / HTTP/1.1" 200 40550 "-" "curl/7.17.1 (mips-unknown-linux-gnu) libcurl/7.17.1 OpenSSL/0.9.8i zlib/1.2.3"
173.232.14.21 - - [04/Dec/2016:17:18:32 +0000] "GET /2016/07/26/%E9%80%9A%E8%BF%87amazon-ec2%E5%BB%BA%E7%AB%8B%E8%87%AA%E5%B7%B1%E7%9A%84pptp-vpn%E6%9C%8D%E5%8A%A1%E5%99%A8/ HTTP/1.1" 200 9099 "http://nubi.me" "Mozilla/4.0 (compatible; MSIE 6.0; Windows NT 5.1; en) Opera 8.50"
173.232.14.21 - - [04/Dec/2016:17:18:33 +0000] "POST /wp-comments-post.php HTTP/1.1" 500 3889 "http://nubi.me" "Mozilla/4.0 (compatible; MSIE 6.0; Windows NT 5.1; en) Opera 8.50"
180.76.15.141 - - [04/Dec/2016:17:26:36 +0000] "GET / HTTP/1.1" 200 26663 "-" "Mozilla/5.0 (compatible; Baiduspider/2.0; +http://www.baidu.com/search/spider.html)"
180.76.15.9 - - [04/Dec/2016:17:27:04 +0000] "GET / HTTP/1.1" 200 26663 "-" "Mozilla/5.0 (compatible; Baiduspider/2.0; +http://www.baidu.com/search/spider.html)"
180.167.76.235 - - [04/Dec/2016:17:35:59 +0000] "HEAD / HTTP/1.0" 200 242 "-" "-"
207.46.13.149 - - [04/Dec/2016:17:39:43 +0000] "GET /2016/05/31/ HTTP/1.1" 200 6514 "-" "Mozilla/5.0 (iPhone; CPU iPhone OS 7_0 like Mac OS X) AppleWebKit/537.51.1 (KHTML, like Gecko) Version/7.0 Mobile/11A465 Safari/9537.53 (compatible; bingbot/2.0; +http://www.bing.com/bingbot.htm)"
185.51.221.222 - - [04/Dec/2016:17:40:56 +0000] "GET / HTTP/1.1" 200 40606 "-" "curl/7.17.1 (mips-unknown-linux-gnu) libcurl/7.17.1 OpenSSL/0.9.8i zlib/1.2.3"
62.210.80.54 - - [04/Dec/2016:17:41:48 +0000] "GET /2015/11/06/cppcon-2015-emacs-as-a-c-ide/ HTTP/1.0" 200 7168 "http://nubi.me/2015/11/06/cppcon-2015-emacs-as-a-c-ide/" "&as_qdr=all"
62.210.80.54 - - [04/Dec/2016:17:41:49 +0000] "POST /wp-comments-post.php HTTP/1.0" 500 3889 "http://nubi.me" "&as_qdr=all"
14.106.227.122 - - [04/Dec/2016:17:44:53 +0000] "GET /2016/05/31/%e6%80%bb%e6%83%b3%e6%8a%98%e8%85%be%e7%82%b9%e5%95%a5/ HTTP/1.0" 200 23472 "http://nubi.me/2016/05/31/%e6%80%bb%e6%83%b3%e6%8a%98%e8%85%be%e7%82%b9%e5%95%a5/#comment-7191" "Mozilla/5.0 (Windows NT 6.1; rv:31.0) Gecko/20100101 Firefox/31.0"
14.106.227.122 - - [04/Dec/2016:17:44:57 +0000] "POST /wp-comments-post.php HTTP/1.0" 500 3889 "http://nubi.me/2016/05/31/%e6%80%bb%e6%83%b3%e6%8a%98%e8%85%be%e7%82%b9%e5%95%a5/#comment-7191" "Mozilla/5.0 (Windows NT 6.1; rv:31.0) Gecko/20100101 Firefox/31.0"
14.106.227.122 - - [04/Dec/2016:17:45:09 +0000] "GET /2016/05/31/%e6%80%bb%e6%83%b3%e6%8a%98%e8%85%be%e7%82%b9%e5%95%a5/ HTTP/1.0" 200 23472 "http://nubi.me/2016/05/31/%e6%80%bb%e6%83%b3%e6%8a%98%e8%85%be%e7%82%b9%e5%95%a5/#comment-7191" "Mozilla/5.0 (Windows NT 6.1; rv:31.0) Gecko/20100101 Firefox/31.0"
173.232.14.240 - - [04/Dec/2016:17:46:47 +0000] "GET /2015/11/13/jhizdfncqhd/ HTTP/1.1" 200 7141 "http://nubi.me" "Mozilla/4.0 (compatible; MSIE 6.0; Windows NT 5.1; en) Opera 8.50"
173.232.14.240 - - [04/Dec/2016:17:46:48 +0000] "POST /wp-comments-post.php HTTP/1.1" 500 3889 "http://nubi.me" "Mozilla/4.0 (compatible; MSIE 6.0; Windows NT 5.1; en) Opera 8.50"
14.106.227.122 - - [04/Dec/2016:17:49:22 +0000] "GET /2016/05/31/%e6%80%bb%e6%83%b3%e6%8a%98%e8%85%be%e7%82%b9%e5%95%a5/ HTTP/1.0" 200 23472 "http://nubi.me/2016/05/31/%e6%80%bb%e6%83%b3%e6%8a%98%e8%85%be%e7%82%b9%e5%95%a5/#comment-7191" "Mozilla/5.0 (Windows NT 6.1; WOW64; rv:36.0) Gecko/20100101 Firefox/36.0"
14.106.227.122 - - [04/Dec/2016:17:49:23 +0000] "POST /wp-comments-post.php HTTP/1.0" 500 3889 "http://nubi.me/2016/05/31/%e6%80%bb%e6%83%b3%e6%8a%98%e8%85%be%e7%82%b9%e5%95%a5/#comment-7191" "Mozilla/5.0 (Windows NT 6.1; WOW64; rv:36.0) Gecko/20100101 Firefox/36.0"
66.249.64.188 - - [04/Dec/2016:17:50:39 +0000] "GET /2016/05/19/ HTTP/1.1" 200 6655 "-" "Mozilla/5.0 (compatible; Googlebot/2.1; +http://www.google.com/bot.html)"
148.251.176.102 - - [04/Dec/2016:17:54:14 +0000] "GET /2016/08/03/ubuntu16-04-php7-0%E7%8E%AF%E5%A2%83%E6%90%AD%E5%BB%BA/ HTTP/1.1" 200 7263 "http://nubi.me/" "Mozilla/5.0 (Macintosh; Intel Mac OS X 10.10; rv:34.0) Gecko/20100101 Firefox/34.0"
66.249.64.129 - - [04/Dec/2016:17:55:46 +0000] "GET /wp-content/plugins/wp-fancy-captcha/captcha/imgs/border-right.png HTTP/1.1" 200 734 "-" "Googlebot-Image/1.0"
66.249.64.129 - - [04/Dec/2016:17:56:00 +0000] "GET /wp-content/plugins/wp-fancy-captcha/captcha/imgs/border-left.png HTTP/1.1" 200 732 "-" "Googlebot-Image/1.0"
66.249.64.129 - - [04/Dec/2016:17:57:01 +0000] "GET /wp-content/plugins/wp-fancy-captcha/captcha/imgs/item-heart.png HTTP/1.1" 200 2152 "-" "Googlebot-Image/1.0"
65.27.108.160 - - [04/Dec/2016:18:00:36 +0000] "POST /xmlrpc.php HTTP/1.1" 200 628 "-" "Mozilla/5.0 (Windows NT 6.1; WOW64; rv:40.0) Gecko/20100101 Firefox/40.1"
65.27.108.160 - - [04/Dec/2016:18:00:37 +0000] "GET /wp-login.php HTTP/1.1" 200 2685 "-" "Mozilla/5.0 (Windows NT 6.1; WOW64; rv:40.0) Gecko/20100101 Firefox/40.1"
65.27.108.160 - - [04/Dec/2016:18:00:37 +0000] "POST /wp-login.php HTTP/1.1" 200 3647 "-" "Mozilla/5.0 (Windows NT 6.1; WOW64; rv:40.0) Gecko/20100101 Firefox/40.1"
14.106.227.122 - - [04/Dec/2016:18:05:19 +0000] "GET /2016/05/31/%e6%80%bb%e6%83%b3%e6%8a%98%e8%85%be%e7%82%b9%e5%95%a5/ HTTP/1.0" 200 23472 "http://nubi.me/2016/05/31/%e6%80%bb%e6%83%b3%e6%8a%98%e8%85%be%e7%82%b9%e5%95%a5/#comment-7286" "Mozilla/5.0 (Windows NT 6.3; WOW64; rv:36.0) Gecko/20100101 Firefox/36.0"
14.106.227.122 - - [04/Dec/2016:18:05:20 +0000] "GET /2016/05/31/%e6%80%bb%e6%83%b3%e6%8a%98%e8%85%be%e7%82%b9%e5%95%a5/?replytocom=136 HTTP/1.0" 200 23533 "http://nubi.me/2016/05/31/%e6%80%bb%e6%83%b3%e6%8a%98%e8%85%be%e7%82%b9%e5%95%a5/?replytocom=136#respond" "Mozilla/5.0 (Windows NT 6.1; rv:31.0) Gecko/20100101 Firefox/31.0"
14.106.227.122 - - [04/Dec/2016:18:05:20 +0000] "GET /2016/05/31/%e6%80%bb%e6%83%b3%e6%8a%98%e8%85%be%e7%82%b9%e5%95%a5/?replytocom=60 HTTP/1.0" 200 23532 "http://nubi.me/2016/05/31/%e6%80%bb%e6%83%b3%e6%8a%98%e8%85%be%e7%82%b9%e5%95%a5/?replytocom=60#respond" "Mozilla/5.0 (Windows NT 6.3; WOW64; rv:36.0) Gecko/20100101 Firefox/36.0"
14.106.227.122 - - [04/Dec/2016:18:05:22 +0000] "POST /wp-comments-post.php HTTP/1.0" 500 3889 "http://nubi.me/2016/05/31/%e6%80%bb%e6%83%b3%e6%8a%98%e8%85%be%e7%82%b9%e5%95%a5/?replytocom=136#respond" "Mozilla/5.0 (Windows NT 6.1; rv:31.0) Gecko/20100101 Firefox/31.0"
14.106.227.122 - - [04/Dec/2016:18:05:20 +0000] "POST /wp-comments-post.php HTTP/1.0" 500 3889 "http://nubi.me/2016/05/31/%e6%80%bb%e6%83%b3%e6%8a%98%e8%85%be%e7%82%b9%e5%95%a5/#comment-7286" "Mozilla/5.0 (Windows NT 6.3; WOW64; rv:36.0) Gecko/20100101 Firefox/36.0"
14.106.227.122 - - [04/Dec/2016:18:05:23 +0000] "GET /2016/05/31/%e6%80%bb%e6%83%b3%e6%8a%98%e8%85%be%e7%82%b9%e5%95%a5/?replytocom=136 HTTP/1.0" 200 23533 "http://nubi.me/2016/05/31/%e6%80%bb%e6%83%b3%e6%8a%98%e8%85%be%e7%82%b9%e5%95%a5/?replytocom=136#respond" "Mozilla/5.0 (Windows NT 6.1; rv:31.0) Gecko/20100101 Firefox/31.0"
14.106.227.122 - - [04/Dec/2016:18:05:23 +0000] "GET /2016/05/31/%e6%80%bb%e6%83%b3%e6%8a%98%e8%85%be%e7%82%b9%e5%95%a5/ HTTP/1.0" 200 23472 "http://nubi.me/2016/05/31/%e6%80%bb%e6%83%b3%e6%8a%98%e8%85%be%e7%82%b9%e5%95%a5/#comment-7286" "Mozilla/5.0 (Windows NT 6.3; WOW64; rv:36.0) Gecko/20100101 Firefox/36.0"
14.106.227.122 - - [04/Dec/2016:18:05:23 +0000] "GET /2016/05/31/%e6%80%bb%e6%83%b3%e6%8a%98%e8%85%be%e7%82%b9%e5%95%a5/?replytocom=155 HTTP/1.0" 200 23533 "http://nubi.me/2016/05/31/%e6%80%bb%e6%83%b3%e6%8a%98%e8%85%be%e7%82%b9%e5%95%a5/?replytocom=155#respond" "Mozilla/5.0 (Windows NT 6.3; WOW64) AppleWebKit/537.36 (KHTML, like Gecko) Chrome/41.0.2272.101 Safari/537.36"
14.106.227.122 - - [04/Dec/2016:18:05:21 +0000] "POST /wp-comments-post.php HTTP/1.0" 500 3889 "http://nubi.me/2016/05/31/%e6%80%bb%e6%83%b3%e6%8a%98%e8%85%be%e7%82%b9%e5%95%a5/?replytocom=60#respond" "Mozilla/5.0 (Windows NT 6.3; WOW64; rv:36.0) Gecko/20100101 Firefox/36.0"
14.106.227.122 - - [04/Dec/2016:18:05:25 +0000] "GET /2016/05/31/%e6%80%bb%e6%83%b3%e6%8a%98%e8%85%be%e7%82%b9%e5%95%a5/?replytocom=60 HTTP/1.0" 200 23532 "http://nubi.me/2016/05/31/%e6%80%bb%e6%83%b3%e6%8a%98%e8%85%be%e7%82%b9%e5%95%a5/?replytocom=60#respond" "Mozilla/5.0 (Windows NT 6.3; WOW64; rv:36.0) Gecko/20100101 Firefox/36.0"
14.106.227.122 - - [04/Dec/2016:18:05:35 +0000] "POST /wp-comments-post.php HTTP/1.0" 500 3889 "http://nubi.me/2016/05/31/%e6%80%bb%e6%83%b3%e6%8a%98%e8%85%be%e7%82%b9%e5%95%a5/?replytocom=155#respond" "Mozilla/5.0 (Windows NT 6.3; WOW64) AppleWebKit/537.36 (KHTML, like Gecko) Chrome/41.0.2272.101 Safari/537.36"
14.106.227.122 - - [04/Dec/2016:18:05:37 +0000] "GET /2016/05/31/%e6%80%bb%e6%83%b3%e6%8a%98%e8%85%be%e7%82%b9%e5%95%a5/?replytocom=155 HTTP/1.0" 200 23533 "http://nubi.me/2016/05/31/%e6%80%bb%e6%83%b3%e6%8a%98%e8%85%be%e7%82%b9%e5%95%a5/?replytocom=155#respond" "Mozilla/5.0 (Windows NT 6.3; WOW64) AppleWebKit/537.36 (KHTML, like Gecko) Chrome/41.0.2272.101 Safari/537.36"
14.106.227.122 - - [04/Dec/2016:18:09:37 +0000] "GET /2016/05/31/%e6%80%bb%e6%83%b3%e6%8a%98%e8%85%be%e7%82%b9%e5%95%a5/ HTTP/1.0" 200 23472 "http://nubi.me/2016/05/31/%e6%80%bb%e6%83%b3%e6%8a%98%e8%85%be%e7%82%b9%e5%95%a5/#comment-7286" "Mozilla/5.0 (Windows NT 6.1; rv:37.0) Gecko/20100101 Firefox/37.0"
14.106.227.122 - - [04/Dec/2016:18:09:38 +0000] "GET /2016/05/31/%e6%80%bb%e6%83%b3%e6%8a%98%e8%85%be%e7%82%b9%e5%95%a5/?replytocom=155 HTTP/1.0" 200 23533 "http://nubi.me/2016/05/31/%e6%80%bb%e6%83%b3%e6%8a%98%e8%85%be%e7%82%b9%e5%95%a5/?replytocom=155#respond" "Mozilla/5.0 (Windows NT 6.1; WOW64; rv:36.0) Gecko/20100101 Firefox/36.0"
14.106.227.122 - - [04/Dec/2016:18:09:38 +0000] "GET /2016/05/31/%e6%80%bb%e6%83%b3%e6%8a%98%e8%85%be%e7%82%b9%e5%95%a5/?replytocom=136 HTTP/1.0" 200 23533 "http://nubi.me/2016/05/31/%e6%80%bb%e6%83%b3%e6%8a%98%e8%85%be%e7%82%b9%e5%95%a5/?replytocom=136#respond" "Mozilla/5.0 (Windows NT 6.3; WOW64; rv:36.0) Gecko/20100101 Firefox/36.0"
14.106.227.122 - - [04/Dec/2016:18:09:39 +0000] "POST /wp-comments-post.php HTTP/1.0" 500 3889 "http://nubi.me/2016/05/31/%e6%80%bb%e6%83%b3%e6%8a%98%e8%85%be%e7%82%b9%e5%95%a5/?replytocom=155#respond" "Mozilla/5.0 (Windows NT 6.1; WOW64; rv:36.0) Gecko/20100101 Firefox/36.0"
14.106.227.122 - - [04/Dec/2016:18:09:38 +0000] "POST /wp-comments-post.php HTTP/1.0" 500 3889 "http://nubi.me/2016/05/31/%e6%80%bb%e6%83%b3%e6%8a%98%e8%85%be%e7%82%b9%e5%95%a5/#comment-7286" "Mozilla/5.0 (Windows NT 6.1; rv:37.0) Gecko/20100101 Firefox/37.0"
14.106.227.122 - - [04/Dec/2016:18:09:39 +0000] "GET /2016/05/31/%e6%80%bb%e6%83%b3%e6%8a%98%e8%85%be%e7%82%b9%e5%95%a5/?replytocom=60 HTTP/1.0" 200 23532 "http://nubi.me/2016/05/31/%e6%80%bb%e6%83%b3%e6%8a%98%e8%85%be%e7%82%b9%e5%95%a5/?replytocom=60#respond" "Mozilla/5.0 (Windows NT 6.1) AppleWebKit/537.36 (KHTML, like Gecko) Chrome/41.0.2272.101 Safari/537.36"
14.106.227.122 - - [04/Dec/2016:18:09:39 +0000] "POST /wp-comments-post.php HTTP/1.0" 500 3889 "http://nubi.me/2016/05/31/%e6%80%bb%e6%83%b3%e6%8a%98%e8%85%be%e7%82%b9%e5%95%a5/?replytocom=136#respond" "Mozilla/5.0 (Windows NT 6.3; WOW64; rv:36.0) Gecko/20100101 Firefox/36.0"
14.106.227.122 - - [04/Dec/2016:18:09:41 +0000] "POST /wp-comments-post.php HTTP/1.0" 500 3889 "http://nubi.me/2016/05/31/%e6%80%bb%e6%83%b3%e6%8a%98%e8%85%be%e7%82%b9%e5%95%a5/?replytocom=60#respond" "Mozilla/5.0 (Windows NT 6.1) AppleWebKit/537.36 (KHTML, like Gecko) Chrome/41.0.2272.101 Safari/537.36"
91.196.50.33 - - [04/Dec/2016:18:10:41 +0000] "GET http://testp3.pospr.waw.pl/testproxy.php HTTP/1.1" 301 367 "-" "Mozilla/5.0 (Windows NT 5.1; rv:32.0) Gecko/20100101 Firefox/31.0"
14.106.227.122 - - [04/Dec/2016:18:18:30 +0000] "GET /2016/05/31/%e6%80%bb%e6%83%b3%e6%8a%98%e8%85%be%e7%82%b9%e5%95%a5/ HTTP/1.0" 200 23472 "http://nubi.me/2016/05/31/%e6%80%bb%e6%83%b3%e6%8a%98%e8%85%be%e7%82%b9%e5%95%a5/#comment-8179" "Mozilla/5.0 (Windows NT 6.3; WOW64; rv:36.0) Gecko/20100101 Firefox/36.0"
14.106.227.122 - - [04/Dec/2016:18:18:32 +0000] "POST /wp-comments-post.php HTTP/1.0" 500 3889 "http://nubi.me/2016/05/31/%e6%80%bb%e6%83%b3%e6%8a%98%e8%85%be%e7%82%b9%e5%95%a5/#comment-8179" "Mozilla/5.0 (Windows NT 6.3; WOW64; rv:36.0) Gecko/20100101 Firefox/36.0"
14.106.227.122 - - [04/Dec/2016:18:18:32 +0000] "GET /2016/05/31/%e6%80%bb%e6%83%b3%e6%8a%98%e8%85%be%e7%82%b9%e5%95%a5/ HTTP/1.0" 200 23472 "http://nubi.me/2016/05/31/%e6%80%bb%e6%83%b3%e6%8a%98%e8%85%be%e7%82%b9%e5%95%a5/#comment-8179" "Mozilla/5.0 (Windows NT 6.3; WOW64; rv:36.0) Gecko/20100101 Firefox/36.0"
180.76.15.150 - - [04/Dec/2016:18:23:41 +0000] "GET / HTTP/1.1" 200 26663 "-" "Mozilla/5.0 (compatible; Baiduspider/2.0; +http://www.baidu.com/search/spider.html)"
180.76.15.6 - - [04/Dec/2016:18:24:05 +0000] "GET / HTTP/1.1" 200 26663 "-" "Mozilla/5.0 (compatible; Baiduspider/2.0; +http://www.baidu.com/search/spider.html)"
107.150.65.30 - - [04/Dec/2016:18:34:15 +0000] "GET /2016/05/16/linux%e4%b8%8brsync%e5%91%bd%e4%bb%a4%e8%af%a6%e7%bb%86%e6%95%b4%e7%90%86/ HTTP/1.0" 200 10016 "http://nubi.me/" "Mozilla/5.0 (Macintosh; Intel Mac OS X 10.10; rv:34.0) Gecko/20100101 Firefox/34.0"
107.150.65.30 - - [04/Dec/2016:18:34:16 +0000] "POST /xmlrpc.php HTTP/1.1" 200 433 "http://nubi.me/" "PHP/5.2.14"
168.1.99.208 - - [04/Dec/2016:18:35:43 +0000] "GET /2015/11/13/jhizdfncqhd/ HTTP/1.0" 200 7219 "http://nubi.me" "Mozilla/4.0 (compatible; MSIE 6.0; Windows NT 5.1; en) Opera 8.50"
168.1.99.208 - - [04/Dec/2016:18:35:44 +0000] "POST /wp-comments-post.php HTTP/1.0" 500 3889 "http://nubi.me" "Mozilla/4.0 (compatible; MSIE 6.0; Windows NT 5.1; en) Opera 8.50"
66.249.64.188 - - [04/Dec/2016:18:41:41 +0000] "GET /2016/06/ HTTP/1.1" 200 6512 "-" "Mozilla/5.0 (compatible; Googlebot/2.1; +http://www.google.com/bot.html)"
222.186.58.12 - - [04/Dec/2016:18:52:49 +0000] "GET /phpmyadmin HTTP/1.1" 404 10621 "http://54.169.53.17/phpmyadmin" "Mozilla/4.0 (compatible; MSIE 9.0; Windows NT 6.1)"
54.169.53.17 - - [04/Dec/2016:18:52:50 +0000] "POST /wp-cron.php?doing_wp_cron=1480877569.8609199523925781250000 HTTP/1.1" 200 187 "http://nubi.me/wp-cron.php?doing_wp_cron=1480877569.8609199523925781250000" "WordPress/4.6.1; http://nubi.me"
222.186.58.12 - - [04/Dec/2016:18:53:07 +0000] "GET /phpmyadmin HTTP/1.1" 404 10621 "http://54.169.53.17/phpmyadmin" "Mozilla/4.0 (compatible; MSIE 9.0; Windows NT 6.1)"
66.249.64.134 - - [04/Dec/2016:18:55:19 +0000] "GET /2016/05/ HTTP/1.1" 200 9001 "-" "Mozilla/5.0 (compatible; Googlebot/2.1; +http://www.google.com/bot.html)"
61.61.224.237 - - [04/Dec/2016:19:03:09 +0000] "GET / HTTP/1.0" 200 40541 "-" "Mozilla/5.0 (compatible; Googlebot/2.1; +http://www.google.com/bot.html)"
66.249.64.129 - - [04/Dec/2016:19:05:59 +0000] "GET /2016/08/04/ HTTP/1.1" 200 6859 "-" "Mozilla/5.0 (compatible; Googlebot/2.1; +http://www.google.com/bot.html)"
97.104.16.86 - - [04/Dec/2016:19:09:21 +0000] "POST /xmlrpc.php HTTP/1.1" 200 628 "-" "Mozilla/5.0 (Windows NT 6.1; WOW64; rv:40.0) Gecko/20100101 Firefox/40.1"
97.104.16.86 - - [04/Dec/2016:19:09:21 +0000] "GET /wp-login.php HTTP/1.1" 200 2685 "-" "Mozilla/5.0 (Windows NT 6.1; WOW64; rv:40.0) Gecko/20100101 Firefox/40.1"
97.104.16.86 - - [04/Dec/2016:19:09:22 +0000] "POST /wp-login.php HTTP/1.1" 200 3647 "-" "Mozilla/5.0 (Windows NT 6.1; WOW64; rv:40.0) Gecko/20100101 Firefox/40.1"
180.76.15.30 - - [04/Dec/2016:19:24:19 +0000] "GET / HTTP/1.1" 200 26663 "-" "Mozilla/5.0 (compatible; Baiduspider/2.0; +http://www.baidu.com/search/spider.html)"
180.76.15.19 - - [04/Dec/2016:19:24:40 +0000] "GET / HTTP/1.1" 200 26663 "-" "Mozilla/5.0 (compatible; Baiduspider/2.0; +http://www.baidu.com/search/spider.html)"
14.106.227.122 - - [04/Dec/2016:19:51:49 +0000] "GET /2016/05/31/%e6%80%bb%e6%83%b3%e6%8a%98%e8%85%be%e7%82%b9%e5%95%a5/ HTTP/1.0" 200 23517 "http://nubi.me/2016/05/31/%e6%80%bb%e6%83%b3%e6%8a%98%e8%85%be%e7%82%b9%e5%95%a5/#comment-7191" "Mozilla/5.0 (Windows NT 6.1; WOW64; rv:36.0) Gecko/20100101 Firefox/36.0"
14.106.227.122 - - [04/Dec/2016:19:51:50 +0000] "POST /wp-comments-post.php HTTP/1.0" 500 3889 "http://nubi.me/2016/05/31/%e6%80%bb%e6%83%b3%e6%8a%98%e8%85%be%e7%82%b9%e5%95%a5/#comment-7191" "Mozilla/5.0 (Windows NT 6.1; WOW64; rv:36.0) Gecko/20100101 Firefox/36.0"
14.106.227.122 - - [04/Dec/2016:19:51:53 +0000] "GET /2016/05/31/%e6%80%bb%e6%83%b3%e6%8a%98%e8%85%be%e7%82%b9%e5%95%a5/ HTTP/1.0" 200 23517 "http://nubi.me/2016/05/31/%e6%80%bb%e6%83%b3%e6%8a%98%e8%85%be%e7%82%b9%e5%95%a5/#comment-7191" "Mozilla/5.0 (Windows NT 6.3; WOW64; rv:36.0) Gecko/20100101 Firefox/36.0"
14.106.227.122 - - [04/Dec/2016:19:51:55 +0000] "POST /wp-comments-post.php HTTP/1.0" 500 3889 "http://nubi.me/2016/05/31/%e6%80%bb%e6%83%b3%e6%8a%98%e8%85%be%e7%82%b9%e5%95%a5/#comment-7191" "Mozilla/5.0 (Windows NT 6.3; WOW64; rv:36.0) Gecko/20100101 Firefox/36.0"
14.106.227.122 - - [04/Dec/2016:19:52:54 +0000] "GET /2016/05/31/%e6%80%bb%e6%83%b3%e6%8a%98%e8%85%be%e7%82%b9%e5%95%a5/ HTTP/1.0" 200 23517 "http://nubi.me/2016/05/31/%e6%80%bb%e6%83%b3%e6%8a%98%e8%85%be%e7%82%b9%e5%95%a5/#comment-7191" "Mozilla/5.0 (Windows NT 6.3; WOW64; rv:36.0) Gecko/20100101 Firefox/36.0"
14.106.227.122 - - [04/Dec/2016:19:52:55 +0000] "POST /wp-comments-post.php HTTP/1.0" 500 3889 "http://nubi.me/2016/05/31/%e6%80%bb%e6%83%b3%e6%8a%98%e8%85%be%e7%82%b9%e5%95%a5/#comment-7191" "Mozilla/5.0 (Windows NT 6.3; WOW64; rv:36.0) Gecko/20100101 Firefox/36.0"
14.106.227.122 - - [04/Dec/2016:19:52:58 +0000] "GET /2016/05/31/%e6%80%bb%e6%83%b3%e6%8a%98%e8%85%be%e7%82%b9%e5%95%a5/ HTTP/1.0" 200 23517 "http://nubi.me/2016/05/31/%e6%80%bb%e6%83%b3%e6%8a%98%e8%85%be%e7%82%b9%e5%95%a5/#comment-7191" "Mozilla/5.0 (Windows NT 6.3; WOW64; rv:36.0) Gecko/20100101 Firefox/36.0"
77.75.126.223 - - [04/Dec/2016:19:53:30 +0000] "GET /2015/10/06/hello-world/ HTTP/1.1" 200 7514 "http://nubi.me" "Mozilla/4.0 (compatible; MSIE 6.0; Windows NT 5.1; en) Opera 8.50"
77.75.126.223 - - [04/Dec/2016:19:53:31 +0000] "POST /wp-comments-post.php HTTP/1.1" 500 3889 "http://nubi.me" "Mozilla/4.0 (compatible; MSIE 6.0; Windows NT 5.1; en) Opera 8.50"
62.210.111.86 - - [04/Dec/2016:20:03:57 +0000] "GET /2015/10/06/hello-world/ HTTP/1.0" 200 7532 "http://nubi.me/2015/10/06/hello-world/" "Mozilla/5.0 (Windows; U; Windows NT 5.1; de; rv:1.9.1.3) Gecko/20090824 Firefox/3.5.3 (.NET CLR 3.5.30729)"
62.210.111.86 - - [04/Dec/2016:20:03:58 +0000] "POST /wp-comments-post.php HTTP/1.0" 500 3889 "http://nubi.me" "Mozilla/5.0 (Windows; U; Windows NT 5.1; de; rv:1.9.1.3) Gecko/20090824 Firefox/3.5.3 (.NET CLR 3.5.30729)"
14.106.227.122 - - [04/Dec/2016:20:09:14 +0000] "GET /2016/05/31/%e6%80%bb%e6%83%b3%e6%8a%98%e8%85%be%e7%82%b9%e5%95%a5/ HTTP/1.0" 200 23517 "http://nubi.me/2016/05/31/%e6%80%bb%e6%83%b3%e6%8a%98%e8%85%be%e7%82%b9%e5%95%a5/#comment-7286" "Mozilla/5.0 (Windows NT 6.1) AppleWebKit/537.36 (KHTML, like Gecko) Chrome/41.0.2272.101 Safari/537.36"
14.106.227.122 - - [04/Dec/2016:20:09:14 +0000] "GET /2016/05/31/%e6%80%bb%e6%83%b3%e6%8a%98%e8%85%be%e7%82%b9%e5%95%a5/?replytocom=136 HTTP/1.0" 200 23578 "http://nubi.me/2016/05/31/%e6%80%bb%e6%83%b3%e6%8a%98%e8%85%be%e7%82%b9%e5%95%a5/?replytocom=136#respond" "Mozilla/5.0 (Windows NT 6.1; WOW64; rv:36.0) Gecko/20100101 Firefox/36.0"
14.106.227.122 - - [04/Dec/2016:20:09:14 +0000] "GET /2016/05/31/%e6%80%bb%e6%83%b3%e6%8a%98%e8%85%be%e7%82%b9%e5%95%a5/ HTTP/1.0" 200 23517 "http://nubi.me/2016/05/31/%e6%80%bb%e6%83%b3%e6%8a%98%e8%85%be%e7%82%b9%e5%95%a5/#comment-7286" "Mozilla/5.0 (Windows NT 6.3; WOW64; rv:36.0) Gecko/20100101 Firefox/36.0"
14.106.227.122 - - [04/Dec/2016:20:09:14 +0000] "GET /2016/05/31/%e6%80%bb%e6%83%b3%e6%8a%98%e8%85%be%e7%82%b9%e5%95%a5/?replytocom=60 HTTP/1.0" 200 23577 "http://nubi.me/2016/05/31/%e6%80%bb%e6%83%b3%e6%8a%98%e8%85%be%e7%82%b9%e5%95%a5/?replytocom=60#respond" "Mozilla/5.0 (Windows NT 6.1; WOW64) AppleWebKit/537.36 (KHTML, like Gecko) Chrome/41.0.2272.89 Safari/537.36 OPR/28.0.1750.48"
14.106.227.122 - - [04/Dec/2016:20:09:15 +0000] "GET /2016/05/31/%e6%80%bb%e6%83%b3%e6%8a%98%e8%85%be%e7%82%b9%e5%95%a5/?replytocom=155 HTTP/1.0" 200 23578 "http://nubi.me/2016/05/31/%e6%80%bb%e6%83%b3%e6%8a%98%e8%85%be%e7%82%b9%e5%95%a5/?replytocom=155#respond" "Mozilla/5.0 (Windows NT 6.3; WOW64) AppleWebKit/537.36 (KHTML, like Gecko) Chrome/41.0.2272.101 Safari/537.36"
14.106.227.122 - - [04/Dec/2016:20:09:15 +0000] "GET /2016/05/31/%e6%80%bb%e6%83%b3%e6%8a%98%e8%85%be%e7%82%b9%e5%95%a5/?replytocom=155 HTTP/1.0" 200 23578 "http://nubi.me/2016/05/31/%e6%80%bb%e6%83%b3%e6%8a%98%e8%85%be%e7%82%b9%e5%95%a5/?replytocom=155#respond" "Mozilla/5.0 (Windows NT 6.1) AppleWebKit/537.36 (KHTML, like Gecko) Chrome/41.0.2272.101 Safari/537.36"
14.106.227.122 - - [04/Dec/2016:20:09:15 +0000] "GET /2016/05/31/%e6%80%bb%e6%83%b3%e6%8a%98%e8%85%be%e7%82%b9%e5%95%a5/?replytocom=136 HTTP/1.0" 200 23578 "http://nubi.me/2016/05/31/%e6%80%bb%e6%83%b3%e6%8a%98%e8%85%be%e7%82%b9%e5%95%a5/?replytocom=136#respond" "Mozilla/5.0 (Windows NT 6.1; WOW64) AppleWebKit/537.36 (KHTML, like Gecko) Chrome/41.0.2272.89 Safari/537.36 OPR/28.0.1750.48"
14.106.227.122 - - [04/Dec/2016:20:09:15 +0000] "GET /2016/05/31/%e6%80%bb%e6%83%b3%e6%8a%98%e8%85%be%e7%82%b9%e5%95%a5/?replytocom=60 HTTP/1.0" 200 23577 "http://nubi.me/2016/05/31/%e6%80%bb%e6%83%b3%e6%8a%98%e8%85%be%e7%82%b9%e5%95%a5/?replytocom=60#respond" "Mozilla/5.0 (Windows NT 5.1) AppleWebKit/537.36 (KHTML, like Gecko) Chrome/40.0.2214.115 YaBrowser/15.2.2214.3645 Safari/537.36"
14.106.227.122 - - [04/Dec/2016:20:09:15 +0000] "POST /wp-comments-post.php HTTP/1.0" 500 3889 "http://nubi.me/2016/05/31/%e6%80%bb%e6%83%b3%e6%8a%98%e8%85%be%e7%82%b9%e5%95%a5/?replytocom=136#respond" "Mozilla/5.0 (Windows NT 6.1; WOW64; rv:36.0) Gecko/20100101 Firefox/36.0"
14.106.227.122 - - [04/Dec/2016:20:09:16 +0000] "POST /wp-comments-post.php HTTP/1.0" 500 3889 "http://nubi.me/2016/05/31/%e6%80%bb%e6%83%b3%e6%8a%98%e8%85%be%e7%82%b9%e5%95%a5/?replytocom=155#respond" "Mozilla/5.0 (Windows NT 6.1) AppleWebKit/537.36 (KHTML, like Gecko) Chrome/41.0.2272.101 Safari/537.36"
14.106.227.122 - - [04/Dec/2016:20:09:15 +0000] "POST /wp-comments-post.php HTTP/1.0" 500 3889 "http://nubi.me/2016/05/31/%e6%80%bb%e6%83%b3%e6%8a%98%e8%85%be%e7%82%b9%e5%95%a5/#comment-7286" "Mozilla/5.0 (Windows NT 6.3; WOW64; rv:36.0) Gecko/20100101 Firefox/36.0"
14.106.227.122 - - [04/Dec/2016:20:09:17 +0000] "POST /wp-comments-post.php HTTP/1.0" 500 3889 "http://nubi.me/2016/05/31/%e6%80%bb%e6%83%b3%e6%8a%98%e8%85%be%e7%82%b9%e5%95%a5/?replytocom=60#respond" "Mozilla/5.0 (Windows NT 5.1) AppleWebKit/537.36 (KHTML, like Gecko) Chrome/40.0.2214.115 YaBrowser/15.2.2214.3645 Safari/537.36"
14.106.227.122 - - [04/Dec/2016:20:09:16 +0000] "POST /wp-comments-post.php HTTP/1.0" 500 3889 "http://nubi.me/2016/05/31/%e6%80%bb%e6%83%b3%e6%8a%98%e8%85%be%e7%82%b9%e5%95%a5/?replytocom=136#respond" "Mozilla/5.0 (Windows NT 6.1; WOW64) AppleWebKit/537.36 (KHTML, like Gecko) Chrome/41.0.2272.89 Safari/537.36 OPR/28.0.1750.48"
14.106.227.122 - - [04/Dec/2016:20:09:19 +0000] "POST /wp-comments-post.php HTTP/1.0" 500 3889 "http://nubi.me/2016/05/31/%e6%80%bb%e6%83%b3%e6%8a%98%e8%85%be%e7%82%b9%e5%95%a5/?replytocom=155#respond" "Mozilla/5.0 (Windows NT 6.3; WOW64) AppleWebKit/537.36 (KHTML, like Gecko) Chrome/41.0.2272.101 Safari/537.36"
::1 - - [04/Dec/2016:20:09:20 +0000] "OPTIONS * HTTP/1.0" 200 125 "-" "Apache/2.4.7 (Ubuntu) PHP/5.5.9-1ubuntu4.19 (internal dummy connection)"
14.106.227.122 - - [04/Dec/2016:20:09:15 +0000] "POST /wp-comments-post.php HTTP/1.0" 500 3889 "http://nubi.me/2016/05/31/%e6%80%bb%e6%83%b3%e6%8a%98%e8%85%be%e7%82%b9%e5%95%a5/#comment-7286" "Mozilla/5.0 (Windows NT 6.1) AppleWebKit/537.36 (KHTML, like Gecko) Chrome/41.0.2272.101 Safari/537.36"
::1 - - [04/Dec/2016:20:09:27 +0000] "OPTIONS * HTTP/1.0" 200 125 "-" "Apache/2.4.7 (Ubuntu) PHP/5.5.9-1ubuntu4.19 (internal dummy connection)"
14.106.227.122 - - [04/Dec/2016:20:09:30 +0000] "POST /wp-comments-post.php HTTP/1.0" 500 3889 "http://nubi.me/2016/05/31/%e6%80%bb%e6%83%b3%e6%8a%98%e8%85%be%e7%82%b9%e5%95%a5/?replytocom=60#respond" "Mozilla/5.0 (Windows NT 6.1; WOW64) AppleWebKit/537.36 (KHTML, like Gecko) Chrome/41.0.2272.89 Safari/537.36 OPR/28.0.1750.48"
::1 - - [04/Dec/2016:20:09:32 +0000] "OPTIONS * HTTP/1.0" 200 125 "-" "Apache/2.4.7 (Ubuntu) PHP/5.5.9-1ubuntu4.19 (internal dummy connection)"
14.106.227.122 - - [04/Dec/2016:20:10:17 +0000] "GET /2016/05/31/%e6%80%bb%e6%83%b3%e6%8a%98%e8%85%be%e7%82%b9%e5%95%a5/?replytocom=155 HTTP/1.0" 200 23578 "http://nubi.me/2016/05/31/%e6%80%bb%e6%83%b3%e6%8a%98%e8%85%be%e7%82%b9%e5%95%a5/?replytocom=155#respond" "Mozilla/5.0 (Windows NT 6.1) AppleWebKit/537.36 (KHTML, like Gecko) Chrome/41.0.2272.89 Safari/537.36 OPR/28.0.1750.48"
14.106.227.122 - - [04/Dec/2016:20:10:17 +0000] "GET /2016/05/31/%e6%80%bb%e6%83%b3%e6%8a%98%e8%85%be%e7%82%b9%e5%95%a5/ HTTP/1.0" 200 23517 "http://nubi.me/2016/05/31/%e6%80%bb%e6%83%b3%e6%8a%98%e8%85%be%e7%82%b9%e5%95%a5/#comment-7286" "Mozilla/5.0 (Windows NT 6.1; rv:37.0) Gecko/20100101 Firefox/37.0"
14.106.227.122 - - [04/Dec/2016:20:10:17 +0000] "GET /2016/05/31/%e6%80%bb%e6%83%b3%e6%8a%98%e8%85%be%e7%82%b9%e5%95%a5/?replytocom=136 HTTP/1.0" 200 23578 "http://nubi.me/2016/05/31/%e6%80%bb%e6%83%b3%e6%8a%98%e8%85%be%e7%82%b9%e5%95%a5/?replytocom=136#respond" "Mozilla/5.0 (Windows NT 6.3; WOW64; rv:36.0) Gecko/20100101 Firefox/36.0"
14.106.227.122 - - [04/Dec/2016:20:10:18 +0000] "GET /2016/05/31/%e6%80%bb%e6%83%b3%e6%8a%98%e8%85%be%e7%82%b9%e5%95%a5/?replytocom=60 HTTP/1.0" 200 23577 "http://nubi.me/2016/05/31/%e6%80%bb%e6%83%b3%e6%8a%98%e8%85%be%e7%82%b9%e5%95%a5/?replytocom=60#respond" "Mozilla/5.0 (Windows NT 6.1; rv:37.0) Gecko/20100101 Firefox/37.0"
14.106.227.122 - - [04/Dec/2016:20:10:18 +0000] "POST /wp-comments-post.php HTTP/1.0" 500 3889 "http://nubi.me/2016/05/31/%e6%80%bb%e6%83%b3%e6%8a%98%e8%85%be%e7%82%b9%e5%95%a5/#comment-7286" "Mozilla/5.0 (Windows NT 6.1; rv:37.0) Gecko/20100101 Firefox/37.0"
14.106.227.122 - - [04/Dec/2016:20:10:18 +0000] "POST /wp-comments-post.php HTTP/1.0" 500 3889 "http://nubi.me/2016/05/31/%e6%80%bb%e6%83%b3%e6%8a%98%e8%85%be%e7%82%b9%e5%95%a5/?replytocom=155#respond" "Mozilla/5.0 (Windows NT 6.1) AppleWebKit/537.36 (KHTML, like Gecko) Chrome/41.0.2272.89 Safari/537.36 OPR/28.0.1750.48"
14.106.227.122 - - [04/Dec/2016:20:10:19 +0000] "GET /2016/05/31/%e6%80%bb%e6%83%b3%e6%8a%98%e8%85%be%e7%82%b9%e5%95%a5/ HTTP/1.0" 200 23517 "http://nubi.me/2016/05/31/%e6%80%bb%e6%83%b3%e6%8a%98%e8%85%be%e7%82%b9%e5%95%a5/#comment-7286" "Mozilla/5.0 (Windows NT 6.1; rv:37.0) Gecko/20100101 Firefox/37.0"
14.106.227.122 - - [04/Dec/2016:20:10:19 +0000] "GET /2016/05/31/%e6%80%bb%e6%83%b3%e6%8a%98%e8%85%be%e7%82%b9%e5%95%a5/?replytocom=155 HTTP/1.0" 200 23578 "http://nubi.me/2016/05/31/%e6%80%bb%e6%83%b3%e6%8a%98%e8%85%be%e7%82%b9%e5%95%a5/?replytocom=155#respond" "Mozilla/5.0 (Windows NT 6.1) AppleWebKit/537.36 (KHTML, like Gecko) Chrome/41.0.2272.89 Safari/537.36 OPR/28.0.1750.48"
14.106.227.122 - - [04/Dec/2016:20:10:19 +0000] "POST /wp-comments-post.php HTTP/1.0" 500 3889 "http://nubi.me/2016/05/31/%e6%80%bb%e6%83%b3%e6%8a%98%e8%85%be%e7%82%b9%e5%95%a5/?replytocom=60#respond" "Mozilla/5.0 (Windows NT 6.1; rv:37.0) Gecko/20100101 Firefox/37.0"
14.106.227.122 - - [04/Dec/2016:20:10:20 +0000] "GET /2016/05/31/%e6%80%bb%e6%83%b3%e6%8a%98%e8%85%be%e7%82%b9%e5%95%a5/?replytocom=60 HTTP/1.0" 200 23577 "http://nubi.me/2016/05/31/%e6%80%bb%e6%83%b3%e6%8a%98%e8%85%be%e7%82%b9%e5%95%a5/?replytocom=60#respond" "Mozilla/5.0 (Windows NT 6.1; rv:37.0) Gecko/20100101 Firefox/37.0"
14.106.227.122 - - [04/Dec/2016:20:10:19 +0000] "POST /wp-comments-post.php HTTP/1.0" 500 3889 "http://nubi.me/2016/05/31/%e6%80%bb%e6%83%b3%e6%8a%98%e8%85%be%e7%82%b9%e5%95%a5/?replytocom=136#respond" "Mozilla/5.0 (Windows NT 6.3; WOW64; rv:36.0) Gecko/20100101 Firefox/36.0"
::1 - - [04/Dec/2016:20:10:22 +0000] "OPTIONS * HTTP/1.0" 200 125 "-" "Apache/2.4.7 (Ubuntu) PHP/5.5.9-1ubuntu4.19 (internal dummy connection)"
14.106.227.122 - - [04/Dec/2016:20:10:22 +0000] "GET /2016/05/31/%e6%80%bb%e6%83%b3%e6%8a%98%e8%85%be%e7%82%b9%e5%95%a5/?replytocom=136 HTTP/1.0" 200 23578 "http://nubi.me/2016/05/31/%e6%80%bb%e6%83%b3%e6%8a%98%e8%85%be%e7%82%b9%e5%95%a5/?replytocom=136#respond" "Mozilla/5.0 (Windows NT 6.3; WOW64; rv:36.0) Gecko/20100101 Firefox/36.0"
198.23.154.186 - - [04/Dec/2016:20:20:10 +0000] "GET /2016/05/16/linux%e4%b8%8brsync%e5%91%bd%e4%bb%a4%e8%af%a6%e7%bb%86%e6%95%b4%e7%90%86/ HTTP/1.1" 200 9996 "http://nubi.me/" "Mozilla/5.0 (Macintosh; Intel Mac OS X 10.10; rv:34.0) Gecko/20100101 Firefox/34.0"
198.23.154.186 - - [04/Dec/2016:20:20:11 +0000] "GET /wp-login.php?action=register HTTP/1.1" 200 1503 "http://nubi.me/" "Opera/9.80 (Windows NT 6.2; Win64; x64) Presto/2.12.388 Version/12.17"
198.23.154.186 - - [04/Dec/2016:20:20:11 +0000] "GET /wp-login.php?action=register HTTP/1.1" 200 1503 "http://nubi.me/wp-login.php?action=register" "Opera/9.80 (Windows NT 6.2; Win64; x64) Presto/2.12.388 Version/12.17"
198.23.154.186 - - [04/Dec/2016:20:20:17 +0000] "POST /wp-login.php?action=register HTTP/1.1" 302 413 "http://nubi.me/wp-login.php?action=register" "Opera/9.80 (Windows NT 6.2; Win64; x64) Presto/2.12.388 Version/12.17"
198.23.154.186 - - [04/Dec/2016:20:20:18 +0000] "GET /wp-login.php?checkemail=registered HTTP/1.1" 200 1610 "http://nubi.me/wp-login.php?action=register" "Opera/9.80 (Windows NT 6.2; Win64; x64) Presto/2.12.388 Version/12.17"
66.249.71.4 - - [04/Dec/2016:20:21:46 +0000] "GET /2015/11/09/ HTTP/1.1" 200 6353 "-" "Mozilla/5.0 (compatible; Googlebot/2.1; +http://www.google.com/bot.html)"
180.76.15.157 - - [04/Dec/2016:20:23:28 +0000] "GET / HTTP/1.1" 200 26663 "-" "Mozilla/5.0 (compatible; Baiduspider/2.0; +http://www.baidu.com/search/spider.html)"
180.76.15.20 - - [04/Dec/2016:20:23:49 +0000] "GET / HTTP/1.1" 200 26663 "-" "Mozilla/5.0 (compatible; Baiduspider/2.0; +http://www.baidu.com/search/spider.html)"
104.202.239.107 - - [04/Dec/2016:20:29:20 +0000] "GET /2016/08/03/ubuntu16-04-php7-0%E7%8E%AF%E5%A2%83%E6%90%AD%E5%BB%BA/ HTTP/1.0" 200 7287 "http://nubi.me/" "Mozilla/5.0 (Macintosh; Intel Mac OS X 10.10; rv:34.0) Gecko/20100101 Firefox/34.0"
104.202.239.107 - - [04/Dec/2016:20:29:21 +0000] "POST /xmlrpc.php HTTP/1.1" 200 433 "http://nubi.me/" "PHP/5.2.53"
160.176.168.116 - - [04/Dec/2016:20:36:44 +0000] "POST /xmlrpc.php HTTP/1.1" 200 628 "-" "Mozilla/5.0 (Windows NT 6.1; WOW64; rv:40.0) Gecko/20100101 Firefox/40.1"
160.176.168.116 - - [04/Dec/2016:20:36:45 +0000] "GET /wp-login.php HTTP/1.1" 200 2685 "-" "Mozilla/5.0 (Windows NT 6.1; WOW64; rv:40.0) Gecko/20100101 Firefox/40.1"
160.176.168.116 - - [04/Dec/2016:20:36:45 +0000] "POST /wp-login.php HTTP/1.1" 200 3647 "-" "Mozilla/5.0 (Windows NT 6.1; WOW64; rv:40.0) Gecko/20100101 Firefox/40.1"
66.249.64.134 - - [04/Dec/2016:20:44:38 +0000] "GET /wp-content/plugins/wp-fancy-captcha/captcha/imgs/item-none.png HTTP/1.1" 200 2546 "-" "Googlebot-Image/1.0"
104.202.144.80 - - [04/Dec/2016:20:51:08 +0000] "GET /2015/10/06/hello-world/ HTTP/1.0" 200 7534 "http://nubi.me/" "Mozilla/5.0 (Macintosh; Intel Mac OS X 10.10; rv:34.0) Gecko/20100101 Firefox/34.0"
68.180.230.47 - - [04/Dec/2016:20:51:11 +0000] "GET /robots.txt HTTP/1.1" 200 311 "-" "Mozilla/5.0 (compatible; Yahoo! Slurp; http://help.yahoo.com/help/us/ysearch/slurp)"
104.202.144.80 - - [04/Dec/2016:20:51:09 +0000] "POST /xmlrpc.php HTTP/1.1" 200 433 "http://nubi.me/" "PHP/5.3.72"
68.180.230.47 - - [04/Dec/2016:20:51:12 +0000] "GET /2015/11/ HTTP/1.1" 200 6770 "-" "Mozilla/5.0 (compatible; Yahoo! Slurp; http://help.yahoo.com/help/us/ysearch/slurp)"
173.232.14.126 - - [04/Dec/2016:20:53:05 +0000] "GET /2016/05/31/%E6%80%BB%E6%83%B3%E6%8A%98%E8%85%BE%E7%82%B9%E5%95%A5/ HTTP/1.1" 200 7767 "http://nubi.me" "Mozilla/4.0 (compatible; MSIE 6.0; Windows NT 5.1; en) Opera 8.50"
173.232.14.126 - - [04/Dec/2016:20:53:06 +0000] "POST /wp-comments-post.php HTTP/1.1" 500 3889 "http://nubi.me" "Mozilla/4.0 (compatible; MSIE 6.0; Windows NT 5.1; en) Opera 8.50"
66.249.64.134 - - [04/Dec/2016:21:04:21 +0000] "GET /2016/07/26/%E9%80%9A%E8%BF%87amazon-ec2%E5%BB%BA%E7%AB%8B%E8%87%AA%E5%B7%B1%E7%9A%84pptp-vpn%E6%9C%8D%E5%8A%A1%E5%99%A8/ HTTP/1.1" 200 9213 "-" "Mozilla/5.0 (compatible; Googlebot/2.1; +http://www.google.com/bot.html)"
14.106.227.122 - - [04/Dec/2016:21:06:29 +0000] "GET /2016/05/31/%e6%80%bb%e6%83%b3%e6%8a%98%e8%85%be%e7%82%b9%e5%95%a5/ HTTP/1.0" 200 23517 "http://nubi.me/2016/05/31/%e6%80%bb%e6%83%b3%e6%8a%98%e8%85%be%e7%82%b9%e5%95%a5/#comment-8179" "Mozilla/5.0 (Windows NT 6.2; WOW64) AppleWebKit/537.36 (KHTML, like Gecko) Chrome/41.0.2272.101 Safari/537.36"
14.106.227.122 - - [04/Dec/2016:21:06:31 +0000] "POST /wp-comments-post.php HTTP/1.0" 500 3889 "http://nubi.me/2016/05/31/%e6%80%bb%e6%83%b3%e6%8a%98%e8%85%be%e7%82%b9%e5%95%a5/#comment-8179" "Mozilla/5.0 (Windows NT 6.2; WOW64) AppleWebKit/537.36 (KHTML, like Gecko) Chrome/41.0.2272.101 Safari/537.36"
14.106.227.122 - - [04/Dec/2016:21:06:33 +0000] "GET /2016/05/31/%e6%80%bb%e6%83%b3%e6%8a%98%e8%85%be%e7%82%b9%e5%95%a5/ HTTP/1.0" 200 23517 "http://nubi.me/2016/05/31/%e6%80%bb%e6%83%b3%e6%8a%98%e8%85%be%e7%82%b9%e5%95%a5/#comment-8179" "Mozilla/5.0 (Windows NT 6.1) AppleWebKit/537.36 (KHTML, like Gecko) Chrome/41.0.2272.101 Safari/537.36"
14.106.227.122 - - [04/Dec/2016:21:06:37 +0000] "POST /wp-comments-post.php HTTP/1.0" 500 3889 "http://nubi.me/2016/05/31/%e6%80%bb%e6%83%b3%e6%8a%98%e8%85%be%e7%82%b9%e5%95%a5/#comment-8179" "Mozilla/5.0 (Windows NT 6.1) AppleWebKit/537.36 (KHTML, like Gecko) Chrome/41.0.2272.101 Safari/537.36"
178.215.112.250 - - [04/Dec/2016:21:08:00 +0000] "GET / HTTP/1.1" 200 40595 "-" "curl/7.17.1 (mips-unknown-linux-gnu) libcurl/7.17.1 OpenSSL/0.9.8i zlib/1.2.3"
14.106.227.122 - - [04/Dec/2016:21:08:32 +0000] "GET /2016/05/31/%e6%80%bb%e6%83%b3%e6%8a%98%e8%85%be%e7%82%b9%e5%95%a5/ HTTP/1.0" 200 23517 "http://nubi.me/2016/05/31/%e6%80%bb%e6%83%b3%e6%8a%98%e8%85%be%e7%82%b9%e5%95%a5/#comment-8179" "Mozilla/5.0 (Windows NT 6.1) AppleWebKit/537.36 (KHTML, like Gecko) Chrome/41.0.2272.89 Safari/537.36 OPR/28.0.1750.48"
14.106.227.122 - - [04/Dec/2016:21:08:35 +0000] "POST /wp-comments-post.php HTTP/1.0" 500 3889 "http://nubi.me/2016/05/31/%e6%80%bb%e6%83%b3%e6%8a%98%e8%85%be%e7%82%b9%e5%95%a5/#comment-8179" "Mozilla/5.0 (Windows NT 6.1) AppleWebKit/537.36 (KHTML, like Gecko) Chrome/41.0.2272.89 Safari/537.36 OPR/28.0.1750.48"
14.106.227.122 - - [04/Dec/2016:21:08:40 +0000] "GET /2016/05/31/%e6%80%bb%e6%83%b3%e6%8a%98%e8%85%be%e7%82%b9%e5%95%a5/ HTTP/1.0" 200 23517 "http://nubi.me/2016/05/31/%e6%80%bb%e6%83%b3%e6%8a%98%e8%85%be%e7%82%b9%e5%95%a5/#comment-8179" "Mozilla/5.0 (Windows NT 6.1) AppleWebKit/537.36 (KHTML, like Gecko) Chrome/41.0.2272.89 Safari/537.36 OPR/28.0.1750.48"
66.249.64.134 - - [04/Dec/2016:21:15:42 +0000] "GET /2016/10/12/ HTTP/1.1" 200 6829 "-" "Mozilla/5.0 (Linux; Android 6.0.1; Nexus 5X Build/MMB29P) AppleWebKit/537.36 (KHTML, like Gecko) Chrome/41.0.2272.96 Mobile Safari/537.36 (compatible; Googlebot/2.1; +http://www.google.com/bot.html)"
40.77.167.5 - - [04/Dec/2016:21:16:00 +0000] "GET /2015/11/06/ HTTP/1.1" 200 6309 "-" "Mozilla/5.0 (iPhone; CPU iPhone OS 7_0 like Mac OS X) AppleWebKit/537.51.1 (KHTML, like Gecko) Version/7.0 Mobile/11A465 Safari/9537.53 (compatible; bingbot/2.0; +http://www.bing.com/bingbot.htm)"
14.106.227.122 - - [04/Dec/2016:21:19:19 +0000] "GET /2016/05/31/%e6%80%bb%e6%83%b3%e6%8a%98%e8%85%be%e7%82%b9%e5%95%a5/ HTTP/1.0" 200 23517 "http://nubi.me/2016/05/31/%e6%80%bb%e6%83%b3%e6%8a%98%e8%85%be%e7%82%b9%e5%95%a5/#comment-8332" "Mozilla/5.0 (Windows NT 6.1; rv:37.0) Gecko/20100101 Firefox/37.0"
14.106.227.122 - - [04/Dec/2016:21:19:20 +0000] "GET /2016/05/31/%e6%80%bb%e6%83%b3%e6%8a%98%e8%85%be%e7%82%b9%e5%95%a5/ HTTP/1.0" 200 23517 "http://nubi.me/2016/05/31/%e6%80%bb%e6%83%b3%e6%8a%98%e8%85%be%e7%82%b9%e5%95%a5/#comment-8333" "Mozilla/5.0 (Windows NT 6.1; WOW64; rv:36.0) Gecko/20100101 Firefox/36.0"
14.106.227.122 - - [04/Dec/2016:21:19:20 +0000] "GET /2016/05/31/%e6%80%bb%e6%83%b3%e6%8a%98%e8%85%be%e7%82%b9%e5%95%a5/?replytocom=155 HTTP/1.0" 200 23578 "http://nubi.me/2016/05/31/%e6%80%bb%e6%83%b3%e6%8a%98%e8%85%be%e7%82%b9%e5%95%a5/?replytocom=155#respond" "Mozilla/5.0 (Windows NT 5.1) AppleWebKit/537.36 (KHTML, like Gecko) Chrome/40.0.2214.115 YaBrowser/15.2.2214.3645 Safari/537.36"
14.106.227.122 - - [04/Dec/2016:21:19:20 +0000] "GET /2016/05/31/%e6%80%bb%e6%83%b3%e6%8a%98%e8%85%be%e7%82%b9%e5%95%a5/?replytocom=136 HTTP/1.0" 200 23578 "http://nubi.me/2016/05/31/%e6%80%bb%e6%83%b3%e6%8a%98%e8%85%be%e7%82%b9%e5%95%a5/?replytocom=136#respond" "Mozilla/5.0 (Windows NT 6.3; WOW64) AppleWebKit/537.36 (KHTML, like Gecko) Chrome/41.0.2272.101 Safari/537.36"
14.106.227.122 - - [04/Dec/2016:21:19:20 +0000] "GET /2016/05/31/%e6%80%bb%e6%83%b3%e6%8a%98%e8%85%be%e7%82%b9%e5%95%a5/ HTTP/1.0" 200 23517 "http://nubi.me/2016/05/31/%e6%80%bb%e6%83%b3%e6%8a%98%e8%85%be%e7%82%b9%e5%95%a5/#comment-8332" "Mozilla/5.0 (Windows NT 6.1) AppleWebKit/537.36 (KHTML, like Gecko) Chrome/41.0.2272.101 Safari/537.36"
